Archive member included to satisfy reference by file (symbol)

.\CortexM3\ARM_GCC_541\Debug\Design01.a(TIMER.o)
                              .\CortexM3\ARM_GCC_541\Debug\main.o (TIMER_ReadStatusRegister)
.\CortexM3\ARM_GCC_541\Debug\Design01.a(PWM.o)
                              .\CortexM3\ARM_GCC_541\Debug\main.o (PWM_WriteCompare)
.\CortexM3\ARM_GCC_541\Debug\Design01.a(HE_ISR.o)
                              .\CortexM3\ARM_GCC_541\Debug\main.o (HE_ISR_SetVector)
.\CortexM3\ARM_GCC_541\Debug\Design01.a(UART.o)
                              .\CortexM3\ARM_GCC_541\Debug\main.o (UART_Start)
.\CortexM3\ARM_GCC_541\Debug\Design01.a(SERVO_PWM.o)
                              .\CortexM3\ARM_GCC_541\Debug\main.o (SERVO_PWM_WriteCompare)
.\CortexM3\ARM_GCC_541\Debug\Design01.a(UART_IntClock.o)
                              .\CortexM3\ARM_GCC_541\Debug\Design01.a(UART.o) (UART_IntClock_Start)
.\CortexM3\ARM_GCC_541\Debug\Design01.a(CyLib.o)
                              .\CortexM3\ARM_GCC_541\Debug\Cm3Start.o (CyHalt)
.\CortexM3\ARM_GCC_541\Debug\Design01.a(cyPm.o)
                              .\CortexM3\ARM_GCC_541\Debug\Design01.a(CyLib.o) (CyPmReadStatus)
.\CortexM3\ARM_GCC_541\Debug\Design01.a(COMP.o)
                              .\CortexM3\ARM_GCC_541\Debug\main.o (COMP_Start)
.\CortexM3\ARM_GCC_541\Debug\Design01.a(VDAC.o)
                              .\CortexM3\ARM_GCC_541\Debug\main.o (VDAC_Start)
.\CortexM3\ARM_GCC_541\Debug\Design01.a(INT_SAMPLE.o)
                              .\CortexM3\ARM_GCC_541\Debug\main.o (INT_SAMPLE_SetVector)
.\CortexM3\ARM_GCC_541\Debug\Design01.a(VID_TIMER.o)
                              .\CortexM3\ARM_GCC_541\Debug\main.o (VID_TIMER_ReadCapture)
.\CortexM3\ARM_GCC_541\Debug\Design01.a(CyBootAsmGnu.o)
                              .\CortexM3\ARM_GCC_541\Debug\cyfitter_cfg.o (CyDelayCycles)
.\CortexM3\ARM_GCC_541\Debug\Design01.a(CyFlash.o)
                              .\CortexM3\ARM_GCC_541\Debug\Design01.a(cyPm.o) (CyFlash_SetWaitCycles)
.\CortexM3\ARM_GCC_541\Debug\Design01.a(CySpc.o)
                              .\CortexM3\ARM_GCC_541\Debug\Design01.a(CyFlash.o) (CySpcStart)
c:/program files (x86)/cypress/psoc creator/4.4/psoc creator/import/gnu/arm/5.4.1/bin/../lib/gcc/arm-none-eabi/5.4.1/armv7-m\libgcc.a(_arm_addsubdf3.o)
                              .\CortexM3\ARM_GCC_541\Debug\main.o (__aeabi_dsub)
c:/program files (x86)/cypress/psoc creator/4.4/psoc creator/import/gnu/arm/5.4.1/bin/../lib/gcc/arm-none-eabi/5.4.1/armv7-m\libgcc.a(_arm_muldivdf3.o)
                              .\CortexM3\ARM_GCC_541\Debug\main.o (__aeabi_dmul)
c:/program files (x86)/cypress/psoc creator/4.4/psoc creator/import/gnu/arm/5.4.1/bin/../lib/gcc/arm-none-eabi/5.4.1/armv7-m\libgcc.a(_arm_cmpdf2.o)
                              .\CortexM3\ARM_GCC_541\Debug\main.o (__aeabi_dcmplt)
c:/program files (x86)/cypress/psoc creator/4.4/psoc creator/import/gnu/arm/5.4.1/bin/../lib/gcc/arm-none-eabi/5.4.1/armv7-m\libgcc.a(_arm_fixunsdfsi.o)
                              .\CortexM3\ARM_GCC_541\Debug\main.o (__aeabi_d2uiz)
c:/program files (x86)/cypress/psoc creator/4.4/psoc creator/import/gnu/arm/5.4.1/bin/../lib/gcc/arm-none-eabi/5.4.1/../../../../arm-none-eabi/lib/armv7-m\libg_nano.a(lib_a-errno.o)
                              .\CortexM3\ARM_GCC_541\Debug\Cm3Start.o (__errno)
c:/program files (x86)/cypress/psoc creator/4.4/psoc creator/import/gnu/arm/5.4.1/bin/../lib/gcc/arm-none-eabi/5.4.1/../../../../arm-none-eabi/lib/armv7-m\libg_nano.a(lib_a-exit.o)
                              c:/program files (x86)/cypress/psoc creator/4.4/psoc creator/import/gnu/arm/5.4.1/bin/../lib/gcc/arm-none-eabi/5.4.1/../../../../arm-none-eabi/lib/armv7-m/crt0.o (exit)
c:/program files (x86)/cypress/psoc creator/4.4/psoc creator/import/gnu/arm/5.4.1/bin/../lib/gcc/arm-none-eabi/5.4.1/../../../../arm-none-eabi/lib/armv7-m\libg_nano.a(lib_a-impure.o)
                              c:/program files (x86)/cypress/psoc creator/4.4/psoc creator/import/gnu/arm/5.4.1/bin/../lib/gcc/arm-none-eabi/5.4.1/../../../../arm-none-eabi/lib/armv7-m\libg_nano.a(lib_a-exit.o) (_global_impure_ptr)
c:/program files (x86)/cypress/psoc creator/4.4/psoc creator/import/gnu/arm/5.4.1/bin/../lib/gcc/arm-none-eabi/5.4.1/../../../../arm-none-eabi/lib/armv7-m\libg_nano.a(lib_a-init.o)
                              c:/program files (x86)/cypress/psoc creator/4.4/psoc creator/import/gnu/arm/5.4.1/bin/../lib/gcc/arm-none-eabi/5.4.1/../../../../arm-none-eabi/lib/armv7-m/crt0.o (__libc_init_array)
c:/program files (x86)/cypress/psoc creator/4.4/psoc creator/import/gnu/arm/5.4.1/bin/../lib/gcc/arm-none-eabi/5.4.1/../../../../arm-none-eabi/lib/armv7-m\libg_nano.a(lib_a-memcpy-stub.o)
                              .\CortexM3\ARM_GCC_541\Debug\cyfitter_cfg.o (memcpy)
c:/program files (x86)/cypress/psoc creator/4.4/psoc creator/import/gnu/arm/5.4.1/bin/../lib/gcc/arm-none-eabi/5.4.1/../../../../arm-none-eabi/lib/armv7-m\libg_nano.a(lib_a-memset.o)
[...]
Memory Configuration

Name             Origin             Length             Attributes
rom              0x00000000         0x00040000         xr
ram              0x1fff8000         0x00010000         xrw
*default*        0x00000000         0xffffffff

Linker script and memory map

LOAD c:/program files (x86)/cypress/psoc creator/4.4/psoc creator/import/gnu/arm/5.4.1/bin/../lib/gcc/arm-none-eabi/5.4.1/armv7-m/crti.o
LOAD c:/program files (x86)/cypress/psoc creator/4.4/psoc creator/import/gnu/arm/5.4.1/bin/../lib/gcc/arm-none-eabi/5.4.1/armv7-m/crtbegin.o
LOAD c:/program files (x86)/cypress/psoc creator/4.4/psoc creator/import/gnu/arm/5.4.1/bin/../lib/gcc/arm-none-eabi/5.4.1/../../../../arm-none-eabi/lib/armv7-m/crt0.o
START GROUP
LOAD .\CortexM3\ARM_GCC_541\Debug\main.o
LOAD .\CortexM3\ARM_GCC_541\Debug\cyfitter_cfg.o
LOAD .\CortexM3\ARM_GCC_541\Debug\cymetadata.o
LOAD .\CortexM3\ARM_GCC_541\Debug\Cm3Start.o
LOAD .\CortexM3\ARM_GCC_541\Debug\Design01.a
LOAD C:\Program Files (x86)\Cypress\PSoC Creator\4.4\PSoC Creator\psoc\content\cycomponentlibrary\CyComponentLibrary.cylib\CortexM3\ARM_GCC_541\Debug\CyComponentLibrary.a
END GROUP
START GROUP
LOAD c:/program files (x86)/cypress/psoc creator/4.4/psoc creator/import/gnu/arm/5.4.1/bin/../lib/gcc/arm-none-eabi/5.4.1/armv7-m\libgcc.a
LOAD c:/program files (x86)/cypress/psoc creator/4.4/psoc creator/import/gnu/arm/5.4.1/bin/../lib/gcc/arm-none-eabi/5.4.1/../../../../arm-none-eabi/lib/armv7-m\libg_nano.a
LOAD c:/program files (x86)/cypress/psoc creator/4.4/psoc creator/import/gnu/arm/5.4.1/bin/../lib/gcc/arm-none-eabi/5.4.1/../../../../arm-none-eabi/lib/armv7-m\libc_nano.a
END GROUP
START GROUP
LOAD c:/program files (x86)/cypress/psoc creator/4.4/psoc creator/import/gnu/arm/5.4.1/bin/../lib/gcc/arm-none-eabi/5.4.1/armv7-m\libgcc.a
LOAD c:/program files (x86)/cypress/psoc creator/4.4/psoc creator/import/gnu/arm/5.4.1/bin/../lib/gcc/arm-none-eabi/5.4.1/../../../../arm-none-eabi/lib/armv7-m\libc_nano.a
END GROUP
LOAD c:/program files (x86)/cypress/psoc creator/4.4/psoc creator/import/gnu/arm/5.4.1/bin/../lib/gcc/arm-none-eabi/5.4.1/armv7-m/crtend.o
LOAD c:/program files (x86)/cypress/psoc creator/4.4/psoc creator/import/gnu/arm/5.4.1/bin/../lib/gcc/arm-none-eabi/5.4.1/armv7-m/crtn.o
START GROUP
LOAD c:/program files (x86)/cypress/psoc creator/4.4/psoc creator/import/gnu/arm/5.4.1/bin/../lib/gcc/arm-none-eabi/5.4.1/armv7-m\libgcc.a
LOAD c:/program files (x86)/cypress/psoc creator/4.4/psoc creator/import/gnu/arm/5.4.1/bin/../lib/gcc/arm-none-eabi/5.4.1/../../../../arm-none-eabi/lib/armv7-m\libc.a
LOAD c:/program files (x86)/cypress/psoc creator/4.4/psoc creator/import/gnu/arm/5.4.1/bin/../lib/gcc/arm-none-eabi/5.4.1/../../../../arm-none-eabi/lib/armv7-m\libnosys.a
END GROUP
                0x00000000                CY_APPL_ORIGIN = 0x0
                0x00000100                CY_FLASH_ROW_SIZE = 0x100
                0x00000020                CY_ECC_ROW_SIZE = 0x20
                0x00000000                CY_EE_IN_BTLDR = 0x0
                0x00000000                CY_APPL_LOADABLE = 0x0
                0x00000800                CY_EE_SIZE = 0x800
                0x00000001                CY_APPL_NUM = 0x1
                0x00000001                CY_APPL_MAX = 0x1
                0x00000040                CY_METADATA_SIZE = 0x40
                0x00000000                CY_APPL_LOADABLE = 0x0
                0x00000000                CY_CHECKSUM_EXCLUDE_SIZE = ALIGN (0x0, CY_FLASH_ROW_SIZE)
                [!provide]                PROVIDE (__cy_heap_start, _end)
                0x00000001                PROVIDE (__cy_region_num, ((__cy_regions_end - __cy_regions) / 0x10))
                0x20008000                PROVIDE (__cy_stack, (ORIGIN (ram) + LENGTH (ram)))
                [!provide]                PROVIDE (__cy_heap_end, (__cy_stack - 0x800))

.cybootloader   0x00000000        0x0
 *(.cybootloader)
                0x00000000                appl1_start = CY_APPL_ORIGIN?CY_APPL_ORIGIN:ALIGN (CY_FLASH_ROW_SIZE)
                0x0001ff00                appl2_start = (appl1_start + ALIGN ((((LENGTH (rom) - appl1_start) - (0x2 * CY_FLASH_ROW_SIZE)) / 0x2), CY_FLASH_ROW_SIZE))
                0x00000000                appl_start = (CY_APPL_NUM == 0x1)?appl1_start:appl2_start
                0x00000000                ecc_offset = ((appl_start / CY_FLASH_ROW_SIZE) * CY_ECC_ROW_SIZE)
                0x00000000                ee_offset = (CY_APPL_LOADABLE && ! (CY_EE_IN_BTLDR))?((CY_EE_SIZE / CY_APPL_MAX) * (CY_APPL_NUM - 0x1)):0x0
                0x00000800                ee_size = (CY_APPL_LOADABLE && ! (CY_EE_IN_BTLDR))?(CY_EE_SIZE / CY_APPL_MAX):CY_EE_SIZE
                [!provide]                PROVIDE (CY_ECC_OFFSET, ecc_offset)

.text           0x00000000     0x378c
 CREATE_OBJECT_SYMBOLS
                0x00000000                PROVIDE (__cy_interrupt_vector, RomVectors)
 *(.romvectors)
 .romvectors    0x00000000       0x10 .\CortexM3\ARM_GCC_541\Debug\Cm3Start.o
                0x00000000                RomVectors
                0x00000001                ASSERT ((. != __cy_interrupt_vector), No interrupt vector)
                0x00000001                ASSERT (CY_APPL_ORIGIN?(SIZEOF (.cybootloader) <= CY_APPL_ORIGIN):0x1, Wrong image location)
                0x00000010                PROVIDE (__cy_reset, Reset)
 *(.text.Reset)
 .text.Reset    0x00000010       0x18 .\CortexM3\ARM_GCC_541\Debug\Cm3Start.o
                0x00000010                Reset
                0x00000001                ASSERT ((. != __cy_reset), No reset code)
 *(.dma_init)
                0x00000001                ASSERT ((((appl_start + .) <= 0x10000) || 0x1), DMA Init must be within the first 64k of flash)
 *(.text .text.* .gnu.linkonce.t.*)
 .text          0x00000028       0x5c c:/program files (x86)/cypress/psoc creator/4.4/psoc creator/import/gnu/arm/5.4.1/bin/../lib/gcc/arm-none-eabi/5.4.1/armv7-m/crtbegin.o
 *fill*         0x00000084        0x4 
 .text.steer_inter
                0x00000088       0xfc .\CortexM3\ARM_GCC_541\Debug\main.o
                0x00000088                steer_inter
 *fill*         0x00000184        0x4 
 .text.speed_inter
                0x00000188      0x178 .\CortexM3\ARM_GCC_541\Debug\main.o
                0x00000188                speed_inter
 .text.main     0x00000300       0x40 .\CortexM3\ARM_GCC_541\Debug\main.o
                0x00000300                main
 .text.CyClockStartupError
                0x00000340        0x4 .\CortexM3\ARM_GCC_541\Debug\cyfitter_cfg.o
 .text.cfg_write_bytes32
                0x00000344       0x34 .\CortexM3\ARM_GCC_541\Debug\cyfitter_cfg.o
 .text.AnalogSetDefault
                0x00000378       0x48 .\CortexM3\ARM_GCC_541\Debug\cyfitter_cfg.o
 .text.CYMEMZERO
                0x000003c0        0xc .\CortexM3\ARM_GCC_541\Debug\cyfitter_cfg.o
 .text.ClockSetup
                0x000003cc       0xd0 .\CortexM3\ARM_GCC_541\Debug\cyfitter_cfg.o
 .text.CYCONFIGCPY
                0x0000049c        0x8 .\CortexM3\ARM_GCC_541\Debug\cyfitter_cfg.o
 .text.cyfitter_cfg
                0x000004a4      0x13c .\CortexM3\ARM_GCC_541\Debug\cyfitter_cfg.o
                0x000004a4                cyfitter_cfg
 .text.IntDefaultHandler
                0x000005e0       0x10 .\CortexM3\ARM_GCC_541\Debug\Cm3Start.o
                0x000005e0                IntDefaultHandler
 .text._sbrk    0x000005f0       0x30 .\CortexM3\ARM_GCC_541\Debug\Cm3Start.o
                0x000005f0                _sbrk
 .text.Start_c  0x00000620       0x4c .\CortexM3\ARM_GCC_541\Debug\Cm3Start.o
                0x00000620                Start_c
 .text.initialize_psoc
                0x0000066c       0x68 .\CortexM3\ARM_GCC_541\Debug\Cm3Start.o
                0x0000066c                initialize_psoc
 .text.TIMER_Enable
                0x000006d4       0x10 .\CortexM3\ARM_GCC_541\Debug\Design01.a(TIMER.o)
                0x000006d4                TIMER_Enable
 .text.TIMER_SetInterruptMode
                0x000006e4        0xc .\CortexM3\ARM_GCC_541\Debug\Design01.a(TIMER.o)
                0x000006e4                TIMER_SetInterruptMode
 .text.TIMER_ReadStatusRegister
                0x000006f0        0xc .\CortexM3\ARM_GCC_541\Debug\Design01.a(TIMER.o)
                0x000006f0                TIMER_ReadStatusRegister
 .text.TIMER_WritePeriod
                0x000006fc        0xc .\CortexM3\ARM_GCC_541\Debug\Design01.a(TIMER.o)
                0x000006fc                TIMER_WritePeriod
 .text.TIMER_ReadCapture
                0x00000708        0xc .\CortexM3\ARM_GCC_541\Debug\Design01.a(TIMER.o)
                0x00000708                TIMER_ReadCapture
 .text.TIMER_WriteCounter
                0x00000714        0xc .\CortexM3\ARM_GCC_541\Debug\Design01.a(TIMER.o)
                0x00000714                TIMER_WriteCounter
 .text.TIMER_SetInterruptCount
                0x00000720       0x1c .\CortexM3\ARM_GCC_541\Debug\Design01.a(TIMER.o)
                0x00000720                TIMER_SetInterruptCount
 .text.TIMER_ClearFIFO
                0x0000073c       0x14 .\CortexM3\ARM_GCC_541\Debug\Design01.a(TIMER.o)
                0x0000073c                TIMER_ClearFIFO
 .text.TIMER_Init
                0x00000750       0x3c .\CortexM3\ARM_GCC_541\Debug\Design01.a(TIMER.o)
                0x00000750                TIMER_Init
 .text.TIMER_Start
                0x0000078c       0x1c .\CortexM3\ARM_GCC_541\Debug\Design01.a(TIMER.o)
                0x0000078c                TIMER_Start
 .text.PWM_Enable
                0x000007a8       0x10 .\CortexM3\ARM_GCC_541\Debug\Design01.a(PWM.o)
                0x000007a8                PWM_Enable
 .text.PWM_WriteCounter
                0x000007b8        0xc .\CortexM3\ARM_GCC_541\Debug\Design01.a(PWM.o)
                0x000007b8                PWM_WriteCounter
 .text.PWM_WritePeriod
                0x000007c4        0xc .\CortexM3\ARM_GCC_541\Debug\Design01.a(PWM.o)
                0x000007c4                PWM_WritePeriod
 .text.PWM_WriteCompare
                0x000007d0        0xc .\CortexM3\ARM_GCC_541\Debug\Design01.a(PWM.o)
                0x000007d0                PWM_WriteCompare
 .text.PWM_SetInterruptMode
                0x000007dc        0xc .\CortexM3\ARM_GCC_541\Debug\Design01.a(PWM.o)
                0x000007dc                PWM_SetInterruptMode
 .text.PWM_ReadStatusRegister
                0x000007e8        0xc .\CortexM3\ARM_GCC_541\Debug\Design01.a(PWM.o)
                0x000007e8                PWM_ReadStatusRegister
 .text.PWM_ReadCapture
                0x000007f4        0xc .\CortexM3\ARM_GCC_541\Debug\Design01.a(PWM.o)
                0x000007f4                PWM_ReadCapture
 .text.PWM_ClearFIFO
                0x00000800       0x14 .\CortexM3\ARM_GCC_541\Debug\Design01.a(PWM.o)
                0x00000800                PWM_ClearFIFO
 .text.PWM_Init
                0x00000814       0x64 .\CortexM3\ARM_GCC_541\Debug\Design01.a(PWM.o)
                0x00000814                PWM_Init
 .text.PWM_Start
                0x00000878       0x1c .\CortexM3\ARM_GCC_541\Debug\Design01.a(PWM.o)
                0x00000878                PWM_Start
 .text.HE_ISR_Interrupt
                0x00000894        0x4 .\CortexM3\ARM_GCC_541\Debug\Design01.a(HE_ISR.o)
                0x00000894                HE_ISR_Interrupt
 .text.HE_ISR_SetVector
                0x00000898        0xc .\CortexM3\ARM_GCC_541\Debug\Design01.a(HE_ISR.o)
                0x00000898                HE_ISR_SetVector
 .text.HE_ISR_SetPriority
                0x000008a4       0x10 .\CortexM3\ARM_GCC_541\Debug\Design01.a(HE_ISR.o)
                0x000008a4                HE_ISR_SetPriority
 .text.HE_ISR_Enable
                0x000008b4        0xc .\CortexM3\ARM_GCC_541\Debug\Design01.a(HE_ISR.o)
                0x000008b4                HE_ISR_Enable
 .text.HE_ISR_Disable
                0x000008c0        0xc .\CortexM3\ARM_GCC_541\Debug\Design01.a(HE_ISR.o)
                0x000008c0                HE_ISR_Disable
 .text.HE_ISR_Start
                0x000008cc       0x1c .\CortexM3\ARM_GCC_541\Debug\Design01.a(HE_ISR.o)
                0x000008cc                HE_ISR_Start
 .text.UART_Init
                0x000008e8       0x24 .\CortexM3\ARM_GCC_541\Debug\Design01.a(UART.o)
                0x000008e8                UART_Init
 .text.UART_Enable
                0x0000090c       0x38 .\CortexM3\ARM_GCC_541\Debug\Design01.a(UART.o)
                0x0000090c                UART_Enable
 .text.UART_Start
                0x00000944       0x1c .\CortexM3\ARM_GCC_541\Debug\Design01.a(UART.o)
                0x00000944                UART_Start
 .text.UART_PutChar
                0x00000960       0x18 .\CortexM3\ARM_GCC_541\Debug\Design01.a(UART.o)
                0x00000960                UART_PutChar
 .text.UART_PutString
                0x00000978       0x24 .\CortexM3\ARM_GCC_541\Debug\Design01.a(UART.o)
                0x00000978                UART_PutString
 .text.SERVO_PWM_Enable
                0x0000099c       0x10 .\CortexM3\ARM_GCC_541\Debug\Design01.a(SERVO_PWM.o)
                0x0000099c                SERVO_PWM_Enable
 .text.SERVO_PWM_WriteCounter
                0x000009ac        0xc .\CortexM3\ARM_GCC_541\Debug\Design01.a(SERVO_PWM.o)
                0x000009ac                SERVO_PWM_WriteCounter
 .text.SERVO_PWM_WritePeriod
                0x000009b8        0xc .\CortexM3\ARM_GCC_541\Debug\Design01.a(SERVO_PWM.o)
                0x000009b8                SERVO_PWM_WritePeriod
 .text.SERVO_PWM_WriteCompare
                0x000009c4        0xc .\CortexM3\ARM_GCC_541\Debug\Design01.a(SERVO_PWM.o)
                0x000009c4                SERVO_PWM_WriteCompare
 .text.SERVO_PWM_SetInterruptMode
                0x000009d0        0xc .\CortexM3\ARM_GCC_541\Debug\Design01.a(SERVO_PWM.o)
                0x000009d0                SERVO_PWM_SetInterruptMode
 .text.SERVO_PWM_ReadStatusRegister
                0x000009dc        0xc .\CortexM3\ARM_GCC_541\Debug\Design01.a(SERVO_PWM.o)
                0x000009dc                SERVO_PWM_ReadStatusRegister
 .text.SERVO_PWM_ReadCapture
                0x000009e8        0xc .\CortexM3\ARM_GCC_541\Debug\Design01.a(SERVO_PWM.o)
                0x000009e8                SERVO_PWM_ReadCapture
 .text.SERVO_PWM_ClearFIFO
                0x000009f4       0x14 .\CortexM3\ARM_GCC_541\Debug\Design01.a(SERVO_PWM.o)
                0x000009f4                SERVO_PWM_ClearFIFO
 .text.SERVO_PWM_Init
                0x00000a08       0x60 .\CortexM3\ARM_GCC_541\Debug\Design01.a(SERVO_PWM.o)
                0x00000a08                SERVO_PWM_Init
 .text.SERVO_PWM_Start
                0x00000a68       0x1c .\CortexM3\ARM_GCC_541\Debug\Design01.a(SERVO_PWM.o)
                0x00000a68                SERVO_PWM_Start
 .text.UART_IntClock_Start
                0x00000a84       0x1c .\CortexM3\ARM_GCC_541\Debug\Design01.a(UART_IntClock.o)
                0x00000a84                UART_IntClock_Start
 .text.COMP_Enable
                0x00000aa0       0x1c .\CortexM3\ARM_GCC_541\Debug\Design01.a(COMP.o)
                0x00000aa0                COMP_Enable
 .text.COMP_SetSpeed
                0x00000abc       0x58 .\CortexM3\ARM_GCC_541\Debug\Design01.a(COMP.o)
                0x00000abc                COMP_SetSpeed
 .text.COMP_Init
                0x00000b14       0x3c .\CortexM3\ARM_GCC_541\Debug\Design01.a(COMP.o)
                0x00000b14                COMP_Init
 .text.COMP_Start
                0x00000b50       0x1c .\CortexM3\ARM_GCC_541\Debug\Design01.a(COMP.o)
                0x00000b50                COMP_Start
 .text.VDAC_Enable
                0x00000b6c       0x1c .\CortexM3\ARM_GCC_541\Debug\Design01.a(VDAC.o)
                0x00000b6c                VDAC_Enable
 .text.VDAC_SetSpeed
                0x00000b88       0x1c .\CortexM3\ARM_GCC_541\Debug\Design01.a(VDAC.o)
                0x00000b88                VDAC_SetSpeed
 .text.VDAC_SetValue
                0x00000ba4        0xc .\CortexM3\ARM_GCC_541\Debug\Design01.a(VDAC.o)
                0x00000ba4                VDAC_SetValue
 .text.VDAC_DacTrim
                0x00000bb0       0x24 .\CortexM3\ARM_GCC_541\Debug\Design01.a(VDAC.o)
                0x00000bb0                VDAC_DacTrim
 .text.VDAC_SetRange
                0x00000bd4       0x20 .\CortexM3\ARM_GCC_541\Debug\Design01.a(VDAC.o)
                0x00000bd4                VDAC_SetRange
 .text.VDAC_Init
                0x00000bf4       0x20 .\CortexM3\ARM_GCC_541\Debug\Design01.a(VDAC.o)
                0x00000bf4                VDAC_Init
 .text.VDAC_Start
                0x00000c14       0x24 .\CortexM3\ARM_GCC_541\Debug\Design01.a(VDAC.o)
                0x00000c14                VDAC_Start
 .text.INT_SAMPLE_Interrupt
                0x00000c38        0x4 .\CortexM3\ARM_GCC_541\Debug\Design01.a(INT_SAMPLE.o)
                0x00000c38                INT_SAMPLE_Interrupt
 .text.INT_SAMPLE_SetVector
                0x00000c3c        0xc .\CortexM3\ARM_GCC_541\Debug\Design01.a(INT_SAMPLE.o)
                0x00000c3c                INT_SAMPLE_SetVector
 .text.INT_SAMPLE_SetPriority
                0x00000c48       0x10 .\CortexM3\ARM_GCC_541\Debug\Design01.a(INT_SAMPLE.o)
                0x00000c48                INT_SAMPLE_SetPriority
 .text.INT_SAMPLE_Enable
                0x00000c58        0xc .\CortexM3\ARM_GCC_541\Debug\Design01.a(INT_SAMPLE.o)
                0x00000c58                INT_SAMPLE_Enable
 .text.INT_SAMPLE_Disable
                0x00000c64        0xc .\CortexM3\ARM_GCC_541\Debug\Design01.a(INT_SAMPLE.o)
                0x00000c64                INT_SAMPLE_Disable
 .text.INT_SAMPLE_Start
                0x00000c70       0x1c .\CortexM3\ARM_GCC_541\Debug\Design01.a(INT_SAMPLE.o)
                0x00000c70                INT_SAMPLE_Start
 .text.VID_TIMER_Enable
                0x00000c8c       0x10 .\CortexM3\ARM_GCC_541\Debug\Design01.a(VID_TIMER.o)
                0x00000c8c                VID_TIMER_Enable
 .text.VID_TIMER_SetInterruptMode
                0x00000c9c        0xc .\CortexM3\ARM_GCC_541\Debug\Design01.a(VID_TIMER.o)
                0x00000c9c                VID_TIMER_SetInterruptMode
 .text.VID_TIMER_ReadStatusRegister
                0x00000ca8        0xc .\CortexM3\ARM_GCC_541\Debug\Design01.a(VID_TIMER.o)
                0x00000ca8                VID_TIMER_ReadStatusRegister
 .text.VID_TIMER_WritePeriod
                0x00000cb4        0xc .\CortexM3\ARM_GCC_541\Debug\Design01.a(VID_TIMER.o)
                0x00000cb4                VID_TIMER_WritePeriod
 .text.VID_TIMER_ReadCapture
                0x00000cc0        0xc .\CortexM3\ARM_GCC_541\Debug\Design01.a(VID_TIMER.o)
                0x00000cc0                VID_TIMER_ReadCapture
 .text.VID_TIMER_WriteCounter
                0x00000ccc        0xc .\CortexM3\ARM_GCC_541\Debug\Design01.a(VID_TIMER.o)
                0x00000ccc                VID_TIMER_WriteCounter
 .text.VID_TIMER_SetInterruptCount
                0x00000cd8       0x1c .\CortexM3\ARM_GCC_541\Debug\Design01.a(VID_TIMER.o)
                0x00000cd8                VID_TIMER_SetInterruptCount
 .text.VID_TIMER_ClearFIFO
                0x00000cf4       0x14 .\CortexM3\ARM_GCC_541\Debug\Design01.a(VID_TIMER.o)
                0x00000cf4                VID_TIMER_ClearFIFO
 .text.VID_TIMER_Init
                0x00000d08       0x3c .\CortexM3\ARM_GCC_541\Debug\Design01.a(VID_TIMER.o)
                0x00000d08                VID_TIMER_Init
 .text.VID_TIMER_Start
                0x00000d44       0x1c .\CortexM3\ARM_GCC_541\Debug\Design01.a(VID_TIMER.o)
                0x00000d44                VID_TIMER_Start
 .text          0x00000d60       0x20 .\CortexM3\ARM_GCC_541\Debug\Design01.a(CyBootAsmGnu.o)
                0x00000d60                CyDelayCycles
                0x00000d70                CyEnterCriticalSection
                0x00000d78                CyExitCriticalSection
 .text          0x00000d80      0x370 c:/program files (x86)/cypress/psoc creator/4.4/psoc creator/import/gnu/arm/5.4.1/bin/../lib/gcc/arm-none-eabi/5.4.1/armv7-m\libgcc.a(_arm_addsubdf3.o)
                0x00000d80                __aeabi_drsub
                0x00000d88                __aeabi_dsub
                0x00000d88                __subdf3
                0x00000d8c                __aeabi_dadd
                0x00000d8c                __adddf3
                0x00001004                __floatunsidf
                0x00001004                __aeabi_ui2d
                0x00001024                __floatsidf
                0x00001024                __aeabi_i2d
                0x00001048                __aeabi_f2d
                0x00001048                __extendsfdf2
                0x00001084                __floatundidf
                0x00001084                __aeabi_ul2d
                0x00001094                __floatdidf
                0x00001094                __aeabi_l2d
 .text          0x000010f0      0x424 c:/program files (x86)/cypress/psoc creator/4.4/psoc creator/import/gnu/arm/5.4.1/bin/../lib/gcc/arm-none-eabi/5.4.1/armv7-m\libgcc.a(_arm_muldivdf3.o)
                0x000010f0                __aeabi_dmul
                0x000010f0                __muldf3
                0x00001344                __divdf3
                0x00001344                __aeabi_ddiv
 .text          0x00001514      0x110 c:/program files (x86)/cypress/psoc creator/4.4/psoc creator/import/gnu/arm/5.4.1/bin/../lib/gcc/arm-none-eabi/5.4.1/armv7-m\libgcc.a(_arm_cmpdf2.o)
                0x00001514                __gtdf2
                0x00001514                __gedf2
                0x0000151c                __ltdf2
                0x0000151c                __ledf2
                0x00001524                __nedf2
                0x00001524                __eqdf2
                0x00001524                __cmpdf2
                0x000015a0                __aeabi_cdrcmple
                0x000015b0                __aeabi_cdcmpeq
                0x000015b0                __aeabi_cdcmple
                0x000015c0                __aeabi_dcmpeq
                0x000015d4                __aeabi_dcmplt
                0x000015e8                __aeabi_dcmple
                0x000015fc                __aeabi_dcmpge
                0x00001610                __aeabi_dcmpgt
 .text          0x00001624       0x40 c:/program files (x86)/cypress/psoc creator/4.4/psoc creator/import/gnu/arm/5.4.1/bin/../lib/gcc/arm-none-eabi/5.4.1/armv7-m\libgcc.a(_arm_fixunsdfsi.o)
                0x00001624                __aeabi_d2uiz
                0x00001624                __fixunsdfsi
 .text.__errno  0x00001664        0xc c:/program files (x86)/cypress/psoc creator/4.4/psoc creator/import/gnu/arm/5.4.1/bin/../lib/gcc/arm-none-eabi/5.4.1/../../../../arm-none-eabi/lib/armv7-m\libg_nano.a(lib_a-errno.o)
                0x00001664                __errno
 .text.__libc_init_array
                0x00001670       0x4c c:/program files (x86)/cypress/psoc creator/4.4/psoc creator/import/gnu/arm/5.4.1/bin/../lib/gcc/arm-none-eabi/5.4.1/../../../../arm-none-eabi/lib/armv7-m\libg_nano.a(lib_a-init.o)
                0x00001670                __libc_init_array
 .text.memcpy   0x000016bc       0x16 c:/program files (x86)/cypress/psoc creator/4.4/psoc creator/import/gnu/arm/5.4.1/bin/../lib/gcc/arm-none-eabi/5.4.1/../../../../arm-none-eabi/lib/armv7-m\libg_nano.a(lib_a-memcpy-stub.o)
                0x000016bc                memcpy
 .text.memset   0x000016d2       0x10 c:/program files (x86)/cypress/psoc creator/4.4/psoc creator/import/gnu/arm/5.4.1/bin/../lib/gcc/arm-none-eabi/5.4.1/../../../../arm-none-eabi/lib/armv7-m\libg_nano.a(lib_a-memset.o)
                0x000016d2                memset
 .text.__cvt    0x000016e2       0xc0 c:/program files (x86)/cypress/psoc creator/4.4/psoc creator/import/gnu/arm/5.4.1/bin/../lib/gcc/arm-none-eabi/5.4.1/../../../../arm-none-eabi/lib/armv7-m\libg_nano.a(lib_a-nano-vfprintf_float.o)
                0x000016e2                __cvt
 .text.__exponent
                0x000017a2       0x62 c:/program files (x86)/cypress/psoc creator/4.4/psoc creator/import/gnu/arm/5.4.1/bin/../lib/gcc/arm-none-eabi/5.4.1/../../../../arm-none-eabi/lib/armv7-m\libg_nano.a(lib_a-nano-vfprintf_float.o)
                0x000017a2                __exponent
 .text._printf_float
                0x00001804      0x488 c:/program files (x86)/cypress/psoc creator/4.4/psoc creator/import/gnu/arm/5.4.1/bin/../lib/gcc/arm-none-eabi/5.4.1/../../../../arm-none-eabi/lib/armv7-m\libg_nano.a(lib_a-nano-vfprintf_float.o)
                0x00001804                _printf_float
 .text._printf_common
                0x00001c8c       0xec c:/program files (x86)/cypress/psoc creator/4.4/psoc creator/import/gnu/arm/5.4.1/bin/../lib/gcc/arm-none-eabi/5.4.1/../../../../arm-none-eabi/lib/armv7-m\libg_nano.a(lib_a-nano-vfprintf_i.o)
                0x00001c8c                _printf_common
 .text._printf_i
                0x00001d78      0x24c c:/program files (x86)/cypress/psoc creator/4.4/psoc creator/import/gnu/arm/5.4.1/bin/../lib/gcc/arm-none-eabi/5.4.1/../../../../arm-none-eabi/lib/armv7-m\libg_nano.a(lib_a-nano-vfprintf_i.o)
                0x00001d78                _printf_i
 .text.sprintf  0x00001fc4       0x48 c:/program files (x86)/cypress/psoc creator/4.4/psoc creator/import/gnu/arm/5.4.1/bin/../lib/gcc/arm-none-eabi/5.4.1/../../../../arm-none-eabi/lib/armv7-m\libg_nano.a(lib_a-sprintf.o)
                0x00001fc4                siprintf
                0x00001fc4                sprintf
 .text          0x0000200c       0x10 c:/program files (x86)/cypress/psoc creator/4.4/psoc creator/import/gnu/arm/5.4.1/bin/../lib/gcc/arm-none-eabi/5.4.1/../../../../arm-none-eabi/lib/armv7-m\libg_nano.a(lib_a-strlen.o)
                0x0000200c                strlen
 .text.quorem   0x0000201c      0x116 c:/program files (x86)/cypress/psoc creator/4.4/psoc creator/import/gnu/arm/5.4.1/bin/../lib/gcc/arm-none-eabi/5.4.1/../../../../arm-none-eabi/lib/armv7-m\libg_nano.a(lib_a-dtoa.o)
 *fill*         0x00002132        0x6 
 .text._dtoa_r  0x00002138      0xb30 c:/program files (x86)/cypress/psoc creator/4.4/psoc creator/import/gnu/arm/5.4.1/bin/../lib/gcc/arm-none-eabi/5.4.1/../../../../arm-none-eabi/lib/armv7-m\libg_nano.a(lib_a-dtoa.o)
                0x00002138                _dtoa_r
 .text._localeconv_r
                0x00002c68        0x8 c:/program files (x86)/cypress/psoc creator/4.4/psoc creator/import/gnu/arm/5.4.1/bin/../lib/gcc/arm-none-eabi/5.4.1/../../../../arm-none-eabi/lib/armv7-m\libg_nano.a(lib_a-locale.o)
                0x00002c68                _localeconv_r
 .text.malloc   0x00002c70       0x10 c:/program files (x86)/cypress/psoc creator/4.4/psoc creator/import/gnu/arm/5.4.1/bin/../lib/gcc/arm-none-eabi/5.4.1/../../../../arm-none-eabi/lib/armv7-m\libg_nano.a(lib_a-malloc.o)
                0x00002c70                malloc
 .text.memchr   0x00002c80       0x1c c:/program files (x86)/cypress/psoc creator/4.4/psoc creator/import/gnu/arm/5.4.1/bin/../lib/gcc/arm-none-eabi/5.4.1/../../../../arm-none-eabi/lib/armv7-m\libg_nano.a(lib_a-memchr-stub.o)
                0x00002c80                memchr
 .text._Balloc  0x00002c9c       0x6a c:/program files (x86)/cypress/psoc creator/4.4/psoc creator/import/gnu/arm/5.4.1/bin/../lib/gcc/arm-none-eabi/5.4.1/../../../../arm-none-eabi/lib/armv7-m\libg_nano.a(lib_a-mprec.o)
                0x00002c9c                _Balloc
 .text._Bfree   0x00002d06       0x2e c:/program files (x86)/cypress/psoc creator/4.4/psoc creator/import/gnu/arm/5.4.1/bin/../lib/gcc/arm-none-eabi/5.4.1/../../../../arm-none-eabi/lib/armv7-m\libg_nano.a(lib_a-mprec.o)
                0x00002d06                _Bfree
 .text.__multadd
                0x00002d34       0x76 c:/program files (x86)/cypress/psoc creator/4.4/psoc creator/import/gnu/arm/5.4.1/bin/../lib/gcc/arm-none-eabi/5.4.1/../../../../arm-none-eabi/lib/armv7-m\libg_nano.a(lib_a-mprec.o)
                0x00002d34                __multadd
 .text.__hi0bits
                0x00002daa       0x40 c:/program files (x86)/cypress/psoc creator/4.4/psoc creator/import/gnu/arm/5.4.1/bin/../lib/gcc/arm-none-eabi/5.4.1/../../../../arm-none-eabi/lib/armv7-m\libg_nano.a(lib_a-mprec.o)
                0x00002daa                __hi0bits
 .text.__lo0bits
                0x00002dea       0x5a c:/program files (x86)/cypress/psoc creator/4.4/psoc creator/import/gnu/arm/5.4.1/bin/../lib/gcc/arm-none-eabi/5.4.1/../../../../arm-none-eabi/lib/armv7-m\libg_nano.a(lib_a-mprec.o)
                0x00002dea                __lo0bits
 .text.__i2b    0x00002e44       0x12 c:/program files (x86)/cypress/psoc creator/4.4/psoc creator/import/gnu/arm/5.4.1/bin/../lib/gcc/arm-none-eabi/5.4.1/../../../../arm-none-eabi/lib/armv7-m\libg_nano.a(lib_a-mprec.o)
                0x00002e44                __i2b
 .text.__multiply
                0x00002e56      0x120 c:/program files (x86)/cypress/psoc creator/4.4/psoc creator/import/gnu/arm/5.4.1/bin/../lib/gcc/arm-none-eabi/5.4.1/../../../../arm-none-eabi/lib/armv7-m\libg_nano.a(lib_a-mprec.o)
                0x00002e56                __multiply
 *fill*         0x00002f76        0x2 
 .text.__pow5mult
                0x00002f78       0x9c c:/program files (x86)/cypress/psoc creator/4.4/psoc creator/import/gnu/arm/5.4.1/bin/../lib/gcc/arm-none-eabi/5.4.1/../../../../arm-none-eabi/lib/armv7-m\libg_nano.a(lib_a-mprec.o)
                0x00002f78                __pow5mult
 .text.__lshift
                0x00003014       0xa2 c:/program files (x86)/cypress/psoc creator/4.4/psoc creator/import/gnu/arm/5.4.1/bin/../lib/gcc/arm-none-eabi/5.4.1/../../../../arm-none-eabi/lib/armv7-m\libg_nano.a(lib_a-mprec.o)
                0x00003014                __lshift
 .text.__mcmp   0x000030b6       0x38 c:/program files (x86)/cypress/psoc creator/4.4/psoc creator/import/gnu/arm/5.4.1/bin/../lib/gcc/arm-none-eabi/5.4.1/../../../../arm-none-eabi/lib/armv7-m\libg_nano.a(lib_a-mprec.o)
                0x000030b6                __mcmp
 .text.__mdiff  0x000030ee       0xbe c:/program files (x86)/cypress/psoc creator/4.4/psoc creator/import/gnu/arm/5.4.1/bin/../lib/gcc/arm-none-eabi/5.4.1/../../../../arm-none-eabi/lib/armv7-m\libg_nano.a(lib_a-mprec.o)
                0x000030ee                __mdiff
 .text.__d2b    0x000031ac       0x9c c:/program files (x86)/cypress/psoc creator/4.4/psoc creator/import/gnu/arm/5.4.1/bin/../lib/gcc/arm-none-eabi/5.4.1/../../../../arm-none-eabi/lib/armv7-m\libg_nano.a(lib_a-mprec.o)
                0x000031ac                __d2b
 .text._calloc_r
                0x00003248       0x1c c:/program files (x86)/cypress/psoc creator/4.4/psoc creator/import/gnu/arm/5.4.1/bin/../lib/gcc/arm-none-eabi/5.4.1/../../../../arm-none-eabi/lib/armv7-m\libg_nano.a(lib_a-nano-callocr.o)
                0x00003248                _calloc_r
 .text._free_r  0x00003264       0x98 c:/program files (x86)/cypress/psoc creator/4.4/psoc creator/import/gnu/arm/5.4.1/bin/../lib/gcc/arm-none-eabi/5.4.1/../../../../arm-none-eabi/lib/armv7-m\libg_nano.a(lib_a-nano-freer.o)
                0x00003264                _free_r
 .text._malloc_r
                0x000032fc       0xbc c:/program files (x86)/cypress/psoc creator/4.4/psoc creator/import/gnu/arm/5.4.1/bin/../lib/gcc/arm-none-eabi/5.4.1/../../../../arm-none-eabi/lib/armv7-m\libg_nano.a(lib_a-nano-mallocr.o)
                0x000032fc                _malloc_r
 .text.__ssputs_r
                0x000033b8       0xb2 c:/program files (x86)/cypress/psoc creator/4.4/psoc creator/import/gnu/arm/5.4.1/bin/../lib/gcc/arm-none-eabi/5.4.1/../../../../arm-none-eabi/lib/armv7-m\libg_nano.a(lib_a-nano-svfprintf.o)
                0x000033b8                __ssputs_r
 *fill*         0x0000346a        0x2 
 .text._svfprintf_r
                0x0000346c      0x1e8 c:/program files (x86)/cypress/psoc creator/4.4/psoc creator/import/gnu/arm/5.4.1/bin/../lib/gcc/arm-none-eabi/5.4.1/../../../../arm-none-eabi/lib/armv7-m\libg_nano.a(lib_a-nano-svfprintf.o)
                0x0000346c                _svfiprintf_r
                0x0000346c                _svfprintf_r
 .text._sbrk_r  0x00003654       0x20 c:/program files (x86)/cypress/psoc creator/4.4/psoc creator/import/gnu/arm/5.4.1/bin/../lib/gcc/arm-none-eabi/5.4.1/../../../../arm-none-eabi/lib/armv7-m\libg_nano.a(lib_a-sbrkr.o)
                0x00003654                _sbrk_r
 .text.memmove  0x00003674       0x36 c:/program files (x86)/cypress/psoc creator/4.4/psoc creator/import/gnu/arm/5.4.1/bin/../lib/gcc/arm-none-eabi/5.4.1/../../../../arm-none-eabi/lib/armv7-m\libg_nano.a(lib_a-memmove.o)
                0x00003674                memmove
 .text.__malloc_lock
                0x000036aa        0x2 c:/program files (x86)/cypress/psoc creator/4.4/psoc creator/import/gnu/arm/5.4.1/bin/../lib/gcc/arm-none-eabi/5.4.1/../../../../arm-none-eabi/lib/armv7-m\libg_nano.a(lib_a-mlock.o)
                0x000036aa                __malloc_lock
 .text.__malloc_unlock
                0x000036ac        0x2 c:/program files (x86)/cypress/psoc creator/4.4/psoc creator/import/gnu/arm/5.4.1/bin/../lib/gcc/arm-none-eabi/5.4.1/../../../../arm-none-eabi/lib/armv7-m\libg_nano.a(lib_a-mlock.o)
                0x000036ac                __malloc_unlock
 .text._realloc_r
                0x000036ae       0x4c c:/program files (x86)/cypress/psoc creator/4.4/psoc creator/import/gnu/arm/5.4.1/bin/../lib/gcc/arm-none-eabi/5.4.1/../../../../arm-none-eabi/lib/armv7-m\libg_nano.a(lib_a-nano-reallocr.o)
                0x000036ae                _realloc_r
 .text._malloc_usable_size_r
                0x000036fa       0x14 c:/program files (x86)/cypress/psoc creator/4.4/psoc creator/import/gnu/arm/5.4.1/bin/../lib/gcc/arm-none-eabi/5.4.1/../../../../arm-none-eabi/lib/armv7-m\libg_nano.a(lib_a-nano-msizer.o)
                0x000036fa                _malloc_usable_size_r
 *fill*         0x0000370e        0x2 
 .text          0x00003710       0x2c c:/program files (x86)/cypress/psoc creator/4.4/psoc creator/import/gnu/arm/5.4.1/bin/../lib/gcc/arm-none-eabi/5.4.1/armv7-m\libgcc.a(_arm_unorddf2.o)
                0x00003710                __unorddf2
                0x00003710                __aeabi_dcmpun
 .text          0x0000373c       0x50 c:/program files (x86)/cypress/psoc creator/4.4/psoc creator/import/gnu/arm/5.4.1/bin/../lib/gcc/arm-none-eabi/5.4.1/armv7-m\libgcc.a(_arm_fixdfsi.o)
                0x0000373c                __aeabi_d2iz
                0x0000373c                __fixdfsi
 *(.plt)
 *(.gnu.warning)
 *(.glue_7t)
 .glue_7t       0x0000378c        0x0 linker stubs
 *(.glue_7)
 .glue_7        0x0000378c        0x0 linker stubs
 *(.vfp11_veneer)
 .vfp11_veneer  0x0000378c        0x0 linker stubs
 *(.bootloader)
 *(.ARM.extab* .gnu.linkonce.armextab.*)
 *(.gcc_except_table)

.v4_bx          0x0000378c        0x0
 .v4_bx         0x0000378c        0x0 linker stubs

.iplt           0x0000378c        0x0
 .iplt          0x0000378c        0x0 c:/program files (x86)/cypress/psoc creator/4.4/psoc creator/import/gnu/arm/5.4.1/bin/../lib/gcc/arm-none-eabi/5.4.1/armv7-m/crtbegin.o

.eh_frame_hdr
 *(.eh_frame_hdr)

.eh_frame       0x0000378c        0x4
 *(.eh_frame)
 .eh_frame      0x0000378c        0x0 c:/program files (x86)/cypress/psoc creator/4.4/psoc creator/import/gnu/arm/5.4.1/bin/../lib/gcc/arm-none-eabi/5.4.1/armv7-m/crtbegin.o
 .eh_frame      0x0000378c        0x4 c:/program files (x86)/cypress/psoc creator/4.4/psoc creator/import/gnu/arm/5.4.1/bin/../lib/gcc/arm-none-eabi/5.4.1/armv7-m/crtend.o
                [!provide]                PROVIDE (__exidx_start, .)

.ARM.exidx
 *(.ARM.exidx* .gnu.linkonce.armexidx.*)
                0x00003790                __exidx_end = .

.rodata         0x00003790      0x1e0
 *(.rodata .rodata.* .gnu.linkonce.r.*)
 .rodata.str1.4
                0x00003790       0x1c .\CortexM3\ARM_GCC_541\Debug\main.o
                                 0x1b (size before relaxing)
 .rodata        0x000037ac       0x30 .\CortexM3\ARM_GCC_541\Debug\cyfitter_cfg.o
 .rodata.str1.1
                0x000037dc        0x2 c:/program files (x86)/cypress/psoc creator/4.4/psoc creator/import/gnu/arm/5.4.1/bin/../lib/gcc/arm-none-eabi/5.4.1/../../../../arm-none-eabi/lib/armv7-m\libg_nano.a(lib_a-impure.o)
 .rodata.str1.1
                0x000037de       0x12 c:/program files (x86)/cypress/psoc creator/4.4/psoc creator/import/gnu/arm/5.4.1/bin/../lib/gcc/arm-none-eabi/5.4.1/../../../../arm-none-eabi/lib/armv7-m\libg_nano.a(lib_a-nano-vfprintf_float.o)
 .rodata.str1.1
                0x000037f0       0x22 c:/program files (x86)/cypress/psoc creator/4.4/psoc creator/import/gnu/arm/5.4.1/bin/../lib/gcc/arm-none-eabi/5.4.1/../../../../arm-none-eabi/lib/armv7-m\libg_nano.a(lib_a-nano-vfprintf_i.o)
 .rodata.str1.1
                0x00003812        0xd c:/program files (x86)/cypress/psoc creator/4.4/psoc creator/import/gnu/arm/5.4.1/bin/../lib/gcc/arm-none-eabi/5.4.1/../../../../arm-none-eabi/lib/armv7-m\libg_nano.a(lib_a-dtoa.o)
                                  0xf (size before relaxing)
 .rodata.str1.1
                0x0000381f        0x8 c:/program files (x86)/cypress/psoc creator/4.4/psoc creator/import/gnu/arm/5.4.1/bin/../lib/gcc/arm-none-eabi/5.4.1/../../../../arm-none-eabi/lib/armv7-m\libg_nano.a(lib_a-locale.o)
                                  0xb (size before relaxing)
 *fill*         0x00003827        0x1 
 .rodata.__mprec_tens
                0x00003828       0xc8 c:/program files (x86)/cypress/psoc creator/4.4/psoc creator/import/gnu/arm/5.4.1/bin/../lib/gcc/arm-none-eabi/5.4.1/../../../../arm-none-eabi/lib/armv7-m\libg_nano.a(lib_a-mprec.o)
                0x00003828                __mprec_tens
 .rodata.p05.5408
                0x000038f0        0xc c:/program files (x86)/cypress/psoc creator/4.4/psoc creator/import/gnu/arm/5.4.1/bin/../lib/gcc/arm-none-eabi/5.4.1/../../../../arm-none-eabi/lib/armv7-m\libg_nano.a(lib_a-mprec.o)
 *fill*         0x000038fc        0x4 
 .rodata.__mprec_bigtens
                0x00003900       0x28 c:/program files (x86)/cypress/psoc creator/4.4/psoc creator/import/gnu/arm/5.4.1/bin/../lib/gcc/arm-none-eabi/5.4.1/../../../../arm-none-eabi/lib/armv7-m\libg_nano.a(lib_a-mprec.o)
                0x00003900                __mprec_bigtens
 .rodata.str1.1
                0x00003928       0x11 c:/program files (x86)/cypress/psoc creator/4.4/psoc creator/import/gnu/arm/5.4.1/bin/../lib/gcc/arm-none-eabi/5.4.1/../../../../arm-none-eabi/lib/armv7-m\libg_nano.a(lib_a-nano-svfprintf.o)
                0x0000393c                . = ALIGN (0x4)
 *fill*         0x00003939        0x3 
 *(.init)
 .init          0x0000393c        0x4 c:/program files (x86)/cypress/psoc creator/4.4/psoc creator/import/gnu/arm/5.4.1/bin/../lib/gcc/arm-none-eabi/5.4.1/armv7-m/crti.o
                0x0000393c                _init
 .init          0x00003940        0x8 c:/program files (x86)/cypress/psoc creator/4.4/psoc creator/import/gnu/arm/5.4.1/bin/../lib/gcc/arm-none-eabi/5.4.1/armv7-m/crtn.o
                0x00003948                . = ALIGN (0x4)
                0x00003948                __preinit_array_start = .
 *(.preinit_array)
                0x00003948                __preinit_array_end = .
                0x00003948                . = ALIGN (0x4)
                0x00003948                __init_array_start = .
 *(SORT(.init_array.*))
 *(.init_array)
 .init_array    0x00003948        0x4 c:/program files (x86)/cypress/psoc creator/4.4/psoc creator/import/gnu/arm/5.4.1/bin/../lib/gcc/arm-none-eabi/5.4.1/armv7-m/crtbegin.o
 .init_array    0x0000394c        0x4 .\CortexM3\ARM_GCC_541\Debug\Cm3Start.o
                0x00003950                __init_array_end = .
                0x00003950                . = ALIGN (0x4)
 *(.fini)
 .fini          0x00003950        0x4 c:/program files (x86)/cypress/psoc creator/4.4/psoc creator/import/gnu/arm/5.4.1/bin/../lib/gcc/arm-none-eabi/5.4.1/armv7-m/crti.o
                0x00003950                _fini
 .fini          0x00003954        0x8 c:/program files (x86)/cypress/psoc creator/4.4/psoc creator/import/gnu/arm/5.4.1/bin/../lib/gcc/arm-none-eabi/5.4.1/armv7-m/crtn.o
                0x0000395c                . = ALIGN (0x4)
                0x0000395c                __fini_array_start = .
 *(.fini_array)
 .fini_array    0x0000395c        0x4 c:/program files (x86)/cypress/psoc creator/4.4/psoc creator/import/gnu/arm/5.4.1/bin/../lib/gcc/arm-none-eabi/5.4.1/armv7-m/crtbegin.o
 *(SORT(.fini_array.*))
                0x00003960                __fini_array_end = .
                0x00003960                . = ALIGN (0x4)
 *crtbegin.o(.ctors)
 *(EXCLUDE_FILE(*crtend.o) .ctors)
 *(SORT(.ctors.*))
 *crtend.o(.ctors)
                0x00003960                . = ALIGN (0x4)
 *crtbegin.o(.dtors)
 *(EXCLUDE_FILE(*crtend.o) .dtors)
 *(SORT(.dtors.*))
 *crtend.o(.dtors)
                0x00003960                . = ALIGN (0x4)
                0x00003960                __cy_regions = .
                0x00003960        0x4 LONG 0x3970 __cy_region_init_ram
                0x00003964        0x4 LONG 0x1fff80c8 __cy_region_start_data
                0x00003968        0x4 LONG 0xb8 __cy_region_init_size_ram
                0x0000396c        0x4 LONG 0xe0 __cy_region_zero_size_ram
                0x00003970                __cy_regions_end = .
                0x00003970                . = ALIGN (0x8)
                0x00003970                _etext = .

.cy_checksum_exclude
                0x00003970        0x0
 *(.cy_checksum_exclude)

.ramvectors     0x1fff8000       0xc0
                0x1fff8000                __cy_region_start_ram = .
 *(.ramvectors)
 .ramvectors    0x1fff8000       0xc0 .\CortexM3\ARM_GCC_541\Debug\Cm3Start.o
                0x1fff8000                CyRamVectors

.noinit         0x1fff80c0        0x1
 *(.noinit)
 .noinit        0x1fff80c0        0x1 .\CortexM3\ARM_GCC_541\Debug\Design01.a(CyLib.o)
                0x1fff80c0                CyResetStatus

.data           0x1fff80c8       0xb8 load address 0x00003970
                0x1fff80c8                __cy_region_start_data = .
 *(.jcr)
 .jcr           0x1fff80c8        0x0 c:/program files (x86)/cypress/psoc creator/4.4/psoc creator/import/gnu/arm/5.4.1/bin/../lib/gcc/arm-none-eabi/5.4.1/armv7-m/crtbegin.o
 .jcr           0x1fff80c8        0x4 c:/program files (x86)/cypress/psoc creator/4.4/psoc creator/import/gnu/arm/5.4.1/bin/../lib/gcc/arm-none-eabi/5.4.1/armv7-m/crtend.o
 *(.got.plt)
 *(.got)
 *(.shdata)
 *(.data .data.* .gnu.linkonce.d.*)
 *fill*         0x1fff80cc        0x4 
 .data          0x1fff80d0       0x10 .\CortexM3\ARM_GCC_541\Debug\main.o
                0x1fff80d0                old
                0x1fff80d8                PWM_base
 .data          0x1fff80e0        0x4 .\CortexM3\ARM_GCC_541\Debug\Cm3Start.o
 .data.impure_data
                0x1fff80e4       0x60 c:/program files (x86)/cypress/psoc creator/4.4/psoc creator/import/gnu/arm/5.4.1/bin/../lib/gcc/arm-none-eabi/5.4.1/../../../../arm-none-eabi/lib/armv7-m\libg_nano.a(lib_a-impure.o)
 .data._impure_ptr
                0x1fff8144        0x4 c:/program files (x86)/cypress/psoc creator/4.4/psoc creator/import/gnu/arm/5.4.1/bin/../lib/gcc/arm-none-eabi/5.4.1/../../../../arm-none-eabi/lib/armv7-m\libg_nano.a(lib_a-impure.o)
                0x1fff8144                _impure_ptr
 .data.lconv    0x1fff8148       0x38 c:/program files (x86)/cypress/psoc creator/4.4/psoc creator/import/gnu/arm/5.4.1/bin/../lib/gcc/arm-none-eabi/5.4.1/../../../../arm-none-eabi/lib/armv7-m\libg_nano.a(lib_a-locale.o)
                0x1fff8180                . = ALIGN (0x8)
 *(.ram)
                0x1fff8180                _edata = .

.igot.plt       0x1fff8180        0x0 load address 0x00003a28
 .igot.plt      0x1fff8180        0x0 c:/program files (x86)/cypress/psoc creator/4.4/psoc creator/import/gnu/arm/5.4.1/bin/../lib/gcc/arm-none-eabi/5.4.1/armv7-m/crtbegin.o

.bss            0x1fff8180       0xe0 load address 0x00003a28
                0x1fff8180                PROVIDE (__bss_start__, .)
 *(.shbss)
 *(.bss .bss.* .gnu.linkonce.b.*)
 .bss           0x1fff8180       0x1c c:/program files (x86)/cypress/psoc creator/4.4/psoc creator/import/gnu/arm/5.4.1/bin/../lib/gcc/arm-none-eabi/5.4.1/armv7-m/crtbegin.o
 *fill*         0x1fff819c        0x4 
 .bss           0x1fff81a0       0x40 .\CortexM3\ARM_GCC_541\Debug\main.o
                0x1fff81a0                error_steering
                0x1fff81a8                steeringIntegral
                0x1fff81b0                previousSteeringError
                0x1fff81b8                steeringDerivative
                0x1fff81c0                steeringOutput
                0x1fff81c8                steeringPWM
                0x1fff81d0                speed
                0x1fff81d8                acc_err_speed
 .bss           0x1fff81e0        0x1 .\CortexM3\ARM_GCC_541\Debug\Design01.a(TIMER.o)
                0x1fff81e0                TIMER_initVar
 .bss           0x1fff81e1        0x1 .\CortexM3\ARM_GCC_541\Debug\Design01.a(PWM.o)
                0x1fff81e1                PWM_initVar
 .bss           0x1fff81e2        0x2 .\CortexM3\ARM_GCC_541\Debug\Design01.a(UART.o)
                0x1fff81e2                UART_initVar
 .bss           0x1fff81e4        0x1 .\CortexM3\ARM_GCC_541\Debug\Design01.a(SERVO_PWM.o)
                0x1fff81e4                SERVO_PWM_initVar
 .bss           0x1fff81e5        0x1 .\CortexM3\ARM_GCC_541\Debug\Design01.a(COMP.o)
                0x1fff81e5                COMP_initVar
 .bss           0x1fff81e6        0x1 .\CortexM3\ARM_GCC_541\Debug\Design01.a(VDAC.o)
                0x1fff81e6                VDAC_initVar
 .bss           0x1fff81e7        0x1 .\CortexM3\ARM_GCC_541\Debug\Design01.a(VID_TIMER.o)
                0x1fff81e7                VID_TIMER_initVar
 .bss.__malloc_sbrk_start
                0x1fff81e8        0x4 c:/program files (x86)/cypress/psoc creator/4.4/psoc creator/import/gnu/arm/5.4.1/bin/../lib/gcc/arm-none-eabi/5.4.1/../../../../arm-none-eabi/lib/armv7-m\libg_nano.a(lib_a-nano-mallocr.o)
                0x1fff81e8                __malloc_sbrk_start
 .bss.__malloc_free_list
                0x1fff81ec        0x4 c:/program files (x86)/cypress/psoc creator/4.4/psoc creator/import/gnu/arm/5.4.1/bin/../lib/gcc/arm-none-eabi/5.4.1/../../../../arm-none-eabi/lib/armv7-m\libg_nano.a(lib_a-nano-mallocr.o)
                0x1fff81ec                __malloc_free_list
 *(COMMON)
 COMMON         0x1fff81f0       0x6c .\CortexM3\ARM_GCC_541\Debug\main.o
                0x1fff81f0                str_buf
                0x1fff8210                sampledTime
                0x1fff8218                new
                0x1fff8220                pwm
                0x1fff8228                err_speed
                0x1fff8230                strbuf
                0x1fff825a                elapsed
 COMMON         0x1fff825c        0x4 c:/program files (x86)/cypress/psoc creator/4.4/psoc creator/import/gnu/arm/5.4.1/bin/../lib/gcc/arm-none-eabi/5.4.1/../../../../arm-none-eabi/lib/armv7-m\libg_nano.a(lib_a-reent.o)
                0x1fff825c                errno
                0x1fff8260                . = ALIGN (0x8)
 *(.ram.b)
                0x1fff8260                _end = .
                0x1fff8260                __end = .
                0x1fff8260                PROVIDE (end, .)
                0x1fff8260                PROVIDE (__bss_end__, .)
                0x00003970                __cy_region_init_ram = LOADADDR (.data)
                0x000000b8                __cy_region_init_size_ram = (_edata - ADDR (.data))
                0x000000e0                __cy_region_zero_size_ram = (_end - _edata)

.heap           0x1fff8260     0x1000 load address 0x00003a28
                0x1fff8260                . = _end
                0x1fff9260                . = (. + 0x1000)
 *fill*         0x1fff8260     0x1000 
                0x1fff9260                __cy_heap_limit = .

.stack          0x20007800      0x800
                0x20007800                __cy_stack_limit = .
                0x20008000                . = (. + 0x800)
 *fill*         0x20007800      0x800 
                0x00000001                ASSERT ((__cy_stack_limit >= __cy_heap_limit), region RAM overflowed with stack)
                0x00000000                cy_checksum_exclude_size = (CY_APPL_LOADABLE == 0x1)?SIZEOF (.cy_checksum_exclude):0x0
                0x00000001                ASSERT ((cy_checksum_exclude_size <= CY_CHECKSUM_EXCLUDE_SIZE), CY_BOOT: Section .cy_checksum_exclude size exceedes specified limit.)

.cyloadermeta
 *(.cyloadermeta)

.cyloadablemeta
 *(.cyloadablemeta)

.cyconfigecc    0x80000000      0xa24
 *(.cyconfigecc)
 .cyconfigecc   0x80000000      0xa24 .\CortexM3\ARM_GCC_541\Debug\cymetadata.o
                0x80000000                cy_meta_configecc

.cycustnvl      0x90000000        0x4
 *(.cycustnvl)
 .cycustnvl     0x90000000        0x4 .\CortexM3\ARM_GCC_541\Debug\cymetadata.o
                0x90000000                cy_meta_custnvl

.cywolatch      0x90100000        0x4
 *(.cywolatch)
 .cywolatch     0x90100000        0x4 .\CortexM3\ARM_GCC_541\Debug\cymetadata.o
                0x90100000                cy_meta_wonvl

.cyeeprom       0x90200000        0x0
 *(.cyeeprom)
                0x00000001                ASSERT ((. <= ((0x90200000 + ee_offset) + ee_size)), .cyeeprom data will not fit in EEPROM)

.cyflashprotect
                0x90400000      0x100
 *(.cyflashprotect)
 .cyflashprotect
                0x90400000      0x100 .\CortexM3\ARM_GCC_541\Debug\cymetadata.o
                0x90400000                cy_meta_flashprotect

.cymeta         0x90500000        0xc
 *(.cymeta)
 .cymeta        0x90500000        0xc .\CortexM3\ARM_GCC_541\Debug\cymetadata.o
                0x90500000                cy_metadata

.rel.dyn        0x00003a28        0x0 load address 0x9050000c
 .rel.iplt      0x00003a28        0x0 c:/program files (x86)/cypress/psoc creator/4.4/psoc creator/import/gnu/arm/5.4.1/bin/../lib/gcc/arm-none-eabi/5.4.1/armv7-m/crtbegin.o

.stab
 *(.stab)

.stabstr
 *(.stabstr)

.debug
 *(.debug)

.line
 *(.line)

.debug_srcinfo
 *(.debug_srcinfo)

.debug_sfnames
 *(.debug_sfnames)

.debug_aranges  0x00000000      0xad0
 *(.debug_aranges)
 .debug_aranges
                0x00000000       0x30 .\CortexM3\ARM_GCC_541\Debug\main.o
 .debug_aranges
                0x00000030       0x58 .\CortexM3\ARM_GCC_541\Debug\cyfitter_cfg.o
 .debug_aranges
                0x00000088       0x18 .\CortexM3\ARM_GCC_541\Debug\cymetadata.o
 .debug_aranges
                0x000000a0       0x48 .\CortexM3\ARM_GCC_541\Debug\Cm3Start.o
 .debug_aranges
                0x000000e8       0x98 .\CortexM3\ARM_GCC_541\Debug\Design01.a(TIMER.o)
 .debug_aranges
                0x00000180       0x98 .\CortexM3\ARM_GCC_541\Debug\Design01.a(PWM.o)
 .debug_aranges
                0x00000218       0x80 .\CortexM3\ARM_GCC_541\Debug\Design01.a(HE_ISR.o)
 .debug_aranges
                0x00000298       0xf0 .\CortexM3\ARM_GCC_541\Debug\Design01.a(UART.o)
 .debug_aranges
                0x00000388       0x98 .\CortexM3\ARM_GCC_541\Debug\Design01.a(SERVO_PWM.o)
 .debug_aranges
                0x00000420       0x70 .\CortexM3\ARM_GCC_541\Debug\Design01.a(UART_IntClock.o)
 .debug_aranges
                0x00000490      0x2a0 .\CortexM3\ARM_GCC_541\Debug\Design01.a(CyLib.o)
 .debug_aranges
                0x00000730       0x98 .\CortexM3\ARM_GCC_541\Debug\Design01.a(cyPm.o)
 .debug_aranges
                0x000007c8       0x70 .\CortexM3\ARM_GCC_541\Debug\Design01.a(COMP.o)
 .debug_aranges
                0x00000838       0x58 .\CortexM3\ARM_GCC_541\Debug\Design01.a(VDAC.o)
 .debug_aranges
                0x00000890       0x80 .\CortexM3\ARM_GCC_541\Debug\Design01.a(INT_SAMPLE.o)
 .debug_aranges
                0x00000910       0x98 .\CortexM3\ARM_GCC_541\Debug\Design01.a(VID_TIMER.o)
 .debug_aranges
                0x000009a8       0x20 .\CortexM3\ARM_GCC_541\Debug\Design01.a(CyBootAsmGnu.o)
 .debug_aranges
                0x000009c8       0x88 .\CortexM3\ARM_GCC_541\Debug\Design01.a(CyFlash.o)
 .debug_aranges
                0x00000a50       0x80 .\CortexM3\ARM_GCC_541\Debug\Design01.a(CySpc.o)

.debug_pubnames
 *(.debug_pubnames)

.debug_info     0x00000000     0x57e4
 *(.debug_info .gnu.linkonce.wi.*)
 .debug_info    0x00000000      0x404 .\CortexM3\ARM_GCC_541\Debug\main.o
 .debug_info    0x00000404      0x549 .\CortexM3\ARM_GCC_541\Debug\cyfitter_cfg.o
 .debug_info    0x0000094d      0x139 .\CortexM3\ARM_GCC_541\Debug\cymetadata.o
 .debug_info    0x00000a86      0x3bb .\CortexM3\ARM_GCC_541\Debug\Cm3Start.o
 .debug_info    0x00000e41      0x328 .\CortexM3\ARM_GCC_541\Debug\Design01.a(TIMER.o)
 .debug_info    0x00001169      0x354 .\CortexM3\ARM_GCC_541\Debug\Design01.a(PWM.o)
 .debug_info    0x000014bd      0x2d2 .\CortexM3\ARM_GCC_541\Debug\Design01.a(HE_ISR.o)
 .debug_info    0x0000178f      0x60c .\CortexM3\ARM_GCC_541\Debug\Design01.a(UART.o)
 .debug_info    0x00001d9b      0x354 .\CortexM3\ARM_GCC_541\Debug\Design01.a(SERVO_PWM.o)
 .debug_info    0x000020ef      0x283 .\CortexM3\ARM_GCC_541\Debug\Design01.a(UART_IntClock.o)
 .debug_info    0x00002372     0x1374 .\CortexM3\ARM_GCC_541\Debug\Design01.a(CyLib.o)
 .debug_info    0x000036e6      0xa2a .\CortexM3\ARM_GCC_541\Debug\Design01.a(cyPm.o)
 .debug_info    0x00004110      0x2c8 .\CortexM3\ARM_GCC_541\Debug\Design01.a(COMP.o)
 .debug_info    0x000043d8      0x1de .\CortexM3\ARM_GCC_541\Debug\Design01.a(VDAC.o)
 .debug_info    0x000045b6      0x2d2 .\CortexM3\ARM_GCC_541\Debug\Design01.a(INT_SAMPLE.o)
 .debug_info    0x00004888      0x328 .\CortexM3\ARM_GCC_541\Debug\Design01.a(VID_TIMER.o)
 .debug_info    0x00004bb0       0x97 .\CortexM3\ARM_GCC_541\Debug\Design01.a(CyBootAsmGnu.o)
 .debug_info    0x00004c47      0x64d .\CortexM3\ARM_GCC_541\Debug\Design01.a(CyFlash.o)
 .debug_info    0x00005294      0x550 .\CortexM3\ARM_GCC_541\Debug\Design01.a(CySpc.o)

.debug_abbrev   0x00000000     0x1987
 *(.debug_abbrev)
 .debug_abbrev  0x00000000      0x109 .\CortexM3\ARM_GCC_541\Debug\main.o
 .debug_abbrev  0x00000109      0x1fe .\CortexM3\ARM_GCC_541\Debug\cyfitter_cfg.o
 .debug_abbrev  0x00000307       0x77 .\CortexM3\ARM_GCC_541\Debug\cymetadata.o
 .debug_abbrev  0x0000037e      0x1e8 .\CortexM3\ARM_GCC_541\Debug\Cm3Start.o
 .debug_abbrev  0x00000566      0x13a .\CortexM3\ARM_GCC_541\Debug\Design01.a(TIMER.o)
 .debug_abbrev  0x000006a0      0x133 .\CortexM3\ARM_GCC_541\Debug\Design01.a(PWM.o)
 .debug_abbrev  0x000007d3      0x173 .\CortexM3\ARM_GCC_541\Debug\Design01.a(HE_ISR.o)
 .debug_abbrev  0x00000946      0x175 .\CortexM3\ARM_GCC_541\Debug\Design01.a(UART.o)
 .debug_abbrev  0x00000abb      0x133 .\CortexM3\ARM_GCC_541\Debug\Design01.a(SERVO_PWM.o)
 .debug_abbrev  0x00000bee      0x139 .\CortexM3\ARM_GCC_541\Debug\Design01.a(UART_IntClock.o)
 .debug_abbrev  0x00000d27      0x254 .\CortexM3\ARM_GCC_541\Debug\Design01.a(CyLib.o)
 .debug_abbrev  0x00000f7b      0x1ab .\CortexM3\ARM_GCC_541\Debug\Design01.a(cyPm.o)
 .debug_abbrev  0x00001126      0x16e .\CortexM3\ARM_GCC_541\Debug\Design01.a(COMP.o)
 .debug_abbrev  0x00001294       0xf7 .\CortexM3\ARM_GCC_541\Debug\Design01.a(VDAC.o)
 .debug_abbrev  0x0000138b      0x173 .\CortexM3\ARM_GCC_541\Debug\Design01.a(INT_SAMPLE.o)
 .debug_abbrev  0x000014fe      0x13a .\CortexM3\ARM_GCC_541\Debug\Design01.a(VID_TIMER.o)
 .debug_abbrev  0x00001638       0x14 .\CortexM3\ARM_GCC_541\Debug\Design01.a(CyBootAsmGnu.o)
 .debug_abbrev  0x0000164c      0x1a7 .\CortexM3\ARM_GCC_541\Debug\Design01.a(CyFlash.o)
 .debug_abbrev  0x000017f3      0x194 .\CortexM3\ARM_GCC_541\Debug\Design01.a(CySpc.o)

.debug_line     0x00000000     0x2757
 *(.debug_line)
 .debug_line    0x00000000      0x2a1 .\CortexM3\ARM_GCC_541\Debug\main.o
 .debug_line    0x000002a1      0x1e4 .\CortexM3\ARM_GCC_541\Debug\cyfitter_cfg.o
 .debug_line    0x00000485      0x141 .\CortexM3\ARM_GCC_541\Debug\cymetadata.o
 .debug_line    0x000005c6      0x234 .\CortexM3\ARM_GCC_541\Debug\Cm3Start.o
 .debug_line    0x000007fa      0x182 .\CortexM3\ARM_GCC_541\Debug\Design01.a(TIMER.o)
 .debug_line    0x0000097c      0x186 .\CortexM3\ARM_GCC_541\Debug\Design01.a(PWM.o)
 .debug_line    0x00000b02      0x133 .\CortexM3\ARM_GCC_541\Debug\Design01.a(HE_ISR.o)
 .debug_line    0x00000c35      0x2bc .\CortexM3\ARM_GCC_541\Debug\Design01.a(UART.o)
 .debug_line    0x00000ef1      0x18c .\CortexM3\ARM_GCC_541\Debug\Design01.a(SERVO_PWM.o)
 .debug_line    0x0000107d      0x17c .\CortexM3\ARM_GCC_541\Debug\Design01.a(UART_IntClock.o)
 .debug_line    0x000011f9      0x816 .\CortexM3\ARM_GCC_541\Debug\Design01.a(CyLib.o)
 .debug_line    0x00001a0f      0x367 .\CortexM3\ARM_GCC_541\Debug\Design01.a(cyPm.o)
 .debug_line    0x00001d76      0x163 .\CortexM3\ARM_GCC_541\Debug\Design01.a(COMP.o)
 .debug_line    0x00001ed9       0xe1 .\CortexM3\ARM_GCC_541\Debug\Design01.a(VDAC.o)
 .debug_line    0x00001fba      0x137 .\CortexM3\ARM_GCC_541\Debug\Design01.a(INT_SAMPLE.o)
 .debug_line    0x000020f1      0x186 .\CortexM3\ARM_GCC_541\Debug\Design01.a(VID_TIMER.o)
 .debug_line    0x00002277       0x66 .\CortexM3\ARM_GCC_541\Debug\Design01.a(CyBootAsmGnu.o)
 .debug_line    0x000022dd      0x21a .\CortexM3\ARM_GCC_541\Debug\Design01.a(CyFlash.o)
 .debug_line    0x000024f7      0x260 .\CortexM3\ARM_GCC_541\Debug\Design01.a(CySpc.o)

.debug_frame    0x00000000     0x224c
 *(.debug_frame)
 .debug_frame   0x00000000       0x84 .\CortexM3\ARM_GCC_541\Debug\main.o
 .debug_frame   0x00000084       0xe4 .\CortexM3\ARM_GCC_541\Debug\cyfitter_cfg.o
 .debug_frame   0x00000168       0xb8 .\CortexM3\ARM_GCC_541\Debug\Cm3Start.o
 .debug_frame   0x00000220      0x134 .\CortexM3\ARM_GCC_541\Debug\Design01.a(TIMER.o)
 .debug_frame   0x00000354      0x134 .\CortexM3\ARM_GCC_541\Debug\Design01.a(PWM.o)
 .debug_frame   0x00000488      0x104 .\CortexM3\ARM_GCC_541\Debug\Design01.a(HE_ISR.o)
 .debug_frame   0x0000058c      0x250 .\CortexM3\ARM_GCC_541\Debug\Design01.a(UART.o)
 .debug_frame   0x000007dc      0x134 .\CortexM3\ARM_GCC_541\Debug\Design01.a(SERVO_PWM.o)
 .debug_frame   0x00000910       0xe0 .\CortexM3\ARM_GCC_541\Debug\Design01.a(UART_IntClock.o)
 .debug_frame   0x000009f0      0x738 .\CortexM3\ARM_GCC_541\Debug\Design01.a(CyLib.o)
 .debug_frame   0x00001128      0x1f8 .\CortexM3\ARM_GCC_541\Debug\Design01.a(cyPm.o)
 .debug_frame   0x00001320      0x108 .\CortexM3\ARM_GCC_541\Debug\Design01.a(COMP.o)
 .debug_frame   0x00001428       0xb4 .\CortexM3\ARM_GCC_541\Debug\Design01.a(VDAC.o)
 .debug_frame   0x000014dc      0x104 .\CortexM3\ARM_GCC_541\Debug\Design01.a(INT_SAMPLE.o)
 .debug_frame   0x000015e0      0x134 .\CortexM3\ARM_GCC_541\Debug\Design01.a(VID_TIMER.o)
 .debug_frame   0x00001714      0x194 .\CortexM3\ARM_GCC_541\Debug\Design01.a(CyFlash.o)
 .debug_frame   0x000018a8      0x180 .\CortexM3\ARM_GCC_541\Debug\Design01.a(CySpc.o)
 .debug_frame   0x00001a28       0x20 c:/program files (x86)/cypress/psoc creator/4.4/psoc creator/import/gnu/arm/5.4.1/bin/../lib/gcc/arm-none-eabi/5.4.1/../../../../arm-none-eabi/lib/armv7-m\libg_nano.a(lib_a-errno.o)
 .debug_frame   0x00001a48       0x28 c:/program files (x86)/cypress/psoc creator/4.4/psoc creator/import/gnu/arm/5.4.1/bin/../lib/gcc/arm-none-eabi/5.4.1/../../../../arm-none-eabi/lib/armv7-m\libg_nano.a(lib_a-exit.o)
 .debug_frame   0x00001a70       0x2c c:/program files (x86)/cypress/psoc creator/4.4/psoc creator/import/gnu/arm/5.4.1/bin/../lib/gcc/arm-none-eabi/5.4.1/../../../../arm-none-eabi/lib/armv7-m\libg_nano.a(lib_a-init.o)
 .debug_frame   0x00001a9c       0x28 c:/program files (x86)/cypress/psoc creator/4.4/psoc creator/import/gnu/arm/5.4.1/bin/../lib/gcc/arm-none-eabi/5.4.1/../../../../arm-none-eabi/lib/armv7-m\libg_nano.a(lib_a-memcpy-stub.o)
 .debug_frame   0x00001ac4       0x20 c:/program files (x86)/cypress/psoc creator/4.4/psoc creator/import/gnu/arm/5.4.1/bin/../lib/gcc/arm-none-eabi/5.4.1/../../../../arm-none-eabi/lib/armv7-m\libg_nano.a(lib_a-memset.o)
 .debug_frame   0x00001ae4       0x8c c:/program files (x86)/cypress/psoc creator/4.4/psoc creator/import/gnu/arm/5.4.1/bin/../lib/gcc/arm-none-eabi/5.4.1/../../../../arm-none-eabi/lib/armv7-m\libg_nano.a(lib_a-nano-vfprintf_float.o)
 .debug_frame   0x00001b70       0x60 c:/program files (x86)/cypress/psoc creator/4.4/psoc creator/import/gnu/arm/5.4.1/bin/../lib/gcc/arm-none-eabi/5.4.1/../../../../arm-none-eabi/lib/armv7-m\libg_nano.a(lib_a-nano-vfprintf_i.o)
 .debug_frame   0x00001bd0       0x70 c:/program files (x86)/cypress/psoc creator/4.4/psoc creator/import/gnu/arm/5.4.1/bin/../lib/gcc/arm-none-eabi/5.4.1/../../../../arm-none-eabi/lib/armv7-m\libg_nano.a(lib_a-sprintf.o)
 .debug_frame   0x00001c40       0x6c c:/program files (x86)/cypress/psoc creator/4.4/psoc creator/import/gnu/arm/5.4.1/bin/../lib/gcc/arm-none-eabi/5.4.1/../../../../arm-none-eabi/lib/armv7-m\libg_nano.a(lib_a-dtoa.o)
 .debug_frame   0x00001cac       0x98 c:/program files (x86)/cypress/psoc creator/4.4/psoc creator/import/gnu/arm/5.4.1/bin/../lib/gcc/arm-none-eabi/5.4.1/../../../../arm-none-eabi/lib/armv7-m\libg_nano.a(lib_a-locale.o)
 .debug_frame   0x00001d44       0x30 c:/program files (x86)/cypress/psoc creator/4.4/psoc creator/import/gnu/arm/5.4.1/bin/../lib/gcc/arm-none-eabi/5.4.1/../../../../arm-none-eabi/lib/armv7-m\libg_nano.a(lib_a-malloc.o)
 .debug_frame   0x00001d74       0x28 c:/program files (x86)/cypress/psoc creator/4.4/psoc creator/import/gnu/arm/5.4.1/bin/../lib/gcc/arm-none-eabi/5.4.1/../../../../arm-none-eabi/lib/armv7-m\libg_nano.a(lib_a-memchr-stub.o)
 .debug_frame   0x00001d9c      0x234 c:/program files (x86)/cypress/psoc creator/4.4/psoc creator/import/gnu/arm/5.4.1/bin/../lib/gcc/arm-none-eabi/5.4.1/../../../../arm-none-eabi/lib/armv7-m\libg_nano.a(lib_a-mprec.o)
 .debug_frame   0x00001fd0       0x2c c:/program files (x86)/cypress/psoc creator/4.4/psoc creator/import/gnu/arm/5.4.1/bin/../lib/gcc/arm-none-eabi/5.4.1/../../../../arm-none-eabi/lib/armv7-m\libg_nano.a(lib_a-nano-callocr.o)
 .debug_frame   0x00001ffc       0x38 c:/program files (x86)/cypress/psoc creator/4.4/psoc creator/import/gnu/arm/5.4.1/bin/../lib/gcc/arm-none-eabi/5.4.1/../../../../arm-none-eabi/lib/armv7-m\libg_nano.a(lib_a-nano-freer.o)
 .debug_frame   0x00002034       0x2c c:/program files (x86)/cypress/psoc creator/4.4/psoc creator/import/gnu/arm/5.4.1/bin/../lib/gcc/arm-none-eabi/5.4.1/../../../../arm-none-eabi/lib/armv7-m\libg_nano.a(lib_a-nano-mallocr.o)
 .debug_frame   0x00002060       0x90 c:/program files (x86)/cypress/psoc creator/4.4/psoc creator/import/gnu/arm/5.4.1/bin/../lib/gcc/arm-none-eabi/5.4.1/../../../../arm-none-eabi/lib/armv7-m\libg_nano.a(lib_a-nano-svfprintf.o)
 .debug_frame   0x000020f0       0x2c c:/program files (x86)/cypress/psoc creator/4.4/psoc creator/import/gnu/arm/5.4.1/bin/../lib/gcc/arm-none-eabi/5.4.1/../../../../arm-none-eabi/lib/armv7-m\libg_nano.a(lib_a-sbrkr.o)
 .debug_frame   0x0000211c       0x20 c:/program files (x86)/cypress/psoc creator/4.4/psoc creator/import/gnu/arm/5.4.1/bin/../lib/gcc/arm-none-eabi/5.4.1/../../../../arm-none-eabi/lib/armv7-m\libg_nano.a(lib_a-strcmp.o)
 .debug_frame   0x0000213c       0x28 c:/program files (x86)/cypress/psoc creator/4.4/psoc creator/import/gnu/arm/5.4.1/bin/../lib/gcc/arm-none-eabi/5.4.1/../../../../arm-none-eabi/lib/armv7-m\libg_nano.a(lib_a-memmove.o)
 .debug_frame   0x00002164       0x30 c:/program files (x86)/cypress/psoc creator/4.4/psoc creator/import/gnu/arm/5.4.1/bin/../lib/gcc/arm-none-eabi/5.4.1/../../../../arm-none-eabi/lib/armv7-m\libg_nano.a(lib_a-mlock.o)
 .debug_frame   0x00002194       0x3c c:/program files (x86)/cypress/psoc creator/4.4/psoc creator/import/gnu/arm/5.4.1/bin/../lib/gcc/arm-none-eabi/5.4.1/../../../../arm-none-eabi/lib/armv7-m\libg_nano.a(lib_a-nano-reallocr.o)
 .debug_frame   0x000021d0       0x5c c:/program files (x86)/cypress/psoc creator/4.4/psoc creator/import/gnu/arm/5.4.1/bin/../lib/gcc/arm-none-eabi/5.4.1/../../../../arm-none-eabi/lib/armv7-m\libg_nano.a(lib_a-reent.o)
 .debug_frame   0x0000222c       0x20 c:/program files (x86)/cypress/psoc creator/4.4/psoc creator/import/gnu/arm/5.4.1/bin/../lib/gcc/arm-none-eabi/5.4.1/../../../../arm-none-eabi/lib/armv7-m\libg_nano.a(lib_a-nano-msizer.o)

.debug_str      0x00000000     0x1f5c
 *(.debug_str)
 .debug_str     0x00000000      0x2eb .\CortexM3\ARM_GCC_541\Debug\main.o
                                0x395 (size before relaxing)
 .debug_str     0x000002eb      0x186 .\CortexM3\ARM_GCC_541\Debug\cyfitter_cfg.o
                                0x31c (size before relaxing)
 .debug_str     0x00000471       0x7f .\CortexM3\ARM_GCC_541\Debug\cymetadata.o
                                0x1eb (size before relaxing)
 .debug_str     0x000004f0      0x13e .\CortexM3\ARM_GCC_541\Debug\Cm3Start.o
                                0x311 (size before relaxing)
 .debug_str     0x0000062e       0x80 .\CortexM3\ARM_GCC_541\Debug\Design01.a(TIMER.o)
                                0x369 (size before relaxing)
 .debug_str     0x000006ae       0x31 .\CortexM3\ARM_GCC_541\Debug\Design01.a(PWM.o)
                                0x33f (size before relaxing)
 .debug_str     0x000006df       0xee .\CortexM3\ARM_GCC_541\Debug\Design01.a(HE_ISR.o)
                                0x2bb (size before relaxing)
 .debug_str     0x000007cd      0x285 .\CortexM3\ARM_GCC_541\Debug\Design01.a(UART.o)
                                0x47c (size before relaxing)
 .debug_str     0x00000a52      0x18a .\CortexM3\ARM_GCC_541\Debug\Design01.a(SERVO_PWM.o)
                                0x3b1 (size before relaxing)
 .debug_str     0x00000bdc      0x189 .\CortexM3\ARM_GCC_541\Debug\Design01.a(UART_IntClock.o)
                                0x33d (size before relaxing)
 .debug_str     0x00000d65      0x7fa .\CortexM3\ARM_GCC_541\Debug\Design01.a(CyLib.o)
                                0xa4e (size before relaxing)
 .debug_str     0x0000155f      0x365 .\CortexM3\ARM_GCC_541\Debug\Design01.a(cyPm.o)
                                0x73a (size before relaxing)
 .debug_str     0x000018c4      0x10f .\CortexM3\ARM_GCC_541\Debug\Design01.a(COMP.o)
                                0x2c5 (size before relaxing)
 .debug_str     0x000019d3       0x88 .\CortexM3\ARM_GCC_541\Debug\Design01.a(VDAC.o)
                                0x21c (size before relaxing)
 .debug_str     0x00001a5b      0x106 .\CortexM3\ARM_GCC_541\Debug\Design01.a(INT_SAMPLE.o)
                                0x2f3 (size before relaxing)
 .debug_str     0x00001b61      0x194 .\CortexM3\ARM_GCC_541\Debug\Design01.a(VID_TIMER.o)
                                0x3b5 (size before relaxing)
 .debug_str     0x00001cf5      0x1bb .\CortexM3\ARM_GCC_541\Debug\Design01.a(CyFlash.o)
                                0x3c7 (size before relaxing)
 .debug_str     0x00001eb0       0xac .\CortexM3\ARM_GCC_541\Debug\Design01.a(CySpc.o)
                                0x33f (size before relaxing)

.debug_loc      0x00000000     0x2007
 *(.debug_loc)
 .debug_loc     0x00000000      0x1d7 .\CortexM3\ARM_GCC_541\Debug\cyfitter_cfg.o
 .debug_loc     0x000001d7      0x144 .\CortexM3\ARM_GCC_541\Debug\Cm3Start.o
 .debug_loc     0x0000031b       0x31 .\CortexM3\ARM_GCC_541\Debug\Design01.a(TIMER.o)
 .debug_loc     0x0000034c       0x26 .\CortexM3\ARM_GCC_541\Debug\Design01.a(PWM.o)
 .debug_loc     0x00000372       0x56 .\CortexM3\ARM_GCC_541\Debug\Design01.a(HE_ISR.o)
 .debug_loc     0x000003c8      0x258 .\CortexM3\ARM_GCC_541\Debug\Design01.a(UART.o)
 .debug_loc     0x00000620       0x26 .\CortexM3\ARM_GCC_541\Debug\Design01.a(SERVO_PWM.o)
 .debug_loc     0x00000646      0x128 .\CortexM3\ARM_GCC_541\Debug\Design01.a(UART_IntClock.o)
 .debug_loc     0x0000076e      0xa11 .\CortexM3\ARM_GCC_541\Debug\Design01.a(CyLib.o)
 .debug_loc     0x0000117f      0x1e4 .\CortexM3\ARM_GCC_541\Debug\Design01.a(cyPm.o)
 .debug_loc     0x00001363       0xed .\CortexM3\ARM_GCC_541\Debug\Design01.a(COMP.o)
 .debug_loc     0x00001450       0x79 .\CortexM3\ARM_GCC_541\Debug\Design01.a(VDAC.o)
 .debug_loc     0x000014c9       0x56 .\CortexM3\ARM_GCC_541\Debug\Design01.a(INT_SAMPLE.o)
 .debug_loc     0x0000151f       0x31 .\CortexM3\ARM_GCC_541\Debug\Design01.a(VID_TIMER.o)
 .debug_loc     0x00001550      0x3b2 .\CortexM3\ARM_GCC_541\Debug\Design01.a(CyFlash.o)
 .debug_loc     0x00001902      0x705 .\CortexM3\ARM_GCC_541\Debug\Design01.a(CySpc.o)

.debug_macinfo
 *(.debug_macinfo)

.debug_ranges   0x00000000      0x988
 *(.debug_ranges)
 .debug_ranges  0x00000000       0x20 .\CortexM3\ARM_GCC_541\Debug\main.o
 .debug_ranges  0x00000020       0x48 .\CortexM3\ARM_GCC_541\Debug\cyfitter_cfg.o
 .debug_ranges  0x00000068       0x38 .\CortexM3\ARM_GCC_541\Debug\Cm3Start.o
 .debug_ranges  0x000000a0       0x88 .\CortexM3\ARM_GCC_541\Debug\Design01.a(TIMER.o)
 .debug_ranges  0x00000128       0x88 .\CortexM3\ARM_GCC_541\Debug\Design01.a(PWM.o)
 .debug_ranges  0x000001b0       0x70 .\CortexM3\ARM_GCC_541\Debug\Design01.a(HE_ISR.o)
 .debug_ranges  0x00000220       0xe0 .\CortexM3\ARM_GCC_541\Debug\Design01.a(UART.o)
 .debug_ranges  0x00000300       0x88 .\CortexM3\ARM_GCC_541\Debug\Design01.a(SERVO_PWM.o)
 .debug_ranges  0x00000388       0x60 .\CortexM3\ARM_GCC_541\Debug\Design01.a(UART_IntClock.o)
 .debug_ranges  0x000003e8      0x290 .\CortexM3\ARM_GCC_541\Debug\Design01.a(CyLib.o)
 .debug_ranges  0x00000678       0x88 .\CortexM3\ARM_GCC_541\Debug\Design01.a(cyPm.o)
 .debug_ranges  0x00000700       0x60 .\CortexM3\ARM_GCC_541\Debug\Design01.a(COMP.o)
 .debug_ranges  0x00000760       0x48 .\CortexM3\ARM_GCC_541\Debug\Design01.a(VDAC.o)
 .debug_ranges  0x000007a8       0x70 .\CortexM3\ARM_GCC_541\Debug\Design01.a(INT_SAMPLE.o)
 .debug_ranges  0x00000818       0x88 .\CortexM3\ARM_GCC_541\Debug\Design01.a(VID_TIMER.o)
 .debug_ranges  0x000008a0       0x78 .\CortexM3\ARM_GCC_541\Debug\Design01.a(CyFlash.o)
 .debug_ranges  0x00000918       0x70 .\CortexM3\ARM_GCC_541\Debug\Design01.a(CySpc.o)

.comment        0x00000000       0x6e
 .comment       0x00000000       0x6e .\CortexM3\ARM_GCC_541\Debug\main.o
                                 0x6f (size before relaxing)
 .comment       0x0000006e       0x6f .\CortexM3\ARM_GCC_541\Debug\cyfitter_cfg.o
 .comment       0x0000006e       0x6f .\CortexM3\ARM_GCC_541\Debug\cymetadata.o
 .comment       0x0000006e       0x6f .\CortexM3\ARM_GCC_541\Debug\Cm3Start.o
 .comment       0x0000006e       0x6f .\CortexM3\ARM_GCC_541\Debug\Design01.a(TIMER.o)
 .comment       0x0000006e       0x6f .\CortexM3\ARM_GCC_541\Debug\Design01.a(PWM.o)
 .comment       0x0000006e       0x6f .\CortexM3\ARM_GCC_541\Debug\Design01.a(HE_ISR.o)
 .comment       0x0000006e       0x6f .\CortexM3\ARM_GCC_541\Debug\Design01.a(UART.o)
 .comment       0x0000006e       0x6f .\CortexM3\ARM_GCC_541\Debug\Design01.a(SERVO_PWM.o)
 .comment       0x0000006e       0x6f .\CortexM3\ARM_GCC_541\Debug\Design01.a(UART_IntClock.o)
 .comment       0x0000006e       0x6f .\CortexM3\ARM_GCC_541\Debug\Design01.a(CyLib.o)
 .comment       0x0000006e       0x6f .\CortexM3\ARM_GCC_541\Debug\Design01.a(cyPm.o)
 .comment       0x0000006e       0x6f .\CortexM3\ARM_GCC_541\Debug\Design01.a(COMP.o)
 .comment       0x0000006e       0x6f .\CortexM3\ARM_GCC_541\Debug\Design01.a(VDAC.o)
 .comment       0x0000006e       0x6f .\CortexM3\ARM_GCC_541\Debug\Design01.a(INT_SAMPLE.o)
 .comment       0x0000006e       0x6f .\CortexM3\ARM_GCC_541\Debug\Design01.a(VID_TIMER.o)
 .comment       0x0000006e       0x6f .\CortexM3\ARM_GCC_541\Debug\Design01.a(CyFlash.o)
 .comment       0x0000006e       0x6f .\CortexM3\ARM_GCC_541\Debug\Design01.a(CySpc.o)

.debug_weaknames
 *(.debug_weaknames)

.debug_funcnames
 *(.debug_funcnames)

.debug_typenames
 *(.debug_typenames)

.debug_varnames
 *(.debug_varnames)

.note.gnu.arm.ident
 *(.note.gnu.arm.ident)

.ARM.attributes
                0x00000000       0x29
 *(.ARM.attributes)
 .ARM.attributes
                0x00000000       0x1d c:/program files (x86)/cypress/psoc creator/4.4/psoc creator/import/gnu/arm/5.4.1/bin/../lib/gcc/arm-none-eabi/5.4.1/armv7-m/crti.o
 .ARM.attributes
                0x0000001d       0x2d c:/program files (x86)/cypress/psoc creator/4.4/psoc creator/import/gnu/arm/5.4.1/bin/../lib/gcc/arm-none-eabi/5.4.1/armv7-m/crtbegin.o
 .ARM.attributes
                0x0000004a       0x1b c:/program files (x86)/cypress/psoc creator/4.4/psoc creator/import/gnu/arm/5.4.1/bin/../lib/gcc/arm-none-eabi/5.4.1/../../../../arm-none-eabi/lib/armv7-m/crt0.o
 .ARM.attributes
                0x00000065       0x33 .\CortexM3\ARM_GCC_541\Debug\main.o
 .ARM.attributes
                0x00000098       0x33 .\CortexM3\ARM_GCC_541\Debug\cyfitter_cfg.o
 .ARM.attributes
                0x000000cb       0x33 .\CortexM3\ARM_GCC_541\Debug\cymetadata.o
 .ARM.attributes
                0x000000fe       0x33 .\CortexM3\ARM_GCC_541\Debug\Cm3Start.o
 .ARM.attributes
                0x00000131       0x33 .\CortexM3\ARM_GCC_541\Debug\Design01.a(TIMER.o)
 .ARM.attributes
                0x00000164       0x33 .\CortexM3\ARM_GCC_541\Debug\Design01.a(PWM.o)
 .ARM.attributes
                0x00000197       0x33 .\CortexM3\ARM_GCC_541\Debug\Design01.a(HE_ISR.o)
 .ARM.attributes
                0x000001ca       0x33 .\CortexM3\ARM_GCC_541\Debug\Design01.a(UART.o)
 .ARM.attributes
                0x000001fd       0x33 .\CortexM3\ARM_GCC_541\Debug\Design01.a(SERVO_PWM.o)
 .ARM.attributes
                0x00000230       0x33 .\CortexM3\ARM_GCC_541\Debug\Design01.a(UART_IntClock.o)
 .ARM.attributes
                0x00000263       0x33 .\CortexM3\ARM_GCC_541\Debug\Design01.a(CyLib.o)
 .ARM.attributes
                0x00000296       0x33 .\CortexM3\ARM_GCC_541\Debug\Design01.a(cyPm.o)
 .ARM.attributes
                0x000002c9       0x33 .\CortexM3\ARM_GCC_541\Debug\Design01.a(COMP.o)
 .ARM.attributes
                0x000002fc       0x33 .\CortexM3\ARM_GCC_541\Debug\Design01.a(VDAC.o)
 .ARM.attributes
                0x0000032f       0x33 .\CortexM3\ARM_GCC_541\Debug\Design01.a(INT_SAMPLE.o)
 .ARM.attributes
                0x00000362       0x33 .\CortexM3\ARM_GCC_541\Debug\Design01.a(VID_TIMER.o)
 .ARM.attributes
                0x00000395       0x21 .\CortexM3\ARM_GCC_541\Debug\Design01.a(CyBootAsmGnu.o)
 .ARM.attributes
                0x000003b6       0x33 .\CortexM3\ARM_GCC_541\Debug\Design01.a(CyFlash.o)
 .ARM.attributes
                0x000003e9       0x33 .\CortexM3\ARM_GCC_541\Debug\Design01.a(CySpc.o)
 .ARM.attributes
                0x0000041c       0x1d c:/program files (x86)/cypress/psoc creator/4.4/psoc creator/import/gnu/arm/5.4.1/bin/../lib/gcc/arm-none-eabi/5.4.1/armv7-m\libgcc.a(_arm_addsubdf3.o)
 .ARM.attributes
                0x00000439       0x1d c:/program files (x86)/cypress/psoc creator/4.4/psoc creator/import/gnu/arm/5.4.1/bin/../lib/gcc/arm-none-eabi/5.4.1/armv7-m\libgcc.a(_arm_muldivdf3.o)
 .ARM.attributes
                0x00000456       0x1d c:/program files (x86)/cypress/psoc creator/4.4/psoc creator/import/gnu/arm/5.4.1/bin/../lib/gcc/arm-none-eabi/5.4.1/armv7-m\libgcc.a(_arm_cmpdf2.o)
 .ARM.attributes
                0x00000473       0x1d c:/program files (x86)/cypress/psoc creator/4.4/psoc creator/import/gnu/arm/5.4.1/bin/../lib/gcc/arm-none-eabi/5.4.1/armv7-m\libgcc.a(_arm_fixunsdfsi.o)
 .ARM.attributes
                0x00000490       0x2d c:/program files (x86)/cypress/psoc creator/4.4/psoc creator/import/gnu/arm/5.4.1/bin/../lib/gcc/arm-none-eabi/5.4.1/../../../../arm-none-eabi/lib/armv7-m\libg_nano.a(lib_a-errno.o)
 .ARM.attributes
                0x000004bd       0x2d c:/program files (x86)/cypress/psoc creator/4.4/psoc creator/import/gnu/arm/5.4.1/bin/../lib/gcc/arm-none-eabi/5.4.1/../../../../arm-none-eabi/lib/armv7-m\libg_nano.a(lib_a-exit.o)
 .ARM.attributes
                0x000004ea       0x2d c:/program files (x86)/cypress/psoc creator/4.4/psoc creator/import/gnu/arm/5.4.1/bin/../lib/gcc/arm-none-eabi/5.4.1/../../../../arm-none-eabi/lib/armv7-m\libg_nano.a(lib_a-impure.o)
 .ARM.attributes
                0x00000517       0x2d c:/program files (x86)/cypress/psoc creator/4.4/psoc creator/import/gnu/arm/5.4.1/bin/../lib/gcc/arm-none-eabi/5.4.1/../../../../arm-none-eabi/lib/armv7-m\libg_nano.a(lib_a-init.o)
 .ARM.attributes
                0x00000544       0x2d c:/program files (x86)/cypress/psoc creator/4.4/psoc creator/import/gnu/arm/5.4.1/bin/../lib/gcc/arm-none-eabi/5.4.1/../../../../arm-none-eabi/lib/armv7-m\libg_nano.a(lib_a-memcpy-stub.o)
 .ARM.attributes
                0x00000571       0x2d c:/program files (x86)/cypress/psoc creator/4.4/psoc creator/import/gnu/arm/5.4.1/bin/../lib/gcc/arm-none-eabi/5.4.1/../../../../arm-none-eabi/lib/armv7-m\libg_nano.a(lib_a-memset.o)
 .ARM.attributes
                0x0000059e       0x2d c:/program files (x86)/cypress/psoc creator/4.4/psoc creator/import/gnu/arm/5.4.1/bin/../lib/gcc/arm-none-eabi/5.4.1/../../../../arm-none-eabi/lib/armv7-m\libg_nano.a(lib_a-nano-vfprintf_float.o)
 .ARM.attributes
                0x000005cb       0x2d c:/program files (x86)/cypress/psoc creator/4.4/psoc creator/import/gnu/arm/5.4.1/bin/../lib/gcc/arm-none-eabi/5.4.1/../../../../arm-none-eabi/lib/armv7-m\libg_nano.a(lib_a-nano-vfprintf_i.o)
 .ARM.attributes
                0x000005f8       0x2d c:/program files (x86)/cypress/psoc creator/4.4/psoc creator/import/gnu/arm/5.4.1/bin/../lib/gcc/arm-none-eabi/5.4.1/../../../../arm-none-eabi/lib/armv7-m\libg_nano.a(lib_a-sprintf.o)
 .ARM.attributes
                0x00000625       0x17 c:/program files (x86)/cypress/psoc creator/4.4/psoc creator/import/gnu/arm/5.4.1/bin/../lib/gcc/arm-none-eabi/5.4.1/../../../../arm-none-eabi/lib/armv7-m\libg_nano.a(lib_a-strlen.o)
 .ARM.attributes
                0x0000063c       0x2d c:/program files (x86)/cypress/psoc creator/4.4/psoc creator/import/gnu/arm/5.4.1/bin/../lib/gcc/arm-none-eabi/5.4.1/../../../../arm-none-eabi/lib/armv7-m\libg_nano.a(lib_a-dtoa.o)
 .ARM.attributes
                0x00000669       0x2d c:/program files (x86)/cypress/psoc creator/4.4/psoc creator/import/gnu/arm/5.4.1/bin/../lib/gcc/arm-none-eabi/5.4.1/../../../../arm-none-eabi/lib/armv7-m\libg_nano.a(lib_a-locale.o)
 .ARM.attributes
                0x00000696       0x2d c:/program files (x86)/cypress/psoc creator/4.4/psoc creator/import/gnu/arm/5.4.1/bin/../lib/gcc/arm-none-eabi/5.4.1/../../../../arm-none-eabi/lib/armv7-m\libg_nano.a(lib_a-malloc.o)
 .ARM.attributes
                0x000006c3       0x2d c:/program files (x86)/cypress/psoc creator/4.4/psoc creator/import/gnu/arm/5.4.1/bin/../lib/gcc/arm-none-eabi/5.4.1/../../../../arm-none-eabi/lib/armv7-m\libg_nano.a(lib_a-memchr-stub.o)
 .ARM.attributes
                0x000006f0       0x2d c:/program files (x86)/cypress/psoc creator/4.4/psoc creator/import/gnu/arm/5.4.1/bin/../lib/gcc/arm-none-eabi/5.4.1/../../../../arm-none-eabi/lib/armv7-m\libg_nano.a(lib_a-mprec.o)
 .ARM.attributes
                0x0000071d       0x2d c:/program files (x86)/cypress/psoc creator/4.4/psoc creator/import/gnu/arm/5.4.1/bin/../lib/gcc/arm-none-eabi/5.4.1/../../../../arm-none-eabi/lib/armv7-m\libg_nano.a(lib_a-nano-callocr.o)
 .ARM.attributes
                0x0000074a       0x2d c:/program files (x86)/cypress/psoc creator/4.4/psoc creator/import/gnu/arm/5.4.1/bin/../lib/gcc/arm-none-eabi/5.4.1/../../../../arm-none-eabi/lib/armv7-m\libg_nano.a(lib_a-nano-freer.o)
 .ARM.attributes
                0x00000777       0x2d c:/program files (x86)/cypress/psoc creator/4.4/psoc creator/import/gnu/arm/5.4.1/bin/../lib/gcc/arm-none-eabi/5.4.1/../../../../arm-none-eabi/lib/armv7-m\libg_nano.a(lib_a-nano-mallocr.o)
 .ARM.attributes
                0x000007a4       0x2d c:/program files (x86)/cypress/psoc creator/4.4/psoc creator/import/gnu/arm/5.4.1/bin/../lib/gcc/arm-none-eabi/5.4.1/../../../../arm-none-eabi/lib/armv7-m\libg_nano.a(lib_a-nano-svfprintf.o)
 .ARM.attributes
                0x000007d1       0x2d c:/program files (x86)/cypress/psoc creator/4.4/psoc creator/import/gnu/arm/5.4.1/bin/../lib/gcc/arm-none-eabi/5.4.1/../../../../arm-none-eabi/lib/armv7-m\libg_nano.a(lib_a-sbrkr.o)
 .ARM.attributes
                0x000007fe       0x1b c:/program files (x86)/cypress/psoc creator/4.4/psoc creator/import/gnu/arm/5.4.1/bin/../lib/gcc/arm-none-eabi/5.4.1/../../../../arm-none-eabi/lib/armv7-m\libg_nano.a(lib_a-strcmp.o)
 .ARM.attributes
                0x00000819       0x2d c:/program files (x86)/cypress/psoc creator/4.4/psoc creator/import/gnu/arm/5.4.1/bin/../lib/gcc/arm-none-eabi/5.4.1/../../../../arm-none-eabi/lib/armv7-m\libg_nano.a(lib_a-memmove.o)
 .ARM.attributes
                0x00000846       0x2d c:/program files (x86)/cypress/psoc creator/4.4/psoc creator/import/gnu/arm/5.4.1/bin/../lib/gcc/arm-none-eabi/5.4.1/../../../../arm-none-eabi/lib/armv7-m\libg_nano.a(lib_a-mlock.o)
 .ARM.attributes
                0x00000873       0x2d c:/program files (x86)/cypress/psoc creator/4.4/psoc creator/import/gnu/arm/5.4.1/bin/../lib/gcc/arm-none-eabi/5.4.1/../../../../arm-none-eabi/lib/armv7-m\libg_nano.a(lib_a-nano-reallocr.o)
 .ARM.attributes
                0x000008a0       0x2d c:/program files (x86)/cypress/psoc creator/4.4/psoc creator/import/gnu/arm/5.4.1/bin/../lib/gcc/arm-none-eabi/5.4.1/../../../../arm-none-eabi/lib/armv7-m\libg_nano.a(lib_a-reent.o)
 .ARM.attributes
                0x000008cd       0x2d c:/program files (x86)/cypress/psoc creator/4.4/psoc creator/import/gnu/arm/5.4.1/bin/../lib/gcc/arm-none-eabi/5.4.1/../../../../arm-none-eabi/lib/armv7-m\libg_nano.a(lib_a-nano-msizer.o)
 .ARM.attributes
                0x000008fa       0x1d c:/program files (x86)/cypress/psoc creator/4.4/psoc creator/import/gnu/arm/5.4.1/bin/../lib/gcc/arm-none-eabi/5.4.1/armv7-m\libgcc.a(_arm_unorddf2.o)
 .ARM.attributes
                0x00000917       0x1d c:/program files (x86)/cypress/psoc creator/4.4/psoc creator/import/gnu/arm/5.4.1/bin/../lib/gcc/arm-none-eabi/5.4.1/armv7-m\libgcc.a(_arm_fixdfsi.o)
 .ARM.attributes
                0x00000934       0x2d c:/program files (x86)/cypress/psoc creator/4.4/psoc creator/import/gnu/arm/5.4.1/bin/../lib/gcc/arm-none-eabi/5.4.1/armv7-m/crtend.o
 .ARM.attributes
                0x00000961       0x1d c:/program files (x86)/cypress/psoc creator/4.4/psoc creator/import/gnu/arm/5.4.1/bin/../lib/gcc/arm-none-eabi/5.4.1/armv7-m/crtn.o

/DISCARD/
 *(.note.GNU-stack)
OUTPUT(C:\Users\danie\Documents\ECE302_NavCode\ECE302_NavProject\Design01.cydsn\CortexM3\ARM_GCC_541\Debug\Design01.elf elf32-littlearm)
