Archive member included to satisfy reference by file (symbol)

.\CortexM3\ARM_GCC_541\Debug\Design01.a(TIMER.o)
                              .\CortexM3\ARM_GCC_541\Debug\main.o (TIMER_ReadStatusRegister)
.\CortexM3\ARM_GCC_541\Debug\Design01.a(PWM.o)
                              .\CortexM3\ARM_GCC_541\Debug\main.o (PWM_WriteCompare)
.\CortexM3\ARM_GCC_541\Debug\Design01.a(HE_ISR.o)
                              .\CortexM3\ARM_GCC_541\Debug\main.o (HE_ISR_SetVector)
.\CortexM3\ARM_GCC_541\Debug\Design01.a(UART.o)
                              .\CortexM3\ARM_GCC_541\Debug\main.o (UART_Start)
.\CortexM3\ARM_GCC_541\Debug\Design01.a(SERVO_PWM.o)
                              .\CortexM3\ARM_GCC_541\Debug\main.o (SERVO_PWM_WriteCompare)
.\CortexM3\ARM_GCC_541\Debug\Design01.a(UART_IntClock.o)
                              .\CortexM3\ARM_GCC_541\Debug\Design01.a(UART.o) (UART_IntClock_Start)
.\CortexM3\ARM_GCC_541\Debug\Design01.a(CyLib.o)
                              .\CortexM3\ARM_GCC_541\Debug\Cm3Start.o (CyHalt)
.\CortexM3\ARM_GCC_541\Debug\Design01.a(cyPm.o)
                              .\CortexM3\ARM_GCC_541\Debug\Design01.a(CyLib.o) (CyPmReadStatus)
.\CortexM3\ARM_GCC_541\Debug\Design01.a(COMP.o)
                              .\CortexM3\ARM_GCC_541\Debug\main.o (COMP_Start)
.\CortexM3\ARM_GCC_541\Debug\Design01.a(VDAC.o)
                              .\CortexM3\ARM_GCC_541\Debug\main.o (VDAC_Start)
.\CortexM3\ARM_GCC_541\Debug\Design01.a(INT_SAMPLE.o)
                              .\CortexM3\ARM_GCC_541\Debug\main.o (INT_SAMPLE_SetVector)
.\CortexM3\ARM_GCC_541\Debug\Design01.a(VID_TIMER.o)
                              .\CortexM3\ARM_GCC_541\Debug\main.o (VID_TIMER_ReadCapture)
.\CortexM3\ARM_GCC_541\Debug\Design01.a(CyBootAsmGnu.o)
                              .\CortexM3\ARM_GCC_541\Debug\cyfitter_cfg.o (CyDelayCycles)
.\CortexM3\ARM_GCC_541\Debug\Design01.a(CyFlash.o)
                              .\CortexM3\ARM_GCC_541\Debug\Design01.a(cyPm.o) (CyFlash_SetWaitCycles)
.\CortexM3\ARM_GCC_541\Debug\Design01.a(CySpc.o)
                              .\CortexM3\ARM_GCC_541\Debug\Design01.a(CyFlash.o) (CySpcStart)
c:/program files (x86)/cypress/psoc creator/4.4/psoc creator/import/gnu/arm/5.4.1/bin/../lib/gcc/arm-none-eabi/5.4.1/armv7-m\libgcc.a(_arm_addsubdf3.o)
                              .\CortexM3\ARM_GCC_541\Debug\main.o (__aeabi_dsub)
c:/program files (x86)/cypress/psoc creator/4.4/psoc creator/import/gnu/arm/5.4.1/bin/../lib/gcc/arm-none-eabi/5.4.1/armv7-m\libgcc.a(_arm_muldivdf3.o)
                              .\CortexM3\ARM_GCC_541\Debug\main.o (__aeabi_dmul)
c:/program files (x86)/cypress/psoc creator/4.4/psoc creator/import/gnu/arm/5.4.1/bin/../lib/gcc/arm-none-eabi/5.4.1/armv7-m\libgcc.a(_arm_cmpdf2.o)
                              .\CortexM3\ARM_GCC_541\Debug\main.o (__aeabi_dcmplt)
c:/program files (x86)/cypress/psoc creator/4.4/psoc creator/import/gnu/arm/5.4.1/bin/../lib/gcc/arm-none-eabi/5.4.1/armv7-m\libgcc.a(_arm_fixdfsi.o)
                              .\CortexM3\ARM_GCC_541\Debug\main.o (__aeabi_d2iz)
c:/program files (x86)/cypress/psoc creator/4.4/psoc creator/import/gnu/arm/5.4.1/bin/../lib/gcc/arm-none-eabi/5.4.1/armv7-m\libgcc.a(_arm_fixunsdfsi.o)
                              .\CortexM3\ARM_GCC_541\Debug\main.o (__aeabi_d2uiz)
c:/program files (x86)/cypress/psoc creator/4.4/psoc creator/import/gnu/arm/5.4.1/bin/../lib/gcc/arm-none-eabi/5.4.1/../../../../arm-none-eabi/lib/armv7-m\libg_nano.a(lib_a-errno.o)
                              .\CortexM3\ARM_GCC_541\Debug\Cm3Start.o (__errno)
c:/program files (x86)/cypress/psoc creator/4.4/psoc creator/import/gnu/arm/5.4.1/bin/../lib/gcc/arm-none-eabi/5.4.1/../../../../arm-none-eabi/lib/armv7-m\libg_nano.a(lib_a-exit.o)
                              c:/program files (x86)/cypress/psoc creator/4.4/psoc creator/import/gnu/arm/5.4.1/bin/../lib/gcc/arm-none-eabi/5.4.1/../../../../arm-none-eabi/lib/armv7-m/crt0.o (exit)
c:/program files (x86)/cypress/psoc creator/4.4/psoc creator/import/gnu/arm/5.4.1/bin/../lib/gcc/arm-none-eabi/5.4.1/../../../../arm-none-eabi/lib/armv7-m\libg_nano.a(lib_a-impure.o)
                              c:/program files (x86)/cypress/psoc creator/4.4/psoc creator/import/gnu/arm/5.4.1/bin/../lib/gcc/arm-none-eabi/5.4.1/../../../../arm-none-eabi/lib/armv7-m\libg_nano.a(lib_a-exit.o) (_global_impure_ptr)
c:/program files (x86)/cypress/psoc creator/4.4/psoc creator/import/gnu/arm/5.4.1/bin/../lib/gcc/arm-none-eabi/5.4.1/../../../../arm-none-eabi/lib/armv7-m\libg_nano.a(lib_a-init.o)
                              c:/program files (x86)/cypress/psoc creator/4.4/psoc creator/import/gnu/arm/5.4.1/bin/../lib/gcc/arm-none-eabi/5.4.1/../../../../arm-none-eabi/lib/armv7-m/crt0.o (__libc_init_array)
c:/program files (x86)/cypress/psoc creator/4.4/psoc creator/import/gnu/arm/5.4.1/bin/../lib/gcc/arm-none-eabi/5.4.1/../../../../arm-none-eabi/lib/armv7-m\libg_nano.a(lib_a-memcpy-stub.o)
[...]
Memory Configuration

Name             Origin             Length             Attributes
rom              0x00000000         0x00040000         xr
ram              0x1fff8000         0x00010000         xrw
*default*        0x00000000         0xffffffff

Linker script and memory map

LOAD c:/program files (x86)/cypress/psoc creator/4.4/psoc creator/import/gnu/arm/5.4.1/bin/../lib/gcc/arm-none-eabi/5.4.1/armv7-m/crti.o
LOAD c:/program files (x86)/cypress/psoc creator/4.4/psoc creator/import/gnu/arm/5.4.1/bin/../lib/gcc/arm-none-eabi/5.4.1/armv7-m/crtbegin.o
LOAD c:/program files (x86)/cypress/psoc creator/4.4/psoc creator/import/gnu/arm/5.4.1/bin/../lib/gcc/arm-none-eabi/5.4.1/../../../../arm-none-eabi/lib/armv7-m/crt0.o
START GROUP
LOAD .\CortexM3\ARM_GCC_541\Debug\main.o
LOAD .\CortexM3\ARM_GCC_541\Debug\cyfitter_cfg.o
LOAD .\CortexM3\ARM_GCC_541\Debug\cymetadata.o
LOAD .\CortexM3\ARM_GCC_541\Debug\Cm3Start.o
LOAD .\CortexM3\ARM_GCC_541\Debug\Design01.a
LOAD C:\Program Files (x86)\Cypress\PSoC Creator\4.4\PSoC Creator\psoc\content\cycomponentlibrary\CyComponentLibrary.cylib\CortexM3\ARM_GCC_541\Debug\CyComponentLibrary.a
END GROUP
START GROUP
LOAD c:/program files (x86)/cypress/psoc creator/4.4/psoc creator/import/gnu/arm/5.4.1/bin/../lib/gcc/arm-none-eabi/5.4.1/armv7-m\libgcc.a
LOAD c:/program files (x86)/cypress/psoc creator/4.4/psoc creator/import/gnu/arm/5.4.1/bin/../lib/gcc/arm-none-eabi/5.4.1/../../../../arm-none-eabi/lib/armv7-m\libg_nano.a
LOAD c:/program files (x86)/cypress/psoc creator/4.4/psoc creator/import/gnu/arm/5.4.1/bin/../lib/gcc/arm-none-eabi/5.4.1/../../../../arm-none-eabi/lib/armv7-m\libc_nano.a
END GROUP
START GROUP
LOAD c:/program files (x86)/cypress/psoc creator/4.4/psoc creator/import/gnu/arm/5.4.1/bin/../lib/gcc/arm-none-eabi/5.4.1/armv7-m\libgcc.a
LOAD c:/program files (x86)/cypress/psoc creator/4.4/psoc creator/import/gnu/arm/5.4.1/bin/../lib/gcc/arm-none-eabi/5.4.1/../../../../arm-none-eabi/lib/armv7-m\libc_nano.a
END GROUP
LOAD c:/program files (x86)/cypress/psoc creator/4.4/psoc creator/import/gnu/arm/5.4.1/bin/../lib/gcc/arm-none-eabi/5.4.1/armv7-m/crtend.o
LOAD c:/program files (x86)/cypress/psoc creator/4.4/psoc creator/import/gnu/arm/5.4.1/bin/../lib/gcc/arm-none-eabi/5.4.1/armv7-m/crtn.o
START GROUP
LOAD c:/program files (x86)/cypress/psoc creator/4.4/psoc creator/import/gnu/arm/5.4.1/bin/../lib/gcc/arm-none-eabi/5.4.1/armv7-m\libgcc.a
LOAD c:/program files (x86)/cypress/psoc creator/4.4/psoc creator/import/gnu/arm/5.4.1/bin/../lib/gcc/arm-none-eabi/5.4.1/../../../../arm-none-eabi/lib/armv7-m\libc.a
LOAD c:/program files (x86)/cypress/psoc creator/4.4/psoc creator/import/gnu/arm/5.4.1/bin/../lib/gcc/arm-none-eabi/5.4.1/../../../../arm-none-eabi/lib/armv7-m\libnosys.a
END GROUP
                0x00000000                CY_APPL_ORIGIN = 0x0
                0x00000100                CY_FLASH_ROW_SIZE = 0x100
                0x00000020                CY_ECC_ROW_SIZE = 0x20
                0x00000000                CY_EE_IN_BTLDR = 0x0
                0x00000000                CY_APPL_LOADABLE = 0x0
                0x00000800                CY_EE_SIZE = 0x800
                0x00000001                CY_APPL_NUM = 0x1
                0x00000001                CY_APPL_MAX = 0x1
                0x00000040                CY_METADATA_SIZE = 0x40
                0x00000000                CY_APPL_LOADABLE = 0x0
                0x00000000                CY_CHECKSUM_EXCLUDE_SIZE = ALIGN (0x0, CY_FLASH_ROW_SIZE)
                [!provide]                PROVIDE (__cy_heap_start, _end)
                0x00000001                PROVIDE (__cy_region_num, ((__cy_regions_end - __cy_regions) / 0x10))
                0x20008000                PROVIDE (__cy_stack, (ORIGIN (ram) + LENGTH (ram)))
                [!provide]                PROVIDE (__cy_heap_end, (__cy_stack - 0x800))

.cybootloader   0x00000000        0x0
 *(.cybootloader)
                0x00000000                appl1_start = CY_APPL_ORIGIN?CY_APPL_ORIGIN:ALIGN (CY_FLASH_ROW_SIZE)
                0x0001ff00                appl2_start = (appl1_start + ALIGN ((((LENGTH (rom) - appl1_start) - (0x2 * CY_FLASH_ROW_SIZE)) / 0x2), CY_FLASH_ROW_SIZE))
                0x00000000                appl_start = (CY_APPL_NUM == 0x1)?appl1_start:appl2_start
                0x00000000                ecc_offset = ((appl_start / CY_FLASH_ROW_SIZE) * CY_ECC_ROW_SIZE)
                0x00000000                ee_offset = (CY_APPL_LOADABLE && ! (CY_EE_IN_BTLDR))?((CY_EE_SIZE / CY_APPL_MAX) * (CY_APPL_NUM - 0x1)):0x0
                0x00000800                ee_size = (CY_APPL_LOADABLE && ! (CY_EE_IN_BTLDR))?(CY_EE_SIZE / CY_APPL_MAX):CY_EE_SIZE
                [!provide]                PROVIDE (CY_ECC_OFFSET, ecc_offset)

.text           0x00000000     0x3794
 CREATE_OBJECT_SYMBOLS
                0x00000000                PROVIDE (__cy_interrupt_vector, RomVectors)
 *(.romvectors)
 .romvectors    0x00000000       0x10 .\CortexM3\ARM_GCC_541\Debug\Cm3Start.o
                0x00000000                RomVectors
                0x00000001                ASSERT ((. != __cy_interrupt_vector), No interrupt vector)
                0x00000001                ASSERT (CY_APPL_ORIGIN?(SIZEOF (.cybootloader) <= CY_APPL_ORIGIN):0x1, Wrong image location)
                0x00000010                PROVIDE (__cy_reset, Reset)
 *(.text.Reset)
 .text.Reset    0x00000010       0x18 .\CortexM3\ARM_GCC_541\Debug\Cm3Start.o
                0x00000010                Reset
                0x00000001                ASSERT ((. != __cy_reset), No reset code)
 *(.dma_init)
                0x00000001                ASSERT ((((appl_start + .) <= 0x10000) || 0x1), DMA Init must be within the first 64k of flash)
 *(.text .text.* .gnu.linkonce.t.*)
 .text          0x00000028       0x5c c:/program files (x86)/cypress/psoc creator/4.4/psoc creator/import/gnu/arm/5.4.1/bin/../lib/gcc/arm-none-eabi/5.4.1/armv7-m/crtbegin.o
 *fill*         0x00000084        0x4 
 .text.steer_inter
                0x00000088       0xc4 .\CortexM3\ARM_GCC_541\Debug\main.o
                0x00000088                steer_inter
 *fill*         0x0000014c        0x4 
 .text.speed_inter
                0x00000150      0x17c .\CortexM3\ARM_GCC_541\Debug\main.o
                0x00000150                speed_inter
 .text.main     0x000002cc       0x48 .\CortexM3\ARM_GCC_541\Debug\main.o
                0x000002cc                main
 .text.CyClockStartupError
                0x00000314        0x4 .\CortexM3\ARM_GCC_541\Debug\cyfitter_cfg.o
 .text.cfg_write_bytes32
                0x00000318       0x34 .\CortexM3\ARM_GCC_541\Debug\cyfitter_cfg.o
 .text.AnalogSetDefault
                0x0000034c       0x48 .\CortexM3\ARM_GCC_541\Debug\cyfitter_cfg.o
 .text.CYMEMZERO
                0x00000394        0xc .\CortexM3\ARM_GCC_541\Debug\cyfitter_cfg.o
 .text.ClockSetup
                0x000003a0       0xe0 .\CortexM3\ARM_GCC_541\Debug\cyfitter_cfg.o
 .text.CYCONFIGCPY
                0x00000480        0x8 .\CortexM3\ARM_GCC_541\Debug\cyfitter_cfg.o
 .text.cyfitter_cfg
                0x00000488      0x15c .\CortexM3\ARM_GCC_541\Debug\cyfitter_cfg.o
                0x00000488                cyfitter_cfg
 .text.IntDefaultHandler
                0x000005e4       0x10 .\CortexM3\ARM_GCC_541\Debug\Cm3Start.o
                0x000005e4                IntDefaultHandler
 .text._sbrk    0x000005f4       0x30 .\CortexM3\ARM_GCC_541\Debug\Cm3Start.o
                0x000005f4                _sbrk
 .text.Start_c  0x00000624       0x4c .\CortexM3\ARM_GCC_541\Debug\Cm3Start.o
                0x00000624                Start_c
 .text.initialize_psoc
                0x00000670       0x68 .\CortexM3\ARM_GCC_541\Debug\Cm3Start.o
                0x00000670                initialize_psoc
 .text.TIMER_Enable
                0x000006d8       0x10 .\CortexM3\ARM_GCC_541\Debug\Design01.a(TIMER.o)
                0x000006d8                TIMER_Enable
 .text.TIMER_SetInterruptMode
                0x000006e8        0xc .\CortexM3\ARM_GCC_541\Debug\Design01.a(TIMER.o)
                0x000006e8                TIMER_SetInterruptMode
 .text.TIMER_ReadStatusRegister
                0x000006f4        0xc .\CortexM3\ARM_GCC_541\Debug\Design01.a(TIMER.o)
                0x000006f4                TIMER_ReadStatusRegister
 .text.TIMER_WritePeriod
                0x00000700        0xc .\CortexM3\ARM_GCC_541\Debug\Design01.a(TIMER.o)
                0x00000700                TIMER_WritePeriod
 .text.TIMER_ReadCapture
                0x0000070c        0xc .\CortexM3\ARM_GCC_541\Debug\Design01.a(TIMER.o)
                0x0000070c                TIMER_ReadCapture
 .text.TIMER_WriteCounter
                0x00000718        0xc .\CortexM3\ARM_GCC_541\Debug\Design01.a(TIMER.o)
                0x00000718                TIMER_WriteCounter
 .text.TIMER_SetInterruptCount
                0x00000724       0x1c .\CortexM3\ARM_GCC_541\Debug\Design01.a(TIMER.o)
                0x00000724                TIMER_SetInterruptCount
 .text.TIMER_ClearFIFO
                0x00000740       0x14 .\CortexM3\ARM_GCC_541\Debug\Design01.a(TIMER.o)
                0x00000740                TIMER_ClearFIFO
 .text.TIMER_Init
                0x00000754       0x3c .\CortexM3\ARM_GCC_541\Debug\Design01.a(TIMER.o)
                0x00000754                TIMER_Init
 .text.TIMER_Start
                0x00000790       0x1c .\CortexM3\ARM_GCC_541\Debug\Design01.a(TIMER.o)
                0x00000790                TIMER_Start
 .text.PWM_Enable
                0x000007ac       0x10 .\CortexM3\ARM_GCC_541\Debug\Design01.a(PWM.o)
                0x000007ac                PWM_Enable
 .text.PWM_WriteCounter
                0x000007bc        0xc .\CortexM3\ARM_GCC_541\Debug\Design01.a(PWM.o)
                0x000007bc                PWM_WriteCounter
 .text.PWM_WritePeriod
                0x000007c8        0xc .\CortexM3\ARM_GCC_541\Debug\Design01.a(PWM.o)
                0x000007c8                PWM_WritePeriod
 .text.PWM_WriteCompare
                0x000007d4        0xc .\CortexM3\ARM_GCC_541\Debug\Design01.a(PWM.o)
                0x000007d4                PWM_WriteCompare
 .text.PWM_SetInterruptMode
                0x000007e0        0xc .\CortexM3\ARM_GCC_541\Debug\Design01.a(PWM.o)
                0x000007e0                PWM_SetInterruptMode
 .text.PWM_ReadStatusRegister
                0x000007ec        0xc .\CortexM3\ARM_GCC_541\Debug\Design01.a(PWM.o)
                0x000007ec                PWM_ReadStatusRegister
 .text.PWM_ReadCapture
                0x000007f8        0xc .\CortexM3\ARM_GCC_541\Debug\Design01.a(PWM.o)
                0x000007f8                PWM_ReadCapture
 .text.PWM_ClearFIFO
                0x00000804       0x14 .\CortexM3\ARM_GCC_541\Debug\Design01.a(PWM.o)
                0x00000804                PWM_ClearFIFO
 .text.PWM_Init
                0x00000818       0x64 .\CortexM3\ARM_GCC_541\Debug\Design01.a(PWM.o)
                0x00000818                PWM_Init
 .text.PWM_Start
                0x0000087c       0x1c .\CortexM3\ARM_GCC_541\Debug\Design01.a(PWM.o)
                0x0000087c                PWM_Start
 .text.HE_ISR_Interrupt
                0x00000898        0x4 .\CortexM3\ARM_GCC_541\Debug\Design01.a(HE_ISR.o)
                0x00000898                HE_ISR_Interrupt
 .text.HE_ISR_SetVector
                0x0000089c        0xc .\CortexM3\ARM_GCC_541\Debug\Design01.a(HE_ISR.o)
                0x0000089c                HE_ISR_SetVector
 .text.HE_ISR_SetPriority
                0x000008a8       0x10 .\CortexM3\ARM_GCC_541\Debug\Design01.a(HE_ISR.o)
                0x000008a8                HE_ISR_SetPriority
 .text.HE_ISR_Enable
                0x000008b8        0xc .\CortexM3\ARM_GCC_541\Debug\Design01.a(HE_ISR.o)
                0x000008b8                HE_ISR_Enable
 .text.HE_ISR_Disable
                0x000008c4        0xc .\CortexM3\ARM_GCC_541\Debug\Design01.a(HE_ISR.o)
                0x000008c4                HE_ISR_Disable
 .text.HE_ISR_Start
                0x000008d0       0x1c .\CortexM3\ARM_GCC_541\Debug\Design01.a(HE_ISR.o)
                0x000008d0                HE_ISR_Start
 .text.UART_Init
                0x000008ec       0x24 .\CortexM3\ARM_GCC_541\Debug\Design01.a(UART.o)
                0x000008ec                UART_Init
 .text.UART_Enable
                0x00000910       0x38 .\CortexM3\ARM_GCC_541\Debug\Design01.a(UART.o)
                0x00000910                UART_Enable
 .text.UART_Start
                0x00000948       0x1c .\CortexM3\ARM_GCC_541\Debug\Design01.a(UART.o)
                0x00000948                UART_Start
 .text.UART_PutChar
                0x00000964       0x18 .\CortexM3\ARM_GCC_541\Debug\Design01.a(UART.o)
                0x00000964                UART_PutChar
 .text.UART_PutString
                0x0000097c       0x24 .\CortexM3\ARM_GCC_541\Debug\Design01.a(UART.o)
                0x0000097c                UART_PutString
 .text.SERVO_PWM_Enable
                0x000009a0       0x10 .\CortexM3\ARM_GCC_541\Debug\Design01.a(SERVO_PWM.o)
                0x000009a0                SERVO_PWM_Enable
 .text.SERVO_PWM_WriteCounter
                0x000009b0        0xc .\CortexM3\ARM_GCC_541\Debug\Design01.a(SERVO_PWM.o)
                0x000009b0                SERVO_PWM_WriteCounter
 .text.SERVO_PWM_WritePeriod
                0x000009bc        0xc .\CortexM3\ARM_GCC_541\Debug\Design01.a(SERVO_PWM.o)
                0x000009bc                SERVO_PWM_WritePeriod
 .text.SERVO_PWM_WriteCompare
                0x000009c8        0xc .\CortexM3\ARM_GCC_541\Debug\Design01.a(SERVO_PWM.o)
                0x000009c8                SERVO_PWM_WriteCompare
 .text.SERVO_PWM_SetInterruptMode
                0x000009d4        0xc .\CortexM3\ARM_GCC_541\Debug\Design01.a(SERVO_PWM.o)
                0x000009d4                SERVO_PWM_SetInterruptMode
 .text.SERVO_PWM_ReadStatusRegister
                0x000009e0        0xc .\CortexM3\ARM_GCC_541\Debug\Design01.a(SERVO_PWM.o)
                0x000009e0                SERVO_PWM_ReadStatusRegister
 .text.SERVO_PWM_ReadCapture
                0x000009ec        0xc .\CortexM3\ARM_GCC_541\Debug\Design01.a(SERVO_PWM.o)
                0x000009ec                SERVO_PWM_ReadCapture
 .text.SERVO_PWM_ClearFIFO
                0x000009f8       0x14 .\CortexM3\ARM_GCC_541\Debug\Design01.a(SERVO_PWM.o)
                0x000009f8                SERVO_PWM_ClearFIFO
 .text.SERVO_PWM_Init
                0x00000a0c       0x60 .\CortexM3\ARM_GCC_541\Debug\Design01.a(SERVO_PWM.o)
                0x00000a0c                SERVO_PWM_Init
 .text.SERVO_PWM_Start
                0x00000a6c       0x1c .\CortexM3\ARM_GCC_541\Debug\Design01.a(SERVO_PWM.o)
                0x00000a6c                SERVO_PWM_Start
 .text.UART_IntClock_Start
                0x00000a88       0x1c .\CortexM3\ARM_GCC_541\Debug\Design01.a(UART_IntClock.o)
                0x00000a88                UART_IntClock_Start
 .text.COMP_Enable
                0x00000aa4       0x1c .\CortexM3\ARM_GCC_541\Debug\Design01.a(COMP.o)
                0x00000aa4                COMP_Enable
 .text.COMP_SetSpeed
                0x00000ac0       0x58 .\CortexM3\ARM_GCC_541\Debug\Design01.a(COMP.o)
                0x00000ac0                COMP_SetSpeed
 .text.COMP_Init
                0x00000b18       0x3c .\CortexM3\ARM_GCC_541\Debug\Design01.a(COMP.o)
                0x00000b18                COMP_Init
 .text.COMP_Start
                0x00000b54       0x1c .\CortexM3\ARM_GCC_541\Debug\Design01.a(COMP.o)
                0x00000b54                COMP_Start
 .text.VDAC_Enable
                0x00000b70       0x1c .\CortexM3\ARM_GCC_541\Debug\Design01.a(VDAC.o)
                0x00000b70                VDAC_Enable
 .text.VDAC_SetSpeed
                0x00000b8c       0x1c .\CortexM3\ARM_GCC_541\Debug\Design01.a(VDAC.o)
                0x00000b8c                VDAC_SetSpeed
 .text.VDAC_SetValue
                0x00000ba8        0xc .\CortexM3\ARM_GCC_541\Debug\Design01.a(VDAC.o)
                0x00000ba8                VDAC_SetValue
 .text.VDAC_DacTrim
                0x00000bb4       0x24 .\CortexM3\ARM_GCC_541\Debug\Design01.a(VDAC.o)
                0x00000bb4                VDAC_DacTrim
 .text.VDAC_SetRange
                0x00000bd8       0x20 .\CortexM3\ARM_GCC_541\Debug\Design01.a(VDAC.o)
                0x00000bd8                VDAC_SetRange
 .text.VDAC_Init
                0x00000bf8       0x20 .\CortexM3\ARM_GCC_541\Debug\Design01.a(VDAC.o)
                0x00000bf8                VDAC_Init
 .text.VDAC_Start
                0x00000c18       0x24 .\CortexM3\ARM_GCC_541\Debug\Design01.a(VDAC.o)
                0x00000c18                VDAC_Start
 .text.INT_SAMPLE_Interrupt
                0x00000c3c        0x4 .\CortexM3\ARM_GCC_541\Debug\Design01.a(INT_SAMPLE.o)
                0x00000c3c                INT_SAMPLE_Interrupt
 .text.INT_SAMPLE_SetVector
                0x00000c40        0xc .\CortexM3\ARM_GCC_541\Debug\Design01.a(INT_SAMPLE.o)
                0x00000c40                INT_SAMPLE_SetVector
 .text.INT_SAMPLE_SetPriority
                0x00000c4c       0x10 .\CortexM3\ARM_GCC_541\Debug\Design01.a(INT_SAMPLE.o)
                0x00000c4c                INT_SAMPLE_SetPriority
 .text.INT_SAMPLE_Enable
                0x00000c5c        0xc .\CortexM3\ARM_GCC_541\Debug\Design01.a(INT_SAMPLE.o)
                0x00000c5c                INT_SAMPLE_Enable
 .text.INT_SAMPLE_Disable
                0x00000c68        0xc .\CortexM3\ARM_GCC_541\Debug\Design01.a(INT_SAMPLE.o)
                0x00000c68                INT_SAMPLE_Disable
 .text.INT_SAMPLE_Start
                0x00000c74       0x1c .\CortexM3\ARM_GCC_541\Debug\Design01.a(INT_SAMPLE.o)
                0x00000c74                INT_SAMPLE_Start
 .text.VID_TIMER_Enable
                0x00000c90       0x10 .\CortexM3\ARM_GCC_541\Debug\Design01.a(VID_TIMER.o)
                0x00000c90                VID_TIMER_Enable
 .text.VID_TIMER_SetInterruptMode
                0x00000ca0        0xc .\CortexM3\ARM_GCC_541\Debug\Design01.a(VID_TIMER.o)
                0x00000ca0                VID_TIMER_SetInterruptMode
 .text.VID_TIMER_ReadStatusRegister
                0x00000cac        0xc .\CortexM3\ARM_GCC_541\Debug\Design01.a(VID_TIMER.o)
                0x00000cac                VID_TIMER_ReadStatusRegister
 .text.VID_TIMER_WritePeriod
                0x00000cb8        0xc .\CortexM3\ARM_GCC_541\Debug\Design01.a(VID_TIMER.o)
                0x00000cb8                VID_TIMER_WritePeriod
 .text.VID_TIMER_ReadCapture
                0x00000cc4        0xc .\CortexM3\ARM_GCC_541\Debug\Design01.a(VID_TIMER.o)
                0x00000cc4                VID_TIMER_ReadCapture
 .text.VID_TIMER_WriteCounter
                0x00000cd0        0xc .\CortexM3\ARM_GCC_541\Debug\Design01.a(VID_TIMER.o)
                0x00000cd0                VID_TIMER_WriteCounter
 .text.VID_TIMER_SetInterruptCount
                0x00000cdc       0x1c .\CortexM3\ARM_GCC_541\Debug\Design01.a(VID_TIMER.o)
                0x00000cdc                VID_TIMER_SetInterruptCount
 .text.VID_TIMER_ClearFIFO
                0x00000cf8       0x14 .\CortexM3\ARM_GCC_541\Debug\Design01.a(VID_TIMER.o)
                0x00000cf8                VID_TIMER_ClearFIFO
 .text.VID_TIMER_Init
                0x00000d0c       0x3c .\CortexM3\ARM_GCC_541\Debug\Design01.a(VID_TIMER.o)
                0x00000d0c                VID_TIMER_Init
 .text.VID_TIMER_Start
                0x00000d48       0x1c .\CortexM3\ARM_GCC_541\Debug\Design01.a(VID_TIMER.o)
                0x00000d48                VID_TIMER_Start
 *fill*         0x00000d64        0x4 
 .text          0x00000d68       0x20 .\CortexM3\ARM_GCC_541\Debug\Design01.a(CyBootAsmGnu.o)
                0x00000d68                CyDelayCycles
                0x00000d78                CyEnterCriticalSection
                0x00000d80                CyExitCriticalSection
 .text          0x00000d88      0x370 c:/program files (x86)/cypress/psoc creator/4.4/psoc creator/import/gnu/arm/5.4.1/bin/../lib/gcc/arm-none-eabi/5.4.1/armv7-m\libgcc.a(_arm_addsubdf3.o)
                0x00000d88                __aeabi_drsub
                0x00000d90                __aeabi_dsub
                0x00000d90                __subdf3
                0x00000d94                __aeabi_dadd
                0x00000d94                __adddf3
                0x0000100c                __floatunsidf
                0x0000100c                __aeabi_ui2d
                0x0000102c                __floatsidf
                0x0000102c                __aeabi_i2d
                0x00001050                __aeabi_f2d
                0x00001050                __extendsfdf2
                0x0000108c                __floatundidf
                0x0000108c                __aeabi_ul2d
                0x0000109c                __floatdidf
                0x0000109c                __aeabi_l2d
 .text          0x000010f8      0x424 c:/program files (x86)/cypress/psoc creator/4.4/psoc creator/import/gnu/arm/5.4.1/bin/../lib/gcc/arm-none-eabi/5.4.1/armv7-m\libgcc.a(_arm_muldivdf3.o)
                0x000010f8                __aeabi_dmul
                0x000010f8                __muldf3
                0x0000134c                __divdf3
                0x0000134c                __aeabi_ddiv
 .text          0x0000151c      0x110 c:/program files (x86)/cypress/psoc creator/4.4/psoc creator/import/gnu/arm/5.4.1/bin/../lib/gcc/arm-none-eabi/5.4.1/armv7-m\libgcc.a(_arm_cmpdf2.o)
                0x0000151c                __gtdf2
                0x0000151c                __gedf2
                0x00001524                __ltdf2
                0x00001524                __ledf2
                0x0000152c                __nedf2
                0x0000152c                __eqdf2
                0x0000152c                __cmpdf2
                0x000015a8                __aeabi_cdrcmple
                0x000015b8                __aeabi_cdcmpeq
                0x000015b8                __aeabi_cdcmple
                0x000015c8                __aeabi_dcmpeq
                0x000015dc                __aeabi_dcmplt
                0x000015f0                __aeabi_dcmple
                0x00001604                __aeabi_dcmpge
                0x00001618                __aeabi_dcmpgt
 .text          0x0000162c       0x50 c:/program files (x86)/cypress/psoc creator/4.4/psoc creator/import/gnu/arm/5.4.1/bin/../lib/gcc/arm-none-eabi/5.4.1/armv7-m\libgcc.a(_arm_fixdfsi.o)
                0x0000162c                __aeabi_d2iz
                0x0000162c                __fixdfsi
 .text          0x0000167c       0x40 c:/program files (x86)/cypress/psoc creator/4.4/psoc creator/import/gnu/arm/5.4.1/bin/../lib/gcc/arm-none-eabi/5.4.1/armv7-m\libgcc.a(_arm_fixunsdfsi.o)
                0x0000167c                __aeabi_d2uiz
                0x0000167c                __fixunsdfsi
 .text.__errno  0x000016bc        0xc c:/program files (x86)/cypress/psoc creator/4.4/psoc creator/import/gnu/arm/5.4.1/bin/../lib/gcc/arm-none-eabi/5.4.1/../../../../arm-none-eabi/lib/armv7-m\libg_nano.a(lib_a-errno.o)
                0x000016bc                __errno
 .text.__libc_init_array
                0x000016c8       0x4c c:/program files (x86)/cypress/psoc creator/4.4/psoc creator/import/gnu/arm/5.4.1/bin/../lib/gcc/arm-none-eabi/5.4.1/../../../../arm-none-eabi/lib/armv7-m\libg_nano.a(lib_a-init.o)
                0x000016c8                __libc_init_array
 .text.memcpy   0x00001714       0x16 c:/program files (x86)/cypress/psoc creator/4.4/psoc creator/import/gnu/arm/5.4.1/bin/../lib/gcc/arm-none-eabi/5.4.1/../../../../arm-none-eabi/lib/armv7-m\libg_nano.a(lib_a-memcpy-stub.o)
                0x00001714                memcpy
 .text.memset   0x0000172a       0x10 c:/program files (x86)/cypress/psoc creator/4.4/psoc creator/import/gnu/arm/5.4.1/bin/../lib/gcc/arm-none-eabi/5.4.1/../../../../arm-none-eabi/lib/armv7-m\libg_nano.a(lib_a-memset.o)
                0x0000172a                memset
 .text.__cvt    0x0000173a       0xc0 c:/program files (x86)/cypress/psoc creator/4.4/psoc creator/import/gnu/arm/5.4.1/bin/../lib/gcc/arm-none-eabi/5.4.1/../../../../arm-none-eabi/lib/armv7-m\libg_nano.a(lib_a-nano-vfprintf_float.o)
                0x0000173a                __cvt
 .text.__exponent
                0x000017fa       0x62 c:/program files (x86)/cypress/psoc creator/4.4/psoc creator/import/gnu/arm/5.4.1/bin/../lib/gcc/arm-none-eabi/5.4.1/../../../../arm-none-eabi/lib/armv7-m\libg_nano.a(lib_a-nano-vfprintf_float.o)
                0x000017fa                __exponent
 .text._printf_float
                0x0000185c      0x488 c:/program files (x86)/cypress/psoc creator/4.4/psoc creator/import/gnu/arm/5.4.1/bin/../lib/gcc/arm-none-eabi/5.4.1/../../../../arm-none-eabi/lib/armv7-m\libg_nano.a(lib_a-nano-vfprintf_float.o)
                0x0000185c                _printf_float
 .text._printf_common
                0x00001ce4       0xec c:/program files (x86)/cypress/psoc creator/4.4/psoc creator/import/gnu/arm/5.4.1/bin/../lib/gcc/arm-none-eabi/5.4.1/../../../../arm-none-eabi/lib/armv7-m\libg_nano.a(lib_a-nano-vfprintf_i.o)
                0x00001ce4                _printf_common
 .text._printf_i
                0x00001dd0      0x24c c:/program files (x86)/cypress/psoc creator/4.4/psoc creator/import/gnu/arm/5.4.1/bin/../lib/gcc/arm-none-eabi/5.4.1/../../../../arm-none-eabi/lib/armv7-m\libg_nano.a(lib_a-nano-vfprintf_i.o)
                0x00001dd0                _printf_i
 .text.sprintf  0x0000201c       0x48 c:/program files (x86)/cypress/psoc creator/4.4/psoc creator/import/gnu/arm/5.4.1/bin/../lib/gcc/arm-none-eabi/5.4.1/../../../../arm-none-eabi/lib/armv7-m\libg_nano.a(lib_a-sprintf.o)
                0x0000201c                siprintf
                0x0000201c                sprintf
 .text          0x00002064       0x10 c:/program files (x86)/cypress/psoc creator/4.4/psoc creator/import/gnu/arm/5.4.1/bin/../lib/gcc/arm-none-eabi/5.4.1/../../../../arm-none-eabi/lib/armv7-m\libg_nano.a(lib_a-strlen.o)
                0x00002064                strlen
 .text.quorem   0x00002074      0x116 c:/program files (x86)/cypress/psoc creator/4.4/psoc creator/import/gnu/arm/5.4.1/bin/../lib/gcc/arm-none-eabi/5.4.1/../../../../arm-none-eabi/lib/armv7-m\libg_nano.a(lib_a-dtoa.o)
 *fill*         0x0000218a        0x6 
 .text._dtoa_r  0x00002190      0xb30 c:/program files (x86)/cypress/psoc creator/4.4/psoc creator/import/gnu/arm/5.4.1/bin/../lib/gcc/arm-none-eabi/5.4.1/../../../../arm-none-eabi/lib/armv7-m\libg_nano.a(lib_a-dtoa.o)
                0x00002190                _dtoa_r
 .text._localeconv_r
                0x00002cc0        0x8 c:/program files (x86)/cypress/psoc creator/4.4/psoc creator/import/gnu/arm/5.4.1/bin/../lib/gcc/arm-none-eabi/5.4.1/../../../../arm-none-eabi/lib/armv7-m\libg_nano.a(lib_a-locale.o)
                0x00002cc0                _localeconv_r
 .text.malloc   0x00002cc8       0x10 c:/program files (x86)/cypress/psoc creator/4.4/psoc creator/import/gnu/arm/5.4.1/bin/../lib/gcc/arm-none-eabi/5.4.1/../../../../arm-none-eabi/lib/armv7-m\libg_nano.a(lib_a-malloc.o)
                0x00002cc8                malloc
 .text.memchr   0x00002cd8       0x1c c:/program files (x86)/cypress/psoc creator/4.4/psoc creator/import/gnu/arm/5.4.1/bin/../lib/gcc/arm-none-eabi/5.4.1/../../../../arm-none-eabi/lib/armv7-m\libg_nano.a(lib_a-memchr-stub.o)
                0x00002cd8                memchr
 .text._Balloc  0x00002cf4       0x6a c:/program files (x86)/cypress/psoc creator/4.4/psoc creator/import/gnu/arm/5.4.1/bin/../lib/gcc/arm-none-eabi/5.4.1/../../../../arm-none-eabi/lib/armv7-m\libg_nano.a(lib_a-mprec.o)
                0x00002cf4                _Balloc
 .text._Bfree   0x00002d5e       0x2e c:/program files (x86)/cypress/psoc creator/4.4/psoc creator/import/gnu/arm/5.4.1/bin/../lib/gcc/arm-none-eabi/5.4.1/../../../../arm-none-eabi/lib/armv7-m\libg_nano.a(lib_a-mprec.o)
                0x00002d5e                _Bfree
 .text.__multadd
                0x00002d8c       0x76 c:/program files (x86)/cypress/psoc creator/4.4/psoc creator/import/gnu/arm/5.4.1/bin/../lib/gcc/arm-none-eabi/5.4.1/../../../../arm-none-eabi/lib/armv7-m\libg_nano.a(lib_a-mprec.o)
                0x00002d8c                __multadd
 .text.__hi0bits
                0x00002e02       0x40 c:/program files (x86)/cypress/psoc creator/4.4/psoc creator/import/gnu/arm/5.4.1/bin/../lib/gcc/arm-none-eabi/5.4.1/../../../../arm-none-eabi/lib/armv7-m\libg_nano.a(lib_a-mprec.o)
                0x00002e02                __hi0bits
 .text.__lo0bits
                0x00002e42       0x5a c:/program files (x86)/cypress/psoc creator/4.4/psoc creator/import/gnu/arm/5.4.1/bin/../lib/gcc/arm-none-eabi/5.4.1/../../../../arm-none-eabi/lib/armv7-m\libg_nano.a(lib_a-mprec.o)
                0x00002e42                __lo0bits
 .text.__i2b    0x00002e9c       0x12 c:/program files (x86)/cypress/psoc creator/4.4/psoc creator/import/gnu/arm/5.4.1/bin/../lib/gcc/arm-none-eabi/5.4.1/../../../../arm-none-eabi/lib/armv7-m\libg_nano.a(lib_a-mprec.o)
                0x00002e9c                __i2b
 .text.__multiply
                0x00002eae      0x120 c:/program files (x86)/cypress/psoc creator/4.4/psoc creator/import/gnu/arm/5.4.1/bin/../lib/gcc/arm-none-eabi/5.4.1/../../../../arm-none-eabi/lib/armv7-m\libg_nano.a(lib_a-mprec.o)
                0x00002eae                __multiply
 *fill*         0x00002fce        0x2 
 .text.__pow5mult
                0x00002fd0       0x9c c:/program files (x86)/cypress/psoc creator/4.4/psoc creator/import/gnu/arm/5.4.1/bin/../lib/gcc/arm-none-eabi/5.4.1/../../../../arm-none-eabi/lib/armv7-m\libg_nano.a(lib_a-mprec.o)
                0x00002fd0                __pow5mult
 .text.__lshift
                0x0000306c       0xa2 c:/program files (x86)/cypress/psoc creator/4.4/psoc creator/import/gnu/arm/5.4.1/bin/../lib/gcc/arm-none-eabi/5.4.1/../../../../arm-none-eabi/lib/armv7-m\libg_nano.a(lib_a-mprec.o)
                0x0000306c                __lshift
 .text.__mcmp   0x0000310e       0x38 c:/program files (x86)/cypress/psoc creator/4.4/psoc creator/import/gnu/arm/5.4.1/bin/../lib/gcc/arm-none-eabi/5.4.1/../../../../arm-none-eabi/lib/armv7-m\libg_nano.a(lib_a-mprec.o)
                0x0000310e                __mcmp
 .text.__mdiff  0x00003146       0xbe c:/program files (x86)/cypress/psoc creator/4.4/psoc creator/import/gnu/arm/5.4.1/bin/../lib/gcc/arm-none-eabi/5.4.1/../../../../arm-none-eabi/lib/armv7-m\libg_nano.a(lib_a-mprec.o)
                0x00003146                __mdiff
 .text.__d2b    0x00003204       0x9c c:/program files (x86)/cypress/psoc creator/4.4/psoc creator/import/gnu/arm/5.4.1/bin/../lib/gcc/arm-none-eabi/5.4.1/../../../../arm-none-eabi/lib/armv7-m\libg_nano.a(lib_a-mprec.o)
                0x00003204                __d2b
 .text._calloc_r
                0x000032a0       0x1c c:/program files (x86)/cypress/psoc creator/4.4/psoc creator/import/gnu/arm/5.4.1/bin/../lib/gcc/arm-none-eabi/5.4.1/../../../../arm-none-eabi/lib/armv7-m\libg_nano.a(lib_a-nano-callocr.o)
                0x000032a0                _calloc_r
 .text._free_r  0x000032bc       0x98 c:/program files (x86)/cypress/psoc creator/4.4/psoc creator/import/gnu/arm/5.4.1/bin/../lib/gcc/arm-none-eabi/5.4.1/../../../../arm-none-eabi/lib/armv7-m\libg_nano.a(lib_a-nano-freer.o)
                0x000032bc                _free_r
 .text._malloc_r
                0x00003354       0xbc c:/program files (x86)/cypress/psoc creator/4.4/psoc creator/import/gnu/arm/5.4.1/bin/../lib/gcc/arm-none-eabi/5.4.1/../../../../arm-none-eabi/lib/armv7-m\libg_nano.a(lib_a-nano-mallocr.o)
                0x00003354                _malloc_r
 .text.__ssputs_r
                0x00003410       0xb2 c:/program files (x86)/cypress/psoc creator/4.4/psoc creator/import/gnu/arm/5.4.1/bin/../lib/gcc/arm-none-eabi/5.4.1/../../../../arm-none-eabi/lib/armv7-m\libg_nano.a(lib_a-nano-svfprintf.o)
                0x00003410                __ssputs_r
 *fill*         0x000034c2        0x2 
 .text._svfprintf_r
                0x000034c4      0x1e8 c:/program files (x86)/cypress/psoc creator/4.4/psoc creator/import/gnu/arm/5.4.1/bin/../lib/gcc/arm-none-eabi/5.4.1/../../../../arm-none-eabi/lib/armv7-m\libg_nano.a(lib_a-nano-svfprintf.o)
                0x000034c4                _svfiprintf_r
                0x000034c4                _svfprintf_r
 .text._sbrk_r  0x000036ac       0x20 c:/program files (x86)/cypress/psoc creator/4.4/psoc creator/import/gnu/arm/5.4.1/bin/../lib/gcc/arm-none-eabi/5.4.1/../../../../arm-none-eabi/lib/armv7-m\libg_nano.a(lib_a-sbrkr.o)
                0x000036ac                _sbrk_r
 .text.memmove  0x000036cc       0x36 c:/program files (x86)/cypress/psoc creator/4.4/psoc creator/import/gnu/arm/5.4.1/bin/../lib/gcc/arm-none-eabi/5.4.1/../../../../arm-none-eabi/lib/armv7-m\libg_nano.a(lib_a-memmove.o)
                0x000036cc                memmove
 .text.__malloc_lock
                0x00003702        0x2 c:/program files (x86)/cypress/psoc creator/4.4/psoc creator/import/gnu/arm/5.4.1/bin/../lib/gcc/arm-none-eabi/5.4.1/../../../../arm-none-eabi/lib/armv7-m\libg_nano.a(lib_a-mlock.o)
                0x00003702                __malloc_lock
 .text.__malloc_unlock
                0x00003704        0x2 c:/program files (x86)/cypress/psoc creator/4.4/psoc creator/import/gnu/arm/5.4.1/bin/../lib/gcc/arm-none-eabi/5.4.1/../../../../arm-none-eabi/lib/armv7-m\libg_nano.a(lib_a-mlock.o)
                0x00003704                __malloc_unlock
 .text._realloc_r
                0x00003706       0x4c c:/program files (x86)/cypress/psoc creator/4.4/psoc creator/import/gnu/arm/5.4.1/bin/../lib/gcc/arm-none-eabi/5.4.1/../../../../arm-none-eabi/lib/armv7-m\libg_nano.a(lib_a-nano-reallocr.o)
                0x00003706                _realloc_r
 .text._malloc_usable_size_r
                0x00003752       0x14 c:/program files (x86)/cypress/psoc creator/4.4/psoc creator/import/gnu/arm/5.4.1/bin/../lib/gcc/arm-none-eabi/5.4.1/../../../../arm-none-eabi/lib/armv7-m\libg_nano.a(lib_a-nano-msizer.o)
                0x00003752                _malloc_usable_size_r
 *fill*         0x00003766        0x2 
 .text          0x00003768       0x2c c:/program files (x86)/cypress/psoc creator/4.4/psoc creator/import/gnu/arm/5.4.1/bin/../lib/gcc/arm-none-eabi/5.4.1/armv7-m\libgcc.a(_arm_unorddf2.o)
                0x00003768                __unorddf2
                0x00003768                __aeabi_dcmpun
 *(.plt)
 *(.gnu.warning)
 *(.glue_7t)
 .glue_7t       0x00003794        0x0 linker stubs
 *(.glue_7)
 .glue_7        0x00003794        0x0 linker stubs
 *(.vfp11_veneer)
 .vfp11_veneer  0x00003794        0x0 linker stubs
 *(.bootloader)
 *(.ARM.extab* .gnu.linkonce.armextab.*)
 *(.gcc_except_table)

.v4_bx          0x00003794        0x0
 .v4_bx         0x00003794        0x0 linker stubs

.iplt           0x00003794        0x0
 .iplt          0x00003794        0x0 c:/program files (x86)/cypress/psoc creator/4.4/psoc creator/import/gnu/arm/5.4.1/bin/../lib/gcc/arm-none-eabi/5.4.1/armv7-m/crtbegin.o

.eh_frame_hdr
 *(.eh_frame_hdr)

.eh_frame       0x00003794        0x4
 *(.eh_frame)
 .eh_frame      0x00003794        0x0 c:/program files (x86)/cypress/psoc creator/4.4/psoc creator/import/gnu/arm/5.4.1/bin/../lib/gcc/arm-none-eabi/5.4.1/armv7-m/crtbegin.o
 .eh_frame      0x00003794        0x4 c:/program files (x86)/cypress/psoc creator/4.4/psoc creator/import/gnu/arm/5.4.1/bin/../lib/gcc/arm-none-eabi/5.4.1/armv7-m/crtend.o
                [!provide]                PROVIDE (__exidx_start, .)

.ARM.exidx
 *(.ARM.exidx* .gnu.linkonce.armexidx.*)
                0x00003798                __exidx_end = .

.rodata         0x00003798      0x220
 *(.rodata .rodata.* .gnu.linkonce.r.*)
 .rodata.str1.4
                0x00003798       0x48 .\CortexM3\ARM_GCC_541\Debug\main.o
                                 0x45 (size before relaxing)
 .rodata        0x000037e0       0x42 .\CortexM3\ARM_GCC_541\Debug\cyfitter_cfg.o
 .rodata.str1.1
                0x00003822        0x2 c:/program files (x86)/cypress/psoc creator/4.4/psoc creator/import/gnu/arm/5.4.1/bin/../lib/gcc/arm-none-eabi/5.4.1/../../../../arm-none-eabi/lib/armv7-m\libg_nano.a(lib_a-impure.o)
 .rodata.str1.1
                0x00003824       0x12 c:/program files (x86)/cypress/psoc creator/4.4/psoc creator/import/gnu/arm/5.4.1/bin/../lib/gcc/arm-none-eabi/5.4.1/../../../../arm-none-eabi/lib/armv7-m\libg_nano.a(lib_a-nano-vfprintf_float.o)
 .rodata.str1.1
                0x00003836       0x22 c:/program files (x86)/cypress/psoc creator/4.4/psoc creator/import/gnu/arm/5.4.1/bin/../lib/gcc/arm-none-eabi/5.4.1/../../../../arm-none-eabi/lib/armv7-m\libg_nano.a(lib_a-nano-vfprintf_i.o)
 .rodata.str1.1
                0x00003858        0xd c:/program files (x86)/cypress/psoc creator/4.4/psoc creator/import/gnu/arm/5.4.1/bin/../lib/gcc/arm-none-eabi/5.4.1/../../../../arm-none-eabi/lib/armv7-m\libg_nano.a(lib_a-dtoa.o)
                                  0xf (size before relaxing)
 .rodata.str1.1
                0x00003865        0x8 c:/program files (x86)/cypress/psoc creator/4.4/psoc creator/import/gnu/arm/5.4.1/bin/../lib/gcc/arm-none-eabi/5.4.1/../../../../arm-none-eabi/lib/armv7-m\libg_nano.a(lib_a-locale.o)
                                  0xb (size before relaxing)
 *fill*         0x0000386d        0x3 
 .rodata.__mprec_tens
                0x00003870       0xc8 c:/program files (x86)/cypress/psoc creator/4.4/psoc creator/import/gnu/arm/5.4.1/bin/../lib/gcc/arm-none-eabi/5.4.1/../../../../arm-none-eabi/lib/armv7-m\libg_nano.a(lib_a-mprec.o)
                0x00003870                __mprec_tens
 .rodata.p05.5408
                0x00003938        0xc c:/program files (x86)/cypress/psoc creator/4.4/psoc creator/import/gnu/arm/5.4.1/bin/../lib/gcc/arm-none-eabi/5.4.1/../../../../arm-none-eabi/lib/armv7-m\libg_nano.a(lib_a-mprec.o)
 *fill*         0x00003944        0x4 
 .rodata.__mprec_bigtens
                0x00003948       0x28 c:/program files (x86)/cypress/psoc creator/4.4/psoc creator/import/gnu/arm/5.4.1/bin/../lib/gcc/arm-none-eabi/5.4.1/../../../../arm-none-eabi/lib/armv7-m\libg_nano.a(lib_a-mprec.o)
                0x00003948                __mprec_bigtens
 .rodata.str1.1
                0x00003970       0x11 c:/program files (x86)/cypress/psoc creator/4.4/psoc creator/import/gnu/arm/5.4.1/bin/../lib/gcc/arm-none-eabi/5.4.1/../../../../arm-none-eabi/lib/armv7-m\libg_nano.a(lib_a-nano-svfprintf.o)
                0x00003984                . = ALIGN (0x4)
 *fill*         0x00003981        0x3 
 *(.init)
 .init          0x00003984        0x4 c:/program files (x86)/cypress/psoc creator/4.4/psoc creator/import/gnu/arm/5.4.1/bin/../lib/gcc/arm-none-eabi/5.4.1/armv7-m/crti.o
                0x00003984                _init
 .init          0x00003988        0x8 c:/program files (x86)/cypress/psoc creator/4.4/psoc creator/import/gnu/arm/5.4.1/bin/../lib/gcc/arm-none-eabi/5.4.1/armv7-m/crtn.o
                0x00003990                . = ALIGN (0x4)
                0x00003990                __preinit_array_start = .
 *(.preinit_array)
                0x00003990                __preinit_array_end = .
                0x00003990                . = ALIGN (0x4)
                0x00003990                __init_array_start = .
 *(SORT(.init_array.*))
 *(.init_array)
 .init_array    0x00003990        0x4 c:/program files (x86)/cypress/psoc creator/4.4/psoc creator/import/gnu/arm/5.4.1/bin/../lib/gcc/arm-none-eabi/5.4.1/armv7-m/crtbegin.o
 .init_array    0x00003994        0x4 .\CortexM3\ARM_GCC_541\Debug\Cm3Start.o
                0x00003998                __init_array_end = .
                0x00003998                . = ALIGN (0x4)
 *(.fini)
 .fini          0x00003998        0x4 c:/program files (x86)/cypress/psoc creator/4.4/psoc creator/import/gnu/arm/5.4.1/bin/../lib/gcc/arm-none-eabi/5.4.1/armv7-m/crti.o
                0x00003998                _fini
 .fini          0x0000399c        0x8 c:/program files (x86)/cypress/psoc creator/4.4/psoc creator/import/gnu/arm/5.4.1/bin/../lib/gcc/arm-none-eabi/5.4.1/armv7-m/crtn.o
                0x000039a4                . = ALIGN (0x4)
                0x000039a4                __fini_array_start = .
 *(.fini_array)
 .fini_array    0x000039a4        0x4 c:/program files (x86)/cypress/psoc creator/4.4/psoc creator/import/gnu/arm/5.4.1/bin/../lib/gcc/arm-none-eabi/5.4.1/armv7-m/crtbegin.o
 *(SORT(.fini_array.*))
                0x000039a8                __fini_array_end = .
                0x000039a8                . = ALIGN (0x4)
 *crtbegin.o(.ctors)
 *(EXCLUDE_FILE(*crtend.o) .ctors)
 *(SORT(.ctors.*))
 *crtend.o(.ctors)
                0x000039a8                . = ALIGN (0x4)
 *crtbegin.o(.dtors)
 *(EXCLUDE_FILE(*crtend.o) .dtors)
 *(SORT(.dtors.*))
 *crtend.o(.dtors)
                0x000039a8                . = ALIGN (0x4)
                0x000039a8                __cy_regions = .
                0x000039a8        0x4 LONG 0x39b8 __cy_region_init_ram
                0x000039ac        0x4 LONG 0x1fff80c8 __cy_region_start_data
                0x000039b0        0x4 LONG 0xb8 __cy_region_init_size_ram
                0x000039b4        0x4 LONG 0xe0 __cy_region_zero_size_ram
                0x000039b8                __cy_regions_end = .
                0x000039b8                . = ALIGN (0x8)
                0x000039b8                _etext = .

.cy_checksum_exclude
                0x000039b8        0x0
 *(.cy_checksum_exclude)

.ramvectors     0x1fff8000       0xc0
                0x1fff8000                __cy_region_start_ram = .
 *(.ramvectors)
 .ramvectors    0x1fff8000       0xc0 .\CortexM3\ARM_GCC_541\Debug\Cm3Start.o
                0x1fff8000                CyRamVectors

.noinit         0x1fff80c0        0x1
 *(.noinit)
 .noinit        0x1fff80c0        0x1 .\CortexM3\ARM_GCC_541\Debug\Design01.a(CyLib.o)
                0x1fff80c0                CyResetStatus

.data           0x1fff80c8       0xb8 load address 0x000039b8
                0x1fff80c8                __cy_region_start_data = .
 *(.jcr)
 .jcr           0x1fff80c8        0x0 c:/program files (x86)/cypress/psoc creator/4.4/psoc creator/import/gnu/arm/5.4.1/bin/../lib/gcc/arm-none-eabi/5.4.1/armv7-m/crtbegin.o
 .jcr           0x1fff80c8        0x4 c:/program files (x86)/cypress/psoc creator/4.4/psoc creator/import/gnu/arm/5.4.1/bin/../lib/gcc/arm-none-eabi/5.4.1/armv7-m/crtend.o
 *(.got.plt)
 *(.got)
 *(.shdata)
 *(.data .data.* .gnu.linkonce.d.*)
 *fill*         0x1fff80cc        0x4 
 .data          0x1fff80d0       0x10 .\CortexM3\ARM_GCC_541\Debug\main.o
                0x1fff80d0                old
                0x1fff80d8                PWM_base
 .data          0x1fff80e0        0x4 .\CortexM3\ARM_GCC_541\Debug\Cm3Start.o
 .data.impure_data
                0x1fff80e4       0x60 c:/program files (x86)/cypress/psoc creator/4.4/psoc creator/import/gnu/arm/5.4.1/bin/../lib/gcc/arm-none-eabi/5.4.1/../../../../arm-none-eabi/lib/armv7-m\libg_nano.a(lib_a-impure.o)
 .data._impure_ptr
                0x1fff8144        0x4 c:/program files (x86)/cypress/psoc creator/4.4/psoc creator/import/gnu/arm/5.4.1/bin/../lib/gcc/arm-none-eabi/5.4.1/../../../../arm-none-eabi/lib/armv7-m\libg_nano.a(lib_a-impure.o)
                0x1fff8144                _impure_ptr
 .data.lconv    0x1fff8148       0x38 c:/program files (x86)/cypress/psoc creator/4.4/psoc creator/import/gnu/arm/5.4.1/bin/../lib/gcc/arm-none-eabi/5.4.1/../../../../arm-none-eabi/lib/armv7-m\libg_nano.a(lib_a-locale.o)
                0x1fff8180                . = ALIGN (0x8)
 *(.ram)
                0x1fff8180                _edata = .

.igot.plt       0x1fff8180        0x0 load address 0x00003a70
 .igot.plt      0x1fff8180        0x0 c:/program files (x86)/cypress/psoc creator/4.4/psoc creator/import/gnu/arm/5.4.1/bin/../lib/gcc/arm-none-eabi/5.4.1/armv7-m/crtbegin.o

.bss            0x1fff8180       0xe0 load address 0x00003a70
                0x1fff8180                PROVIDE (__bss_start__, .)
 *(.shbss)
 *(.bss .bss.* .gnu.linkonce.b.*)
 .bss           0x1fff8180       0x1c c:/program files (x86)/cypress/psoc creator/4.4/psoc creator/import/gnu/arm/5.4.1/bin/../lib/gcc/arm-none-eabi/5.4.1/armv7-m/crtbegin.o
 *fill*         0x1fff819c        0x4 
 .bss           0x1fff81a0       0x40 .\CortexM3\ARM_GCC_541\Debug\main.o
                0x1fff81a0                error_steering
                0x1fff81a8                steeringOutput
                0x1fff81b0                steeringPWM
                0x1fff81b8                speed
                0x1fff81c0                acc_err_speed
                0x1fff81c8                previousSteeringError
                0x1fff81d0                steeringDerivative
                0x1fff81d8                steeringIntegral
 .bss           0x1fff81e0        0x1 .\CortexM3\ARM_GCC_541\Debug\Design01.a(TIMER.o)
                0x1fff81e0                TIMER_initVar
 .bss           0x1fff81e1        0x1 .\CortexM3\ARM_GCC_541\Debug\Design01.a(PWM.o)
                0x1fff81e1                PWM_initVar
 .bss           0x1fff81e2        0x2 .\CortexM3\ARM_GCC_541\Debug\Design01.a(UART.o)
                0x1fff81e2                UART_initVar
 .bss           0x1fff81e4        0x1 .\CortexM3\ARM_GCC_541\Debug\Design01.a(SERVO_PWM.o)
                0x1fff81e4                SERVO_PWM_initVar
 .bss           0x1fff81e5        0x1 .\CortexM3\ARM_GCC_541\Debug\Design01.a(COMP.o)
                0x1fff81e5                COMP_initVar
 .bss           0x1fff81e6        0x1 .\CortexM3\ARM_GCC_541\Debug\Design01.a(VDAC.o)
                0x1fff81e6                VDAC_initVar
 .bss           0x1fff81e7        0x1 .\CortexM3\ARM_GCC_541\Debug\Design01.a(VID_TIMER.o)
                0x1fff81e7                VID_TIMER_initVar
 .bss.__malloc_sbrk_start
                0x1fff81e8        0x4 c:/program files (x86)/cypress/psoc creator/4.4/psoc creator/import/gnu/arm/5.4.1/bin/../lib/gcc/arm-none-eabi/5.4.1/../../../../arm-none-eabi/lib/armv7-m\libg_nano.a(lib_a-nano-mallocr.o)
                0x1fff81e8                __malloc_sbrk_start
 .bss.__malloc_free_list
                0x1fff81ec        0x4 c:/program files (x86)/cypress/psoc creator/4.4/psoc creator/import/gnu/arm/5.4.1/bin/../lib/gcc/arm-none-eabi/5.4.1/../../../../arm-none-eabi/lib/armv7-m\libg_nano.a(lib_a-nano-mallocr.o)
                0x1fff81ec                __malloc_free_list
 *(COMMON)
 COMMON         0x1fff81f0       0x6c .\CortexM3\ARM_GCC_541\Debug\main.o
                0x1fff81f0                str_buf
                0x1fff8210                sampledTime
                0x1fff8218                new
                0x1fff8220                pwm
                0x1fff8228                err_speed
                0x1fff8230                strbuf
                0x1fff825a                elapsed
 COMMON         0x1fff825c        0x4 c:/program files (x86)/cypress/psoc creator/4.4/psoc creator/import/gnu/arm/5.4.1/bin/../lib/gcc/arm-none-eabi/5.4.1/../../../../arm-none-eabi/lib/armv7-m\libg_nano.a(lib_a-reent.o)
                0x1fff825c                errno
                0x1fff8260                . = ALIGN (0x8)
 *(.ram.b)
                0x1fff8260                _end = .
                0x1fff8260                __end = .
                0x1fff8260                PROVIDE (end, .)
                0x1fff8260                PROVIDE (__bss_end__, .)
                0x000039b8                __cy_region_init_ram = LOADADDR (.data)
                0x000000b8                __cy_region_init_size_ram = (_edata - ADDR (.data))
                0x000000e0                __cy_region_zero_size_ram = (_end - _edata)

.heap           0x1fff8260     0x1000 load address 0x00003a70
                0x1fff8260                . = _end
                0x1fff9260                . = (. + 0x1000)
 *fill*         0x1fff8260     0x1000 
                0x1fff9260                __cy_heap_limit = .

.stack          0x20007800      0x800
                0x20007800                __cy_stack_limit = .
                0x20008000                . = (. + 0x800)
 *fill*         0x20007800      0x800 
                0x00000001                ASSERT ((__cy_stack_limit >= __cy_heap_limit), region RAM overflowed with stack)
                0x00000000                cy_checksum_exclude_size = (CY_APPL_LOADABLE == 0x1)?SIZEOF (.cy_checksum_exclude):0x0
                0x00000001                ASSERT ((cy_checksum_exclude_size <= CY_CHECKSUM_EXCLUDE_SIZE), CY_BOOT: Section .cy_checksum_exclude size exceedes specified limit.)

.cyloadermeta
 *(.cyloadermeta)

.cyloadablemeta
 *(.cyloadablemeta)

.cyconfigecc    0x80000000      0x9cc
 *(.cyconfigecc)
 .cyconfigecc   0x80000000      0x9cc .\CortexM3\ARM_GCC_541\Debug\cymetadata.o
                0x80000000                cy_meta_configecc

.cycustnvl      0x90000000        0x4
 *(.cycustnvl)
 .cycustnvl     0x90000000        0x4 .\CortexM3\ARM_GCC_541\Debug\cymetadata.o
                0x90000000                cy_meta_custnvl

.cywolatch      0x90100000        0x4
 *(.cywolatch)
 .cywolatch     0x90100000        0x4 .\CortexM3\ARM_GCC_541\Debug\cymetadata.o
                0x90100000                cy_meta_wonvl

.cyeeprom       0x90200000        0x0
 *(.cyeeprom)
                0x00000001                ASSERT ((. <= ((0x90200000 + ee_offset) + ee_size)), .cyeeprom data will not fit in EEPROM)

.cyflashprotect
                0x90400000      0x100
 *(.cyflashprotect)
 .cyflashprotect
                0x90400000      0x100 .\CortexM3\ARM_GCC_541\Debug\cymetadata.o
                0x90400000                cy_meta_flashprotect

.cymeta         0x90500000        0xc
 *(.cymeta)
 .cymeta        0x90500000        0xc .\CortexM3\ARM_GCC_541\Debug\cymetadata.o
                0x90500000                cy_metadata

.rel.dyn        0x00003a70        0x0 load address 0x9050000c
 .rel.iplt      0x00003a70        0x0 c:/program files (x86)/cypress/psoc creator/4.4/psoc creator/import/gnu/arm/5.4.1/bin/../lib/gcc/arm-none-eabi/5.4.1/armv7-m/crtbegin.o

.stab
 *(.stab)

.stabstr
 *(.stabstr)

.debug
 *(.debug)

.line
 *(.line)

.debug_srcinfo
 *(.debug_srcinfo)

.debug_sfnames
 *(.debug_sfnames)

.debug_aranges  0x00000000      0xad0
 *(.debug_aranges)
 .debug_aranges
                0x00000000       0x30 .\CortexM3\ARM_GCC_541\Debug\main.o
 .debug_aranges
                0x00000030       0x58 .\CortexM3\ARM_GCC_541\Debug\cyfitter_cfg.o
 .debug_aranges
                0x00000088       0x18 .\CortexM3\ARM_GCC_541\Debug\cymetadata.o
 .debug_aranges
                0x000000a0       0x48 .\CortexM3\ARM_GCC_541\Debug\Cm3Start.o
 .debug_aranges
                0x000000e8       0x98 .\CortexM3\ARM_GCC_541\Debug\Design01.a(TIMER.o)
 .debug_aranges
                0x00000180       0x98 .\CortexM3\ARM_GCC_541\Debug\Design01.a(PWM.o)
 .debug_aranges
                0x00000218       0x80 .\CortexM3\ARM_GCC_541\Debug\Design01.a(HE_ISR.o)
 .debug_aranges
                0x00000298       0xf0 .\CortexM3\ARM_GCC_541\Debug\Design01.a(UART.o)
 .debug_aranges
                0x00000388       0x98 .\CortexM3\ARM_GCC_541\Debug\Design01.a(SERVO_PWM.o)
 .debug_aranges
                0x00000420       0x70 .\CortexM3\ARM_GCC_541\Debug\Design01.a(UART_IntClock.o)
 .debug_aranges
                0x00000490      0x2a0 .\CortexM3\ARM_GCC_541\Debug\Design01.a(CyLib.o)
 .debug_aranges
                0x00000730       0x98 .\CortexM3\ARM_GCC_541\Debug\Design01.a(cyPm.o)
 .debug_aranges
                0x000007c8       0x70 .\CortexM3\ARM_GCC_541\Debug\Design01.a(COMP.o)
 .debug_aranges
                0x00000838       0x58 .\CortexM3\ARM_GCC_541\Debug\Design01.a(VDAC.o)
 .debug_aranges
                0x00000890       0x80 .\CortexM3\ARM_GCC_541\Debug\Design01.a(INT_SAMPLE.o)
 .debug_aranges
                0x00000910       0x98 .\CortexM3\ARM_GCC_541\Debug\Design01.a(VID_TIMER.o)
 .debug_aranges
                0x000009a8       0x20 .\CortexM3\ARM_GCC_541\Debug\Design01.a(CyBootAsmGnu.o)
 .debug_aranges
                0x000009c8       0x88 .\CortexM3\ARM_GCC_541\Debug\Design01.a(CyFlash.o)
 .debug_aranges
                0x00000a50       0x80 .\CortexM3\ARM_GCC_541\Debug\Design01.a(CySpc.o)

.debug_pubnames
 *(.debug_pubnames)

.debug_info     0x00000000     0x5917
 *(.debug_info .gnu.linkonce.wi.*)
 .debug_info    0x00000000      0x469 .\CortexM3\ARM_GCC_541\Debug\main.o
 .debug_info    0x00000469      0x615 .\CortexM3\ARM_GCC_541\Debug\cyfitter_cfg.o
 .debug_info    0x00000a7e      0x139 .\CortexM3\ARM_GCC_541\Debug\cymetadata.o
 .debug_info    0x00000bb7      0x3bb .\CortexM3\ARM_GCC_541\Debug\Cm3Start.o
 .debug_info    0x00000f72      0x328 .\CortexM3\ARM_GCC_541\Debug\Design01.a(TIMER.o)
 .debug_info    0x0000129a      0x354 .\CortexM3\ARM_GCC_541\Debug\Design01.a(PWM.o)
 .debug_info    0x000015ee      0x2d2 .\CortexM3\ARM_GCC_541\Debug\Design01.a(HE_ISR.o)
 .debug_info    0x000018c0      0x60c .\CortexM3\ARM_GCC_541\Debug\Design01.a(UART.o)
 .debug_info    0x00001ecc      0x354 .\CortexM3\ARM_GCC_541\Debug\Design01.a(SERVO_PWM.o)
 .debug_info    0x00002220      0x283 .\CortexM3\ARM_GCC_541\Debug\Design01.a(UART_IntClock.o)
 .debug_info    0x000024a3     0x1374 .\CortexM3\ARM_GCC_541\Debug\Design01.a(CyLib.o)
 .debug_info    0x00003817      0xa2a .\CortexM3\ARM_GCC_541\Debug\Design01.a(cyPm.o)
 .debug_info    0x00004241      0x2c8 .\CortexM3\ARM_GCC_541\Debug\Design01.a(COMP.o)
 .debug_info    0x00004509      0x1e0 .\CortexM3\ARM_GCC_541\Debug\Design01.a(VDAC.o)
 .debug_info    0x000046e9      0x2d2 .\CortexM3\ARM_GCC_541\Debug\Design01.a(INT_SAMPLE.o)
 .debug_info    0x000049bb      0x328 .\CortexM3\ARM_GCC_541\Debug\Design01.a(VID_TIMER.o)
 .debug_info    0x00004ce3       0x97 .\CortexM3\ARM_GCC_541\Debug\Design01.a(CyBootAsmGnu.o)
 .debug_info    0x00004d7a      0x64d .\CortexM3\ARM_GCC_541\Debug\Design01.a(CyFlash.o)
 .debug_info    0x000053c7      0x550 .\CortexM3\ARM_GCC_541\Debug\Design01.a(CySpc.o)

.debug_abbrev   0x00000000     0x1996
 *(.debug_abbrev)
 .debug_abbrev  0x00000000      0x109 .\CortexM3\ARM_GCC_541\Debug\main.o
 .debug_abbrev  0x00000109      0x20d .\CortexM3\ARM_GCC_541\Debug\cyfitter_cfg.o
 .debug_abbrev  0x00000316       0x77 .\CortexM3\ARM_GCC_541\Debug\cymetadata.o
 .debug_abbrev  0x0000038d      0x1e8 .\CortexM3\ARM_GCC_541\Debug\Cm3Start.o
 .debug_abbrev  0x00000575      0x13a .\CortexM3\ARM_GCC_541\Debug\Design01.a(TIMER.o)
 .debug_abbrev  0x000006af      0x133 .\CortexM3\ARM_GCC_541\Debug\Design01.a(PWM.o)
 .debug_abbrev  0x000007e2      0x173 .\CortexM3\ARM_GCC_541\Debug\Design01.a(HE_ISR.o)
 .debug_abbrev  0x00000955      0x175 .\CortexM3\ARM_GCC_541\Debug\Design01.a(UART.o)
 .debug_abbrev  0x00000aca      0x133 .\CortexM3\ARM_GCC_541\Debug\Design01.a(SERVO_PWM.o)
 .debug_abbrev  0x00000bfd      0x139 .\CortexM3\ARM_GCC_541\Debug\Design01.a(UART_IntClock.o)
 .debug_abbrev  0x00000d36      0x254 .\CortexM3\ARM_GCC_541\Debug\Design01.a(CyLib.o)
 .debug_abbrev  0x00000f8a      0x1ab .\CortexM3\ARM_GCC_541\Debug\Design01.a(cyPm.o)
 .debug_abbrev  0x00001135      0x16e .\CortexM3\ARM_GCC_541\Debug\Design01.a(COMP.o)
 .debug_abbrev  0x000012a3       0xf7 .\CortexM3\ARM_GCC_541\Debug\Design01.a(VDAC.o)
 .debug_abbrev  0x0000139a      0x173 .\CortexM3\ARM_GCC_541\Debug\Design01.a(INT_SAMPLE.o)
 .debug_abbrev  0x0000150d      0x13a .\CortexM3\ARM_GCC_541\Debug\Design01.a(VID_TIMER.o)
 .debug_abbrev  0x00001647       0x14 .\CortexM3\ARM_GCC_541\Debug\Design01.a(CyBootAsmGnu.o)
 .debug_abbrev  0x0000165b      0x1a7 .\CortexM3\ARM_GCC_541\Debug\Design01.a(CyFlash.o)
 .debug_abbrev  0x00001802      0x194 .\CortexM3\ARM_GCC_541\Debug\Design01.a(CySpc.o)

.debug_line     0x00000000     0x2772
 *(.debug_line)
 .debug_line    0x00000000      0x29e .\CortexM3\ARM_GCC_541\Debug\main.o
 .debug_line    0x0000029e      0x202 .\CortexM3\ARM_GCC_541\Debug\cyfitter_cfg.o
 .debug_line    0x000004a0      0x141 .\CortexM3\ARM_GCC_541\Debug\cymetadata.o
 .debug_line    0x000005e1      0x234 .\CortexM3\ARM_GCC_541\Debug\Cm3Start.o
 .debug_line    0x00000815      0x182 .\CortexM3\ARM_GCC_541\Debug\Design01.a(TIMER.o)
 .debug_line    0x00000997      0x186 .\CortexM3\ARM_GCC_541\Debug\Design01.a(PWM.o)
 .debug_line    0x00000b1d      0x133 .\CortexM3\ARM_GCC_541\Debug\Design01.a(HE_ISR.o)
 .debug_line    0x00000c50      0x2bc .\CortexM3\ARM_GCC_541\Debug\Design01.a(UART.o)
 .debug_line    0x00000f0c      0x18c .\CortexM3\ARM_GCC_541\Debug\Design01.a(SERVO_PWM.o)
 .debug_line    0x00001098      0x17c .\CortexM3\ARM_GCC_541\Debug\Design01.a(UART_IntClock.o)
 .debug_line    0x00001214      0x816 .\CortexM3\ARM_GCC_541\Debug\Design01.a(CyLib.o)
 .debug_line    0x00001a2a      0x367 .\CortexM3\ARM_GCC_541\Debug\Design01.a(cyPm.o)
 .debug_line    0x00001d91      0x163 .\CortexM3\ARM_GCC_541\Debug\Design01.a(COMP.o)
 .debug_line    0x00001ef4       0xe1 .\CortexM3\ARM_GCC_541\Debug\Design01.a(VDAC.o)
 .debug_line    0x00001fd5      0x137 .\CortexM3\ARM_GCC_541\Debug\Design01.a(INT_SAMPLE.o)
 .debug_line    0x0000210c      0x186 .\CortexM3\ARM_GCC_541\Debug\Design01.a(VID_TIMER.o)
 .debug_line    0x00002292       0x66 .\CortexM3\ARM_GCC_541\Debug\Design01.a(CyBootAsmGnu.o)
 .debug_line    0x000022f8      0x21a .\CortexM3\ARM_GCC_541\Debug\Design01.a(CyFlash.o)
 .debug_line    0x00002512      0x260 .\CortexM3\ARM_GCC_541\Debug\Design01.a(CySpc.o)

.debug_frame    0x00000000     0x2240
 *(.debug_frame)
 .debug_frame   0x00000000       0x78 .\CortexM3\ARM_GCC_541\Debug\main.o
 .debug_frame   0x00000078       0xe4 .\CortexM3\ARM_GCC_541\Debug\cyfitter_cfg.o
 .debug_frame   0x0000015c       0xb8 .\CortexM3\ARM_GCC_541\Debug\Cm3Start.o
 .debug_frame   0x00000214      0x134 .\CortexM3\ARM_GCC_541\Debug\Design01.a(TIMER.o)
 .debug_frame   0x00000348      0x134 .\CortexM3\ARM_GCC_541\Debug\Design01.a(PWM.o)
 .debug_frame   0x0000047c      0x104 .\CortexM3\ARM_GCC_541\Debug\Design01.a(HE_ISR.o)
 .debug_frame   0x00000580      0x250 .\CortexM3\ARM_GCC_541\Debug\Design01.a(UART.o)
 .debug_frame   0x000007d0      0x134 .\CortexM3\ARM_GCC_541\Debug\Design01.a(SERVO_PWM.o)
 .debug_frame   0x00000904       0xe0 .\CortexM3\ARM_GCC_541\Debug\Design01.a(UART_IntClock.o)
 .debug_frame   0x000009e4      0x738 .\CortexM3\ARM_GCC_541\Debug\Design01.a(CyLib.o)
 .debug_frame   0x0000111c      0x1f8 .\CortexM3\ARM_GCC_541\Debug\Design01.a(cyPm.o)
 .debug_frame   0x00001314      0x108 .\CortexM3\ARM_GCC_541\Debug\Design01.a(COMP.o)
 .debug_frame   0x0000141c       0xb4 .\CortexM3\ARM_GCC_541\Debug\Design01.a(VDAC.o)
 .debug_frame   0x000014d0      0x104 .\CortexM3\ARM_GCC_541\Debug\Design01.a(INT_SAMPLE.o)
 .debug_frame   0x000015d4      0x134 .\CortexM3\ARM_GCC_541\Debug\Design01.a(VID_TIMER.o)
 .debug_frame   0x00001708      0x194 .\CortexM3\ARM_GCC_541\Debug\Design01.a(CyFlash.o)
 .debug_frame   0x0000189c      0x180 .\CortexM3\ARM_GCC_541\Debug\Design01.a(CySpc.o)
 .debug_frame   0x00001a1c       0x20 c:/program files (x86)/cypress/psoc creator/4.4/psoc creator/import/gnu/arm/5.4.1/bin/../lib/gcc/arm-none-eabi/5.4.1/../../../../arm-none-eabi/lib/armv7-m\libg_nano.a(lib_a-errno.o)
 .debug_frame   0x00001a3c       0x28 c:/program files (x86)/cypress/psoc creator/4.4/psoc creator/import/gnu/arm/5.4.1/bin/../lib/gcc/arm-none-eabi/5.4.1/../../../../arm-none-eabi/lib/armv7-m\libg_nano.a(lib_a-exit.o)
 .debug_frame   0x00001a64       0x2c c:/program files (x86)/cypress/psoc creator/4.4/psoc creator/import/gnu/arm/5.4.1/bin/../lib/gcc/arm-none-eabi/5.4.1/../../../../arm-none-eabi/lib/armv7-m\libg_nano.a(lib_a-init.o)
 .debug_frame   0x00001a90       0x28 c:/program files (x86)/cypress/psoc creator/4.4/psoc creator/import/gnu/arm/5.4.1/bin/../lib/gcc/arm-none-eabi/5.4.1/../../../../arm-none-eabi/lib/armv7-m\libg_nano.a(lib_a-memcpy-stub.o)
 .debug_frame   0x00001ab8       0x20 c:/program files (x86)/cypress/psoc creator/4.4/psoc creator/import/gnu/arm/5.4.1/bin/../lib/gcc/arm-none-eabi/5.4.1/../../../../arm-none-eabi/lib/armv7-m\libg_nano.a(lib_a-memset.o)
 .debug_frame   0x00001ad8       0x8c c:/program files (x86)/cypress/psoc creator/4.4/psoc creator/import/gnu/arm/5.4.1/bin/../lib/gcc/arm-none-eabi/5.4.1/../../../../arm-none-eabi/lib/armv7-m\libg_nano.a(lib_a-nano-vfprintf_float.o)
 .debug_frame   0x00001b64       0x60 c:/program files (x86)/cypress/psoc creator/4.4/psoc creator/import/gnu/arm/5.4.1/bin/../lib/gcc/arm-none-eabi/5.4.1/../../../../arm-none-eabi/lib/armv7-m\libg_nano.a(lib_a-nano-vfprintf_i.o)
 .debug_frame   0x00001bc4       0x70 c:/program files (x86)/cypress/psoc creator/4.4/psoc creator/import/gnu/arm/5.4.1/bin/../lib/gcc/arm-none-eabi/5.4.1/../../../../arm-none-eabi/lib/armv7-m\libg_nano.a(lib_a-sprintf.o)
 .debug_frame   0x00001c34       0x6c c:/program files (x86)/cypress/psoc creator/4.4/psoc creator/import/gnu/arm/5.4.1/bin/../lib/gcc/arm-none-eabi/5.4.1/../../../../arm-none-eabi/lib/armv7-m\libg_nano.a(lib_a-dtoa.o)
 .debug_frame   0x00001ca0       0x98 c:/program files (x86)/cypress/psoc creator/4.4/psoc creator/import/gnu/arm/5.4.1/bin/../lib/gcc/arm-none-eabi/5.4.1/../../../../arm-none-eabi/lib/armv7-m\libg_nano.a(lib_a-locale.o)
 .debug_frame   0x00001d38       0x30 c:/program files (x86)/cypress/psoc creator/4.4/psoc creator/import/gnu/arm/5.4.1/bin/../lib/gcc/arm-none-eabi/5.4.1/../../../../arm-none-eabi/lib/armv7-m\libg_nano.a(lib_a-malloc.o)
 .debug_frame   0x00001d68       0x28 c:/program files (x86)/cypress/psoc creator/4.4/psoc creator/import/gnu/arm/5.4.1/bin/../lib/gcc/arm-none-eabi/5.4.1/../../../../arm-none-eabi/lib/armv7-m\libg_nano.a(lib_a-memchr-stub.o)
 .debug_frame   0x00001d90      0x234 c:/program files (x86)/cypress/psoc creator/4.4/psoc creator/import/gnu/arm/5.4.1/bin/../lib/gcc/arm-none-eabi/5.4.1/../../../../arm-none-eabi/lib/armv7-m\libg_nano.a(lib_a-mprec.o)
 .debug_frame   0x00001fc4       0x2c c:/program files (x86)/cypress/psoc creator/4.4/psoc creator/import/gnu/arm/5.4.1/bin/../lib/gcc/arm-none-eabi/5.4.1/../../../../arm-none-eabi/lib/armv7-m\libg_nano.a(lib_a-nano-callocr.o)
 .debug_frame   0x00001ff0       0x38 c:/program files (x86)/cypress/psoc creator/4.4/psoc creator/import/gnu/arm/5.4.1/bin/../lib/gcc/arm-none-eabi/5.4.1/../../../../arm-none-eabi/lib/armv7-m\libg_nano.a(lib_a-nano-freer.o)
 .debug_frame   0x00002028       0x2c c:/program files (x86)/cypress/psoc creator/4.4/psoc creator/import/gnu/arm/5.4.1/bin/../lib/gcc/arm-none-eabi/5.4.1/../../../../arm-none-eabi/lib/armv7-m\libg_nano.a(lib_a-nano-mallocr.o)
 .debug_frame   0x00002054       0x90 c:/program files (x86)/cypress/psoc creator/4.4/psoc creator/import/gnu/arm/5.4.1/bin/../lib/gcc/arm-none-eabi/5.4.1/../../../../arm-none-eabi/lib/armv7-m\libg_nano.a(lib_a-nano-svfprintf.o)
 .debug_frame   0x000020e4       0x2c c:/program files (x86)/cypress/psoc creator/4.4/psoc creator/import/gnu/arm/5.4.1/bin/../lib/gcc/arm-none-eabi/5.4.1/../../../../arm-none-eabi/lib/armv7-m\libg_nano.a(lib_a-sbrkr.o)
 .debug_frame   0x00002110       0x20 c:/program files (x86)/cypress/psoc creator/4.4/psoc creator/import/gnu/arm/5.4.1/bin/../lib/gcc/arm-none-eabi/5.4.1/../../../../arm-none-eabi/lib/armv7-m\libg_nano.a(lib_a-strcmp.o)
 .debug_frame   0x00002130       0x28 c:/program files (x86)/cypress/psoc creator/4.4/psoc creator/import/gnu/arm/5.4.1/bin/../lib/gcc/arm-none-eabi/5.4.1/../../../../arm-none-eabi/lib/armv7-m\libg_nano.a(lib_a-memmove.o)
 .debug_frame   0x00002158       0x30 c:/program files (x86)/cypress/psoc creator/4.4/psoc creator/import/gnu/arm/5.4.1/bin/../lib/gcc/arm-none-eabi/5.4.1/../../../../arm-none-eabi/lib/armv7-m\libg_nano.a(lib_a-mlock.o)
 .debug_frame   0x00002188       0x3c c:/program files (x86)/cypress/psoc creator/4.4/psoc creator/import/gnu/arm/5.4.1/bin/../lib/gcc/arm-none-eabi/5.4.1/../../../../arm-none-eabi/lib/armv7-m\libg_nano.a(lib_a-nano-reallocr.o)
 .debug_frame   0x000021c4       0x5c c:/program files (x86)/cypress/psoc creator/4.4/psoc creator/import/gnu/arm/5.4.1/bin/../lib/gcc/arm-none-eabi/5.4.1/../../../../arm-none-eabi/lib/armv7-m\libg_nano.a(lib_a-reent.o)
 .debug_frame   0x00002220       0x20 c:/program files (x86)/cypress/psoc creator/4.4/psoc creator/import/gnu/arm/5.4.1/bin/../lib/gcc/arm-none-eabi/5.4.1/../../../../arm-none-eabi/lib/armv7-m\libg_nano.a(lib_a-nano-msizer.o)

.debug_str      0x00000000     0x1f91
 *(.debug_str)
 .debug_str     0x00000000      0x2eb .\CortexM3\ARM_GCC_541\Debug\main.o
                                0x395 (size before relaxing)
 .debug_str     0x000002eb      0x1bb .\CortexM3\ARM_GCC_541\Debug\cyfitter_cfg.o
                                0x351 (size before relaxing)
 .debug_str     0x000004a6       0x7f .\CortexM3\ARM_GCC_541\Debug\cymetadata.o
                                0x1eb (size before relaxing)
 .debug_str     0x00000525      0x13e .\CortexM3\ARM_GCC_541\Debug\Cm3Start.o
                                0x311 (size before relaxing)
 .debug_str     0x00000663       0x80 .\CortexM3\ARM_GCC_541\Debug\Design01.a(TIMER.o)
                                0x369 (size before relaxing)
 .debug_str     0x000006e3       0x31 .\CortexM3\ARM_GCC_541\Debug\Design01.a(PWM.o)
                                0x33f (size before relaxing)
 .debug_str     0x00000714       0xee .\CortexM3\ARM_GCC_541\Debug\Design01.a(HE_ISR.o)
                                0x2bb (size before relaxing)
 .debug_str     0x00000802      0x285 .\CortexM3\ARM_GCC_541\Debug\Design01.a(UART.o)
                                0x47c (size before relaxing)
 .debug_str     0x00000a87      0x18a .\CortexM3\ARM_GCC_541\Debug\Design01.a(SERVO_PWM.o)
                                0x3b1 (size before relaxing)
 .debug_str     0x00000c11      0x189 .\CortexM3\ARM_GCC_541\Debug\Design01.a(UART_IntClock.o)
                                0x33d (size before relaxing)
 .debug_str     0x00000d9a      0x7fa .\CortexM3\ARM_GCC_541\Debug\Design01.a(CyLib.o)
                                0xa4e (size before relaxing)
 .debug_str     0x00001594      0x365 .\CortexM3\ARM_GCC_541\Debug\Design01.a(cyPm.o)
                                0x73a (size before relaxing)
 .debug_str     0x000018f9      0x10f .\CortexM3\ARM_GCC_541\Debug\Design01.a(COMP.o)
                                0x2c5 (size before relaxing)
 .debug_str     0x00001a08       0x88 .\CortexM3\ARM_GCC_541\Debug\Design01.a(VDAC.o)
                                0x21c (size before relaxing)
 .debug_str     0x00001a90      0x106 .\CortexM3\ARM_GCC_541\Debug\Design01.a(INT_SAMPLE.o)
                                0x2f3 (size before relaxing)
 .debug_str     0x00001b96      0x194 .\CortexM3\ARM_GCC_541\Debug\Design01.a(VID_TIMER.o)
                                0x3b5 (size before relaxing)
 .debug_str     0x00001d2a      0x1bb .\CortexM3\ARM_GCC_541\Debug\Design01.a(CyFlash.o)
                                0x3c7 (size before relaxing)
 .debug_str     0x00001ee5       0xac .\CortexM3\ARM_GCC_541\Debug\Design01.a(CySpc.o)
                                0x33f (size before relaxing)

.debug_loc      0x00000000     0x208a
 *(.debug_loc)
 .debug_loc     0x00000000      0x25a .\CortexM3\ARM_GCC_541\Debug\cyfitter_cfg.o
 .debug_loc     0x0000025a      0x144 .\CortexM3\ARM_GCC_541\Debug\Cm3Start.o
 .debug_loc     0x0000039e       0x31 .\CortexM3\ARM_GCC_541\Debug\Design01.a(TIMER.o)
 .debug_loc     0x000003cf       0x26 .\CortexM3\ARM_GCC_541\Debug\Design01.a(PWM.o)
 .debug_loc     0x000003f5       0x56 .\CortexM3\ARM_GCC_541\Debug\Design01.a(HE_ISR.o)
 .debug_loc     0x0000044b      0x258 .\CortexM3\ARM_GCC_541\Debug\Design01.a(UART.o)
 .debug_loc     0x000006a3       0x26 .\CortexM3\ARM_GCC_541\Debug\Design01.a(SERVO_PWM.o)
 .debug_loc     0x000006c9      0x128 .\CortexM3\ARM_GCC_541\Debug\Design01.a(UART_IntClock.o)
 .debug_loc     0x000007f1      0xa11 .\CortexM3\ARM_GCC_541\Debug\Design01.a(CyLib.o)
 .debug_loc     0x00001202      0x1e4 .\CortexM3\ARM_GCC_541\Debug\Design01.a(cyPm.o)
 .debug_loc     0x000013e6       0xed .\CortexM3\ARM_GCC_541\Debug\Design01.a(COMP.o)
 .debug_loc     0x000014d3       0x79 .\CortexM3\ARM_GCC_541\Debug\Design01.a(VDAC.o)
 .debug_loc     0x0000154c       0x56 .\CortexM3\ARM_GCC_541\Debug\Design01.a(INT_SAMPLE.o)
 .debug_loc     0x000015a2       0x31 .\CortexM3\ARM_GCC_541\Debug\Design01.a(VID_TIMER.o)
 .debug_loc     0x000015d3      0x3b2 .\CortexM3\ARM_GCC_541\Debug\Design01.a(CyFlash.o)
 .debug_loc     0x00001985      0x705 .\CortexM3\ARM_GCC_541\Debug\Design01.a(CySpc.o)

.debug_macinfo
 *(.debug_macinfo)

.debug_ranges   0x00000000      0x988
 *(.debug_ranges)
 .debug_ranges  0x00000000       0x20 .\CortexM3\ARM_GCC_541\Debug\main.o
 .debug_ranges  0x00000020       0x48 .\CortexM3\ARM_GCC_541\Debug\cyfitter_cfg.o
 .debug_ranges  0x00000068       0x38 .\CortexM3\ARM_GCC_541\Debug\Cm3Start.o
 .debug_ranges  0x000000a0       0x88 .\CortexM3\ARM_GCC_541\Debug\Design01.a(TIMER.o)
 .debug_ranges  0x00000128       0x88 .\CortexM3\ARM_GCC_541\Debug\Design01.a(PWM.o)
 .debug_ranges  0x000001b0       0x70 .\CortexM3\ARM_GCC_541\Debug\Design01.a(HE_ISR.o)
 .debug_ranges  0x00000220       0xe0 .\CortexM3\ARM_GCC_541\Debug\Design01.a(UART.o)
 .debug_ranges  0x00000300       0x88 .\CortexM3\ARM_GCC_541\Debug\Design01.a(SERVO_PWM.o)
 .debug_ranges  0x00000388       0x60 .\CortexM3\ARM_GCC_541\Debug\Design01.a(UART_IntClock.o)
 .debug_ranges  0x000003e8      0x290 .\CortexM3\ARM_GCC_541\Debug\Design01.a(CyLib.o)
 .debug_ranges  0x00000678       0x88 .\CortexM3\ARM_GCC_541\Debug\Design01.a(cyPm.o)
 .debug_ranges  0x00000700       0x60 .\CortexM3\ARM_GCC_541\Debug\Design01.a(COMP.o)
 .debug_ranges  0x00000760       0x48 .\CortexM3\ARM_GCC_541\Debug\Design01.a(VDAC.o)
 .debug_ranges  0x000007a8       0x70 .\CortexM3\ARM_GCC_541\Debug\Design01.a(INT_SAMPLE.o)
 .debug_ranges  0x00000818       0x88 .\CortexM3\ARM_GCC_541\Debug\Design01.a(VID_TIMER.o)
 .debug_ranges  0x000008a0       0x78 .\CortexM3\ARM_GCC_541\Debug\Design01.a(CyFlash.o)
 .debug_ranges  0x00000918       0x70 .\CortexM3\ARM_GCC_541\Debug\Design01.a(CySpc.o)

.comment        0x00000000       0x6e
 .comment       0x00000000       0x6e .\CortexM3\ARM_GCC_541\Debug\main.o
                                 0x6f (size before relaxing)
 .comment       0x0000006e       0x6f .\CortexM3\ARM_GCC_541\Debug\cyfitter_cfg.o
 .comment       0x0000006e       0x6f .\CortexM3\ARM_GCC_541\Debug\cymetadata.o
 .comment       0x0000006e       0x6f .\CortexM3\ARM_GCC_541\Debug\Cm3Start.o
 .comment       0x0000006e       0x6f .\CortexM3\ARM_GCC_541\Debug\Design01.a(TIMER.o)
 .comment       0x0000006e       0x6f .\CortexM3\ARM_GCC_541\Debug\Design01.a(PWM.o)
 .comment       0x0000006e       0x6f .\CortexM3\ARM_GCC_541\Debug\Design01.a(HE_ISR.o)
 .comment       0x0000006e       0x6f .\CortexM3\ARM_GCC_541\Debug\Design01.a(UART.o)
 .comment       0x0000006e       0x6f .\CortexM3\ARM_GCC_541\Debug\Design01.a(SERVO_PWM.o)
 .comment       0x0000006e       0x6f .\CortexM3\ARM_GCC_541\Debug\Design01.a(UART_IntClock.o)
 .comment       0x0000006e       0x6f .\CortexM3\ARM_GCC_541\Debug\Design01.a(CyLib.o)
 .comment       0x0000006e       0x6f .\CortexM3\ARM_GCC_541\Debug\Design01.a(cyPm.o)
 .comment       0x0000006e       0x6f .\CortexM3\ARM_GCC_541\Debug\Design01.a(COMP.o)
 .comment       0x0000006e       0x6f .\CortexM3\ARM_GCC_541\Debug\Design01.a(VDAC.o)
 .comment       0x0000006e       0x6f .\CortexM3\ARM_GCC_541\Debug\Design01.a(INT_SAMPLE.o)
 .comment       0x0000006e       0x6f .\CortexM3\ARM_GCC_541\Debug\Design01.a(VID_TIMER.o)
 .comment       0x0000006e       0x6f .\CortexM3\ARM_GCC_541\Debug\Design01.a(CyFlash.o)
 .comment       0x0000006e       0x6f .\CortexM3\ARM_GCC_541\Debug\Design01.a(CySpc.o)

.debug_weaknames
 *(.debug_weaknames)

.debug_funcnames
 *(.debug_funcnames)

.debug_typenames
 *(.debug_typenames)

.debug_varnames
 *(.debug_varnames)

.note.gnu.arm.ident
 *(.note.gnu.arm.ident)

.ARM.attributes
                0x00000000       0x29
 *(.ARM.attributes)
 .ARM.attributes
                0x00000000       0x1d c:/program files (x86)/cypress/psoc creator/4.4/psoc creator/import/gnu/arm/5.4.1/bin/../lib/gcc/arm-none-eabi/5.4.1/armv7-m/crti.o
 .ARM.attributes
                0x0000001d       0x2d c:/program files (x86)/cypress/psoc creator/4.4/psoc creator/import/gnu/arm/5.4.1/bin/../lib/gcc/arm-none-eabi/5.4.1/armv7-m/crtbegin.o
 .ARM.attributes
                0x0000004a       0x1b c:/program files (x86)/cypress/psoc creator/4.4/psoc creator/import/gnu/arm/5.4.1/bin/../lib/gcc/arm-none-eabi/5.4.1/../../../../arm-none-eabi/lib/armv7-m/crt0.o
 .ARM.attributes
                0x00000065       0x33 .\CortexM3\ARM_GCC_541\Debug\main.o
 .ARM.attributes
                0x00000098       0x33 .\CortexM3\ARM_GCC_541\Debug\cyfitter_cfg.o
 .ARM.attributes
                0x000000cb       0x33 .\CortexM3\ARM_GCC_541\Debug\cymetadata.o
 .ARM.attributes
                0x000000fe       0x33 .\CortexM3\ARM_GCC_541\Debug\Cm3Start.o
 .ARM.attributes
                0x00000131       0x33 .\CortexM3\ARM_GCC_541\Debug\Design01.a(TIMER.o)
 .ARM.attributes
                0x00000164       0x33 .\CortexM3\ARM_GCC_541\Debug\Design01.a(PWM.o)
 .ARM.attributes
                0x00000197       0x33 .\CortexM3\ARM_GCC_541\Debug\Design01.a(HE_ISR.o)
 .ARM.attributes
                0x000001ca       0x33 .\CortexM3\ARM_GCC_541\Debug\Design01.a(UART.o)
 .ARM.attributes
                0x000001fd       0x33 .\CortexM3\ARM_GCC_541\Debug\Design01.a(SERVO_PWM.o)
 .ARM.attributes
                0x00000230       0x33 .\CortexM3\ARM_GCC_541\Debug\Design01.a(UART_IntClock.o)
 .ARM.attributes
                0x00000263       0x33 .\CortexM3\ARM_GCC_541\Debug\Design01.a(CyLib.o)
 .ARM.attributes
                0x00000296       0x33 .\CortexM3\ARM_GCC_541\Debug\Design01.a(cyPm.o)
 .ARM.attributes
                0x000002c9       0x33 .\CortexM3\ARM_GCC_541\Debug\Design01.a(COMP.o)
 .ARM.attributes
                0x000002fc       0x33 .\CortexM3\ARM_GCC_541\Debug\Design01.a(VDAC.o)
 .ARM.attributes
                0x0000032f       0x33 .\CortexM3\ARM_GCC_541\Debug\Design01.a(INT_SAMPLE.o)
 .ARM.attributes
                0x00000362       0x33 .\CortexM3\ARM_GCC_541\Debug\Design01.a(VID_TIMER.o)
 .ARM.attributes
                0x00000395       0x21 .\CortexM3\ARM_GCC_541\Debug\Design01.a(CyBootAsmGnu.o)
 .ARM.attributes
                0x000003b6       0x33 .\CortexM3\ARM_GCC_541\Debug\Design01.a(CyFlash.o)
 .ARM.attributes
                0x000003e9       0x33 .\CortexM3\ARM_GCC_541\Debug\Design01.a(CySpc.o)
 .ARM.attributes
                0x0000041c       0x1d c:/program files (x86)/cypress/psoc creator/4.4/psoc creator/import/gnu/arm/5.4.1/bin/../lib/gcc/arm-none-eabi/5.4.1/armv7-m\libgcc.a(_arm_addsubdf3.o)
 .ARM.attributes
                0x00000439       0x1d c:/program files (x86)/cypress/psoc creator/4.4/psoc creator/import/gnu/arm/5.4.1/bin/../lib/gcc/arm-none-eabi/5.4.1/armv7-m\libgcc.a(_arm_muldivdf3.o)
 .ARM.attributes
                0x00000456       0x1d c:/program files (x86)/cypress/psoc creator/4.4/psoc creator/import/gnu/arm/5.4.1/bin/../lib/gcc/arm-none-eabi/5.4.1/armv7-m\libgcc.a(_arm_cmpdf2.o)
 .ARM.attributes
                0x00000473       0x1d c:/program files (x86)/cypress/psoc creator/4.4/psoc creator/import/gnu/arm/5.4.1/bin/../lib/gcc/arm-none-eabi/5.4.1/armv7-m\libgcc.a(_arm_fixdfsi.o)
 .ARM.attributes
                0x00000490       0x1d c:/program files (x86)/cypress/psoc creator/4.4/psoc creator/import/gnu/arm/5.4.1/bin/../lib/gcc/arm-none-eabi/5.4.1/armv7-m\libgcc.a(_arm_fixunsdfsi.o)
 .ARM.attributes
                0x000004ad       0x2d c:/program files (x86)/cypress/psoc creator/4.4/psoc creator/import/gnu/arm/5.4.1/bin/../lib/gcc/arm-none-eabi/5.4.1/../../../../arm-none-eabi/lib/armv7-m\libg_nano.a(lib_a-errno.o)
 .ARM.attributes
                0x000004da       0x2d c:/program files (x86)/cypress/psoc creator/4.4/psoc creator/import/gnu/arm/5.4.1/bin/../lib/gcc/arm-none-eabi/5.4.1/../../../../arm-none-eabi/lib/armv7-m\libg_nano.a(lib_a-exit.o)
 .ARM.attributes
                0x00000507       0x2d c:/program files (x86)/cypress/psoc creator/4.4/psoc creator/import/gnu/arm/5.4.1/bin/../lib/gcc/arm-none-eabi/5.4.1/../../../../arm-none-eabi/lib/armv7-m\libg_nano.a(lib_a-impure.o)
 .ARM.attributes
                0x00000534       0x2d c:/program files (x86)/cypress/psoc creator/4.4/psoc creator/import/gnu/arm/5.4.1/bin/../lib/gcc/arm-none-eabi/5.4.1/../../../../arm-none-eabi/lib/armv7-m\libg_nano.a(lib_a-init.o)
 .ARM.attributes
                0x00000561       0x2d c:/program files (x86)/cypress/psoc creator/4.4/psoc creator/import/gnu/arm/5.4.1/bin/../lib/gcc/arm-none-eabi/5.4.1/../../../../arm-none-eabi/lib/armv7-m\libg_nano.a(lib_a-memcpy-stub.o)
 .ARM.attributes
                0x0000058e       0x2d c:/program files (x86)/cypress/psoc creator/4.4/psoc creator/import/gnu/arm/5.4.1/bin/../lib/gcc/arm-none-eabi/5.4.1/../../../../arm-none-eabi/lib/armv7-m\libg_nano.a(lib_a-memset.o)
 .ARM.attributes
                0x000005bb       0x2d c:/program files (x86)/cypress/psoc creator/4.4/psoc creator/import/gnu/arm/5.4.1/bin/../lib/gcc/arm-none-eabi/5.4.1/../../../../arm-none-eabi/lib/armv7-m\libg_nano.a(lib_a-nano-vfprintf_float.o)
 .ARM.attributes
                0x000005e8       0x2d c:/program files (x86)/cypress/psoc creator/4.4/psoc creator/import/gnu/arm/5.4.1/bin/../lib/gcc/arm-none-eabi/5.4.1/../../../../arm-none-eabi/lib/armv7-m\libg_nano.a(lib_a-nano-vfprintf_i.o)
 .ARM.attributes
                0x00000615       0x2d c:/program files (x86)/cypress/psoc creator/4.4/psoc creator/import/gnu/arm/5.4.1/bin/../lib/gcc/arm-none-eabi/5.4.1/../../../../arm-none-eabi/lib/armv7-m\libg_nano.a(lib_a-sprintf.o)
 .ARM.attributes
                0x00000642       0x17 c:/program files (x86)/cypress/psoc creator/4.4/psoc creator/import/gnu/arm/5.4.1/bin/../lib/gcc/arm-none-eabi/5.4.1/../../../../arm-none-eabi/lib/armv7-m\libg_nano.a(lib_a-strlen.o)
 .ARM.attributes
                0x00000659       0x2d c:/program files (x86)/cypress/psoc creator/4.4/psoc creator/import/gnu/arm/5.4.1/bin/../lib/gcc/arm-none-eabi/5.4.1/../../../../arm-none-eabi/lib/armv7-m\libg_nano.a(lib_a-dtoa.o)
 .ARM.attributes
                0x00000686       0x2d c:/program files (x86)/cypress/psoc creator/4.4/psoc creator/import/gnu/arm/5.4.1/bin/../lib/gcc/arm-none-eabi/5.4.1/../../../../arm-none-eabi/lib/armv7-m\libg_nano.a(lib_a-locale.o)
 .ARM.attributes
                0x000006b3       0x2d c:/program files (x86)/cypress/psoc creator/4.4/psoc creator/import/gnu/arm/5.4.1/bin/../lib/gcc/arm-none-eabi/5.4.1/../../../../arm-none-eabi/lib/armv7-m\libg_nano.a(lib_a-malloc.o)
 .ARM.attributes
                0x000006e0       0x2d c:/program files (x86)/cypress/psoc creator/4.4/psoc creator/import/gnu/arm/5.4.1/bin/../lib/gcc/arm-none-eabi/5.4.1/../../../../arm-none-eabi/lib/armv7-m\libg_nano.a(lib_a-memchr-stub.o)
 .ARM.attributes
                0x0000070d       0x2d c:/program files (x86)/cypress/psoc creator/4.4/psoc creator/import/gnu/arm/5.4.1/bin/../lib/gcc/arm-none-eabi/5.4.1/../../../../arm-none-eabi/lib/armv7-m\libg_nano.a(lib_a-mprec.o)
 .ARM.attributes
                0x0000073a       0x2d c:/program files (x86)/cypress/psoc creator/4.4/psoc creator/import/gnu/arm/5.4.1/bin/../lib/gcc/arm-none-eabi/5.4.1/../../../../arm-none-eabi/lib/armv7-m\libg_nano.a(lib_a-nano-callocr.o)
 .ARM.attributes
                0x00000767       0x2d c:/program files (x86)/cypress/psoc creator/4.4/psoc creator/import/gnu/arm/5.4.1/bin/../lib/gcc/arm-none-eabi/5.4.1/../../../../arm-none-eabi/lib/armv7-m\libg_nano.a(lib_a-nano-freer.o)
 .ARM.attributes
                0x00000794       0x2d c:/program files (x86)/cypress/psoc creator/4.4/psoc creator/import/gnu/arm/5.4.1/bin/../lib/gcc/arm-none-eabi/5.4.1/../../../../arm-none-eabi/lib/armv7-m\libg_nano.a(lib_a-nano-mallocr.o)
 .ARM.attributes
                0x000007c1       0x2d c:/program files (x86)/cypress/psoc creator/4.4/psoc creator/import/gnu/arm/5.4.1/bin/../lib/gcc/arm-none-eabi/5.4.1/../../../../arm-none-eabi/lib/armv7-m\libg_nano.a(lib_a-nano-svfprintf.o)
 .ARM.attributes
                0x000007ee       0x2d c:/program files (x86)/cypress/psoc creator/4.4/psoc creator/import/gnu/arm/5.4.1/bin/../lib/gcc/arm-none-eabi/5.4.1/../../../../arm-none-eabi/lib/armv7-m\libg_nano.a(lib_a-sbrkr.o)
 .ARM.attributes
                0x0000081b       0x1b c:/program files (x86)/cypress/psoc creator/4.4/psoc creator/import/gnu/arm/5.4.1/bin/../lib/gcc/arm-none-eabi/5.4.1/../../../../arm-none-eabi/lib/armv7-m\libg_nano.a(lib_a-strcmp.o)
 .ARM.attributes
                0x00000836       0x2d c:/program files (x86)/cypress/psoc creator/4.4/psoc creator/import/gnu/arm/5.4.1/bin/../lib/gcc/arm-none-eabi/5.4.1/../../../../arm-none-eabi/lib/armv7-m\libg_nano.a(lib_a-memmove.o)
 .ARM.attributes
                0x00000863       0x2d c:/program files (x86)/cypress/psoc creator/4.4/psoc creator/import/gnu/arm/5.4.1/bin/../lib/gcc/arm-none-eabi/5.4.1/../../../../arm-none-eabi/lib/armv7-m\libg_nano.a(lib_a-mlock.o)
 .ARM.attributes
                0x00000890       0x2d c:/program files (x86)/cypress/psoc creator/4.4/psoc creator/import/gnu/arm/5.4.1/bin/../lib/gcc/arm-none-eabi/5.4.1/../../../../arm-none-eabi/lib/armv7-m\libg_nano.a(lib_a-nano-reallocr.o)
 .ARM.attributes
                0x000008bd       0x2d c:/program files (x86)/cypress/psoc creator/4.4/psoc creator/import/gnu/arm/5.4.1/bin/../lib/gcc/arm-none-eabi/5.4.1/../../../../arm-none-eabi/lib/armv7-m\libg_nano.a(lib_a-reent.o)
 .ARM.attributes
                0x000008ea       0x2d c:/program files (x86)/cypress/psoc creator/4.4/psoc creator/import/gnu/arm/5.4.1/bin/../lib/gcc/arm-none-eabi/5.4.1/../../../../arm-none-eabi/lib/armv7-m\libg_nano.a(lib_a-nano-msizer.o)
 .ARM.attributes
                0x00000917       0x1d c:/program files (x86)/cypress/psoc creator/4.4/psoc creator/import/gnu/arm/5.4.1/bin/../lib/gcc/arm-none-eabi/5.4.1/armv7-m\libgcc.a(_arm_unorddf2.o)
 .ARM.attributes
                0x00000934       0x2d c:/program files (x86)/cypress/psoc creator/4.4/psoc creator/import/gnu/arm/5.4.1/bin/../lib/gcc/arm-none-eabi/5.4.1/armv7-m/crtend.o
 .ARM.attributes
                0x00000961       0x1d c:/program files (x86)/cypress/psoc creator/4.4/psoc creator/import/gnu/arm/5.4.1/bin/../lib/gcc/arm-none-eabi/5.4.1/armv7-m/crtn.o

/DISCARD/
 *(.note.GNU-stack)
OUTPUT(C:\Users\danie\Downloads\ECE302_NavCode\ECE302_NavProject\Design01.cydsn\CortexM3\ARM_GCC_541\Debug\Design01.elf elf32-littlearm)
